Archive member included because of file (symbol)

../ex1_bsp/\libhal_bsp.a(alt_load.o)
                              ../ex1_bsp//obj/HAL/src/crt0.o (alt_load)
../ex1_bsp/\libhal_bsp.a(alt_main.o)
                              ../ex1_bsp//obj/HAL/src/crt0.o (alt_main)
../ex1_bsp/\libhal_bsp.a(alt_sys_init.o)
                              ../ex1_bsp/\libhal_bsp.a(alt_main.o) (alt_irq_init)
../ex1_bsp/\libhal_bsp.a(altera_avalon_jtag_uart_fd.o)
                              ../ex1_bsp/\libhal_bsp.a(alt_sys_init.o) (altera_avalon_jtag_uart_read_fd)
../ex1_bsp/\libhal_bsp.a(altera_avalon_jtag_uart_init.o)
                              ../ex1_bsp/\libhal_bsp.a(alt_sys_init.o) (altera_avalon_jtag_uart_init)
../ex1_bsp/\libhal_bsp.a(altera_avalon_jtag_uart_ioctl.o)
                              ../ex1_bsp/\libhal_bsp.a(altera_avalon_jtag_uart_fd.o) (altera_avalon_jtag_uart_ioctl)
../ex1_bsp/\libhal_bsp.a(altera_avalon_jtag_uart_read.o)
                              ../ex1_bsp/\libhal_bsp.a(altera_avalon_jtag_uart_fd.o) (altera_avalon_jtag_uart_read)
../ex1_bsp/\libhal_bsp.a(altera_avalon_jtag_uart_write.o)
                              ../ex1_bsp/\libhal_bsp.a(altera_avalon_jtag_uart_fd.o) (altera_avalon_jtag_uart_write)
../ex1_bsp/\libhal_bsp.a(altera_avalon_timer_sc.o)
                              ../ex1_bsp/\libhal_bsp.a(alt_sys_init.o) (alt_avalon_timer_sc_init)
../ex1_bsp/\libhal_bsp.a(alt_alarm_start.o)
                              ../ex1_bsp/\libhal_bsp.a(altera_avalon_jtag_uart_init.o) (alt_alarm_start)
../ex1_bsp/\libhal_bsp.a(alt_close.o)
                              ../ex1_bsp/\libhal_bsp.a(alt_main.o) (close)
../ex1_bsp/\libhal_bsp.a(alt_dcache_flush_all.o)
                              ../ex1_bsp/\libhal_bsp.a(alt_load.o) (alt_dcache_flush_all)
../ex1_bsp/\libhal_bsp.a(alt_dev.o)
                              ../ex1_bsp/\libhal_bsp.a(alt_sys_init.o) (alt_dev_list)
../ex1_bsp/\libhal_bsp.a(alt_dev_llist_insert.o)
                              ../ex1_bsp/\libhal_bsp.a(alt_sys_init.o) (alt_dev_llist_insert)
../ex1_bsp/\libhal_bsp.a(alt_do_ctors.o)
                              ../ex1_bsp/\libhal_bsp.a(alt_main.o) (_do_ctors)
../ex1_bsp/\libhal_bsp.a(alt_do_dtors.o)
                              ../ex1_bsp/\libhal_bsp.a(alt_main.o) (_do_dtors)
../ex1_bsp/\libhal_bsp.a(alt_errno.o)
                              ../ex1_bsp/\libhal_bsp.a(alt_close.o) (alt_errno)
../ex1_bsp/\libhal_bsp.a(alt_icache_flush_all.o)
                              ../ex1_bsp/\libhal_bsp.a(alt_load.o) (alt_icache_flush_all)
../ex1_bsp/\libhal_bsp.a(alt_iic.o)
                              ../ex1_bsp/\libhal_bsp.a(altera_avalon_jtag_uart_init.o) (alt_ic_isr_register)
../ex1_bsp/\libhal_bsp.a(alt_iic_isr_register.o)
                              ../ex1_bsp/\libhal_bsp.a(alt_iic.o) (alt_iic_isr_register)
../ex1_bsp/\libhal_bsp.a(alt_io_redirect.o)
                              ../ex1_bsp/\libhal_bsp.a(alt_main.o) (alt_io_redirect)
../ex1_bsp/\libhal_bsp.a(alt_irq_entry.o)
                              ../ex1_bsp/\libhal_bsp.a(alt_iic_isr_register.o) (alt_irq_entry)
../ex1_bsp/\libhal_bsp.a(alt_irq_handler.o)
                              ../ex1_bsp/\libhal_bsp.a(alt_iic_isr_register.o) (alt_irq_handler)
../ex1_bsp/\libhal_bsp.a(alt_irq_vars.o)
                              ../ex1_bsp/\libhal_bsp.a(alt_iic.o) (alt_irq_active)
../ex1_bsp/\libhal_bsp.a(alt_open.o)
                              ../ex1_bsp/\libhal_bsp.a(alt_io_redirect.o) (open)
../ex1_bsp/\libhal_bsp.a(alt_release_fd.o)
                              ../ex1_bsp/\libhal_bsp.a(alt_close.o) (alt_release_fd)
../ex1_bsp/\libhal_bsp.a(alt_tick.o)
                              ../ex1_bsp/\libhal_bsp.a(altera_avalon_jtag_uart_init.o) (_alt_tick_rate)
../ex1_bsp/\libhal_bsp.a(altera_nios2_qsys_irq.o)
                              ../ex1_bsp/\libhal_bsp.a(alt_sys_init.o) (altera_nios2_qsys_irq_init)
../ex1_bsp/\libhal_bsp.a(alt_exception_entry.o)
                              ../ex1_bsp/\libhal_bsp.a(alt_irq_entry.o) (alt_exception)
../ex1_bsp/\libhal_bsp.a(alt_find_dev.o)
                              ../ex1_bsp/\libhal_bsp.a(alt_open.o) (alt_find_dev)
../ex1_bsp/\libhal_bsp.a(alt_find_file.o)
                              ../ex1_bsp/\libhal_bsp.a(alt_open.o) (alt_find_file)
../ex1_bsp/\libhal_bsp.a(alt_get_fd.o)
                              ../ex1_bsp/\libhal_bsp.a(alt_open.o) (alt_get_fd)
../ex1_bsp/\libhal_bsp.a(alt_icache_flush.o)
                              ../ex1_bsp/\libhal_bsp.a(alt_icache_flush_all.o) (alt_icache_flush)
c:/altera/12.1sp1/nios2eds/bin/gnu/h-i686-mingw32/bin/../lib/gcc/nios2-elf/4.1.2/../../../../nios2-elf/lib\libc.a(lib_a-atexit.o)
                              ../ex1_bsp/\libhal_bsp.a(alt_main.o) (atexit)
c:/altera/12.1sp1/nios2eds/bin/gnu/h-i686-mingw32/bin/../lib/gcc/nios2-elf/4.1.2/../../../../nios2-elf/lib\libc.a(lib_a-exit.o)
                              ../ex1_bsp/\libhal_bsp.a(alt_main.o) (exit)
c:/altera/12.1sp1/nios2eds/bin/gnu/h-i686-mingw32/bin/../lib/gcc/nios2-elf/4.1.2/../../../../nios2-elf/lib\libc.a(lib_a-impure.o)
                              c:/altera/12.1sp1/nios2eds/bin/gnu/h-i686-mingw32/bin/../lib/gcc/nios2-elf/4.1.2/../../../../nios2-elf/lib\libc.a(lib_a-exit.o) (_global_impure_ptr)
c:/altera/12.1sp1/nios2eds/bin/gnu/h-i686-mingw32/bin/../lib/gcc/nios2-elf/4.1.2/../../../../nios2-elf/lib\libc.a(lib_a-int_errno.o)
                              ../ex1_bsp/\libhal_bsp.a(alt_close.o) (errno)
c:/altera/12.1sp1/nios2eds/bin/gnu/h-i686-mingw32/bin/../lib/gcc/nios2-elf/4.1.2/../../../../nios2-elf/lib\libc.a(lib_a-memcmp.o)
                              ../ex1_bsp/\libhal_bsp.a(alt_find_dev.o) (memcmp)
c:/altera/12.1sp1/nios2eds/bin/gnu/h-i686-mingw32/bin/../lib/gcc/nios2-elf/4.1.2/../../../../nios2-elf/lib\libc.a(lib_a-memcpy.o)
                              ../ex1_bsp/\libhal_bsp.a(altera_avalon_jtag_uart_read.o) (memcpy)
c:/altera/12.1sp1/nios2eds/bin/gnu/h-i686-mingw32/bin/../lib/gcc/nios2-elf/4.1.2/../../../../nios2-elf/lib\libc.a(lib_a-strlen.o)
                              ../ex1_bsp/\libhal_bsp.a(alt_find_dev.o) (strlen)
c:/altera/12.1sp1/nios2eds/bin/gnu/h-i686-mingw32/bin/../lib/gcc/nios2-elf/4.1.2/../../../../nios2-elf/lib\libc.a(lib_a-__atexit.o)
                              c:/altera/12.1sp1/nios2eds/bin/gnu/h-i686-mingw32/bin/../lib/gcc/nios2-elf/4.1.2/../../../../nios2-elf/lib\libc.a(lib_a-atexit.o) (__register_exitproc)
c:/altera/12.1sp1/nios2eds/bin/gnu/h-i686-mingw32/bin/../lib/gcc/nios2-elf/4.1.2/../../../../nios2-elf/lib\libc.a(lib_a-__call_atexit.o)
                              c:/altera/12.1sp1/nios2eds/bin/gnu/h-i686-mingw32/bin/../lib/gcc/nios2-elf/4.1.2/../../../../nios2-elf/lib\libc.a(lib_a-exit.o) (__call_exitprocs)
../ex1_bsp/\libhal_bsp.a(alt_exit.o)
                              c:/altera/12.1sp1/nios2eds/bin/gnu/h-i686-mingw32/bin/../lib/gcc/nios2-elf/4.1.2/../../../../nios2-elf/lib\libc.a(lib_a-exit.o) (_exit)

Allocating common symbols
Common symbol       size              file

alt_irq             0x100             ../ex1_bsp/\libhal_bsp.a(alt_irq_handler.o)
errno               0x4               c:/altera/12.1sp1/nios2eds/bin/gnu/h-i686-mingw32/bin/../lib/gcc/nios2-elf/4.1.2/../../../../nios2-elf/lib\libc.a(lib_a-int_errno.o)
_atexit0            0x190             c:/altera/12.1sp1/nios2eds/bin/gnu/h-i686-mingw32/bin/../lib/gcc/nios2-elf/4.1.2/../../../../nios2-elf/lib\libc.a(lib_a-atexit.o)

Memory Configuration

Name             Origin             Length             Attributes
sdram            0x00000000         0x02000000
reset            0x02000000         0x00000020
onchip_mem       0x02000020         0x00003fe0
*default*        0x00000000         0xffffffff

Linker script and memory map

LOAD ../ex1_bsp//obj/HAL/src/crt0.o
LOAD obj/default/ex1.o
LOAD c:/altera/12.1sp1/nios2eds/bin/gnu/h-i686-mingw32/bin/../lib/gcc/nios2-elf/4.1.2/../../../../nios2-elf/lib\libstdc++.a
LOAD c:/altera/12.1sp1/nios2eds/bin/gnu/h-i686-mingw32/bin/../lib/gcc/nios2-elf/4.1.2/../../../../nios2-elf/lib\libm.a
LOAD c:/altera/12.1sp1/nios2eds/bin/gnu/h-i686-mingw32/bin/../lib/gcc/nios2-elf/4.1.2\libgcc.a
START GROUP
LOAD c:/altera/12.1sp1/nios2eds/bin/gnu/h-i686-mingw32/bin/../lib/gcc/nios2-elf/4.1.2/../../../../nios2-elf/lib\libc.a
LOAD c:/altera/12.1sp1/nios2eds/bin/gnu/h-i686-mingw32/bin/../lib/gcc/nios2-elf/4.1.2\libgcc.a
LOAD ../ex1_bsp/\libhal_bsp.a
END GROUP
LOAD c:/altera/12.1sp1/nios2eds/bin/gnu/h-i686-mingw32/bin/../lib/gcc/nios2-elf/4.1.2\libgcc.a
                0x00000000                __alt_mem_sdram = 0x0
                0x02000000                __alt_mem_onchip_mem = 0x2000000

.entry          0x02000000       0x20
 *(.entry)
 .entry         0x02000000       0x20 ../ex1_bsp//obj/HAL/src/crt0.o
                0x02000000                __reset

.exceptions     0x02000020      0x194 load address 0x00000000
                0x02000020                PROVIDE (__ram_exceptions_start, ABSOLUTE (.))
                0x02000020                . = ALIGN (0x20)
 *(.irq)
 *(.exceptions.entry.label)
 .exceptions.entry.label
                0x02000020        0x0 ../ex1_bsp/\libhal_bsp.a(alt_irq_entry.o)
                0x02000020                alt_irq_entry
 .exceptions.entry.label
                0x02000020        0x0 ../ex1_bsp/\libhal_bsp.a(alt_exception_entry.o)
                0x02000020                alt_exception
 *(.exceptions.entry.user)
 *(.exceptions.entry)
 .exceptions.entry
                0x02000020       0x54 ../ex1_bsp/\libhal_bsp.a(alt_exception_entry.o)
 *(.exceptions.irqtest.user)
 *(.exceptions.irqtest)
 .exceptions.irqtest
                0x02000074       0x10 ../ex1_bsp/\libhal_bsp.a(alt_irq_entry.o)
 *(.exceptions.irqhandler.user)
 *(.exceptions.irqhandler)
 .exceptions.irqhandler
                0x02000084        0x4 ../ex1_bsp/\libhal_bsp.a(alt_irq_entry.o)
 *(.exceptions.irqreturn.user)
 *(.exceptions.irqreturn)
 .exceptions.irqreturn
                0x02000088        0x4 ../ex1_bsp/\libhal_bsp.a(alt_irq_entry.o)
 *(.exceptions.notirq.label)
 .exceptions.notirq.label
                0x0200008c        0x0 ../ex1_bsp/\libhal_bsp.a(alt_irq_entry.o)
 *(.exceptions.notirq.user)
 *(.exceptions.notirq)
 .exceptions.notirq
                0x0200008c        0x8 ../ex1_bsp/\libhal_bsp.a(alt_exception_entry.o)
 *(.exceptions.soft.user)
 *(.exceptions.soft)
 *(.exceptions.unknown.user)
 *(.exceptions.unknown)
 .exceptions.unknown
                0x02000094        0x4 ../ex1_bsp/\libhal_bsp.a(alt_exception_entry.o)
 *(.exceptions.exit.label)
 .exceptions.exit.label
                0x02000098        0x0 ../ex1_bsp/\libhal_bsp.a(alt_irq_entry.o)
 .exceptions.exit.label
                0x02000098        0x0 ../ex1_bsp/\libhal_bsp.a(alt_exception_entry.o)
 *(.exceptions.exit.user)
 *(.exceptions.exit)
 .exceptions.exit
                0x02000098       0x54 ../ex1_bsp/\libhal_bsp.a(alt_exception_entry.o)
 *(.exceptions)
 .exceptions    0x020000ec       0xc8 ../ex1_bsp/\libhal_bsp.a(alt_irq_handler.o)
                0x020000ec                alt_irq_handler
                0x020001b4                PROVIDE (__ram_exceptions_end, ABSOLUTE (.))
                0x00000000                PROVIDE (__flash_exceptions_start, LOADADDR (.exceptions))

.text           0x00000194     0x2490
                0x00000194                PROVIDE (stext, ABSOLUTE (.))
 *(.interp)
 *(.hash)
 *(.dynsym)
 *(.dynstr)
 *(.gnu.version)
 *(.gnu.version_d)
 *(.gnu.version_r)
 *(.rel.init)
 *(.rela.init)
 *(.rel.text .rel.text.* .rel.gnu.linkonce.t.*)
 *(.rela.text .rela.text.* .rela.gnu.linkonce.t.*)
 *(.rel.fini)
 *(.rela.fini)
 *(.rel.rodata .rel.rodata.* .rel.gnu.linkonce.r.*)
 *(.rela.rodata .rela.rodata.* .rela.gnu.linkonce.r.*)
 *(.rel.data .rel.data.* .rel.gnu.linkonce.d.*)
 *(.rela.data .rela.data.* .rela.gnu.linkonce.d.*)
 *(.rel.tdata .rel.tdata.* .rel.gnu.linkonce.td.*)
 *(.rela.tdata .rela.tdata.* .rela.gnu.linkonce.td.*)
 *(.rel.tbss .rel.tbss.* .rel.gnu.linkonce.tb.*)
 *(.rela.tbss .rela.tbss.* .rela.gnu.linkonce.tb.*)
 *(.rel.ctors)
 *(.rela.ctors)
 *(.rel.dtors)
 *(.rela.dtors)
 *(.rel.got)
 *(.rela.got)
 *(.rel.sdata .rel.sdata.* .rel.gnu.linkonce.s.*)
 *(.rela.sdata .rela.sdata.* .rela.gnu.linkonce.s.*)
 *(.rel.sbss .rel.sbss.* .rel.gnu.linkonce.sb.*)
 *(.rela.sbss .rela.sbss.* .rela.gnu.linkonce.sb.*)
 *(.rel.sdata2 .rel.sdata2.* .rel.gnu.linkonce.s2.*)
 *(.rela.sdata2 .rela.sdata2.* .rela.gnu.linkonce.s2.*)
 *(.rel.sbss2 .rel.sbss2.* .rel.gnu.linkonce.sb2.*)
 *(.rela.sbss2 .rela.sbss2.* .rela.gnu.linkonce.sb2.*)
 *(.rel.bss .rel.bss.* .rel.gnu.linkonce.b.*)
 *(.rela.bss .rela.bss.* .rela.gnu.linkonce.b.*)
 *(.rel.plt)
 *(.rela.plt)
 *(.rel.dyn)
 *(.init)
 *(.plt)
 *(.text .stub .text.* .gnu.linkonce.t.*)
 .text          0x00000194       0x3c ../ex1_bsp//obj/HAL/src/crt0.o
                0x00000194                _start
 .text          0x000001d0       0x78 obj/default/ex1.o
                0x000001d0                main
 .text          0x00000248       0xec ../ex1_bsp/\libhal_bsp.a(alt_load.o)
                0x00000248                alt_load
 .text          0x00000334       0x6c ../ex1_bsp/\libhal_bsp.a(alt_main.o)
                0x00000334                alt_main
 .text          0x000003a0       0xc8 ../ex1_bsp/\libhal_bsp.a(alt_sys_init.o)
                0x000003a0                alt_irq_init
                0x000003d4                alt_sys_init
 .text          0x00000468      0x148 ../ex1_bsp/\libhal_bsp.a(altera_avalon_jtag_uart_fd.o)
                0x00000468                altera_avalon_jtag_uart_read_fd
                0x000004c0                altera_avalon_jtag_uart_write_fd
                0x00000518                altera_avalon_jtag_uart_close_fd
                0x00000560                altera_avalon_jtag_uart_ioctl_fd
 .text          0x000005b0      0x40c ../ex1_bsp/\libhal_bsp.a(altera_avalon_jtag_uart_init.o)
                0x000005b0                altera_avalon_jtag_uart_init
                0x00000948                altera_avalon_jtag_uart_close
 .text          0x000009bc       0xf4 ../ex1_bsp/\libhal_bsp.a(altera_avalon_jtag_uart_ioctl.o)
                0x000009bc                altera_avalon_jtag_uart_ioctl
 .text          0x00000ab0      0x224 ../ex1_bsp/\libhal_bsp.a(altera_avalon_jtag_uart_read.o)
                0x00000ab0                altera_avalon_jtag_uart_read
 .text          0x00000cd4      0x240 ../ex1_bsp/\libhal_bsp.a(altera_avalon_jtag_uart_write.o)
                0x00000cd4                altera_avalon_jtag_uart_write
 .text          0x00000f14      0x100 ../ex1_bsp/\libhal_bsp.a(altera_avalon_timer_sc.o)
                0x00000f84                alt_avalon_timer_sc_init
 .text          0x00001014      0x154 ../ex1_bsp/\libhal_bsp.a(alt_alarm_start.o)
                0x00001014                alt_alarm_start
 .text          0x00001168      0x15c ../ex1_bsp/\libhal_bsp.a(alt_close.o)
                0x00001168                close
 .text          0x000012c4       0x1c ../ex1_bsp/\libhal_bsp.a(alt_dcache_flush_all.o)
                0x000012c4                alt_dcache_flush_all
 .text          0x000012e0       0x2c ../ex1_bsp/\libhal_bsp.a(alt_dev.o)
 .text          0x0000130c      0x114 ../ex1_bsp/\libhal_bsp.a(alt_dev_llist_insert.o)
                0x0000130c                alt_dev_llist_insert
 .text          0x00001420       0x64 ../ex1_bsp/\libhal_bsp.a(alt_do_ctors.o)
                0x00001420                _do_ctors
 .text          0x00001484       0x64 ../ex1_bsp/\libhal_bsp.a(alt_do_dtors.o)
                0x00001484                _do_dtors
 .text          0x000014e8        0x0 ../ex1_bsp/\libhal_bsp.a(alt_errno.o)
 .text          0x000014e8       0x30 ../ex1_bsp/\libhal_bsp.a(alt_icache_flush_all.o)
                0x000014e8                alt_icache_flush_all
 .text          0x00001518      0x1d4 ../ex1_bsp/\libhal_bsp.a(alt_iic.o)
                0x00001518                alt_ic_isr_register
                0x00001568                alt_ic_irq_enable
                0x00001604                alt_ic_irq_disable
                0x000016a4                alt_ic_irq_enabled
 .text          0x000016ec       0xf8 ../ex1_bsp/\libhal_bsp.a(alt_iic_isr_register.o)
                0x000016ec                alt_iic_isr_register
 .text          0x000017e4      0x13c ../ex1_bsp/\libhal_bsp.a(alt_io_redirect.o)
                0x000018a8                alt_io_redirect
 .text          0x00001920        0x0 ../ex1_bsp/\libhal_bsp.a(alt_irq_entry.o)
 .text          0x00001920        0x0 ../ex1_bsp/\libhal_bsp.a(alt_irq_handler.o)
 .text          0x00001920        0x0 ../ex1_bsp/\libhal_bsp.a(alt_irq_vars.o)
 .text          0x00001920      0x2c4 ../ex1_bsp/\libhal_bsp.a(alt_open.o)
                0x000019fc                open
 .text          0x00001be4       0x60 ../ex1_bsp/\libhal_bsp.a(alt_release_fd.o)
                0x00001be4                alt_release_fd
 .text          0x00001c44      0x1a4 ../ex1_bsp/\libhal_bsp.a(alt_tick.o)
                0x00001c44                alt_alarm_stop
                0x00001cdc                alt_tick
 .text          0x00001de8       0x20 ../ex1_bsp/\libhal_bsp.a(altera_nios2_qsys_irq.o)
                0x00001de8                altera_nios2_qsys_irq_init
 .text          0x00001e08        0x0 ../ex1_bsp/\libhal_bsp.a(alt_exception_entry.o)
 .text          0x00001e08       0x94 ../ex1_bsp/\libhal_bsp.a(alt_find_dev.o)
                0x00001e08                alt_find_dev
 .text          0x00001e9c      0x120 ../ex1_bsp/\libhal_bsp.a(alt_find_file.o)
                0x00001e9c                alt_find_file
 .text          0x00001fbc       0xb8 ../ex1_bsp/\libhal_bsp.a(alt_get_fd.o)
                0x00001fbc                alt_get_fd
 .text          0x00002074       0x90 ../ex1_bsp/\libhal_bsp.a(alt_icache_flush.o)
                0x00002074                alt_icache_flush
 .text          0x00002104       0x14 c:/altera/12.1sp1/nios2eds/bin/gnu/h-i686-mingw32/bin/../lib/gcc/nios2-elf/4.1.2/../../../../nios2-elf/lib\libc.a(lib_a-atexit.o)
                0x00002104                atexit
 .text          0x00002118       0x38 c:/altera/12.1sp1/nios2eds/bin/gnu/h-i686-mingw32/bin/../lib/gcc/nios2-elf/4.1.2/../../../../nios2-elf/lib\libc.a(lib_a-exit.o)
                0x00002118                exit
 .text          0x00002150        0x0 c:/altera/12.1sp1/nios2eds/bin/gnu/h-i686-mingw32/bin/../lib/gcc/nios2-elf/4.1.2/../../../../nios2-elf/lib\libc.a(lib_a-impure.o)
 .text          0x00002150        0x0 c:/altera/12.1sp1/nios2eds/bin/gnu/h-i686-mingw32/bin/../lib/gcc/nios2-elf/4.1.2/../../../../nios2-elf/lib\libc.a(lib_a-int_errno.o)
 .text          0x00002150       0x74 c:/altera/12.1sp1/nios2eds/bin/gnu/h-i686-mingw32/bin/../lib/gcc/nios2-elf/4.1.2/../../../../nios2-elf/lib\libc.a(lib_a-memcmp.o)
                0x00002150                memcmp
 .text          0x000021c4       0xa0 c:/altera/12.1sp1/nios2eds/bin/gnu/h-i686-mingw32/bin/../lib/gcc/nios2-elf/4.1.2/../../../../nios2-elf/lib\libc.a(lib_a-memcpy.o)
                0x000021c4                memcpy
 .text          0x00002264       0x74 c:/altera/12.1sp1/nios2eds/bin/gnu/h-i686-mingw32/bin/../lib/gcc/nios2-elf/4.1.2/../../../../nios2-elf/lib\libc.a(lib_a-strlen.o)
                0x00002264                strlen
 .text          0x000022d8      0x134 c:/altera/12.1sp1/nios2eds/bin/gnu/h-i686-mingw32/bin/../lib/gcc/nios2-elf/4.1.2/../../../../nios2-elf/lib\libc.a(lib_a-__atexit.o)
                0x000022d8                __register_exitproc
 .text          0x0000240c      0x1b4 c:/altera/12.1sp1/nios2eds/bin/gnu/h-i686-mingw32/bin/../lib/gcc/nios2-elf/4.1.2/../../../../nios2-elf/lib\libc.a(lib_a-__call_atexit.o)
                0x00002410                __call_exitprocs
 .text          0x000025c0       0x60 ../ex1_bsp/\libhal_bsp.a(alt_exit.o)
                0x00002600                _exit
 *(.gnu.warning.*)
 *(.fini)
                0x00002620                PROVIDE (__etext, ABSOLUTE (.))
                0x00002620                PROVIDE (_etext, ABSOLUTE (.))
                0x00002620                PROVIDE (etext, ABSOLUTE (.))
 *(.eh_frame_hdr)
                0x00002620                . = ALIGN (0x4)
                0x00002620                PROVIDE (__preinit_array_start, ABSOLUTE (.))
 *(.preinit_array)
                0x00002620                PROVIDE (__preinit_array_end, ABSOLUTE (.))
                0x00002620                PROVIDE (__init_array_start, ABSOLUTE (.))
 *(.init_array)
                0x00002620                PROVIDE (__init_array_end, ABSOLUTE (.))
                0x00002620                PROVIDE (__fini_array_start, ABSOLUTE (.))
 *(.fini_array)
                0x00002620                PROVIDE (__fini_array_end, ABSOLUTE (.))
 *(.eh_frame)
 *(.gcc_except_table)
 *(.dynamic)
                0x00002620                PROVIDE (__CTOR_LIST__, ABSOLUTE (.))
 *(.ctors)
 *(SORT(.ctors.*))
 .ctors.65535   0x00002620        0x4 c:/altera/12.1sp1/nios2eds/bin/gnu/h-i686-mingw32/bin/../lib/gcc/nios2-elf/4.1.2/../../../../nios2-elf/lib\libc.a(lib_a-__call_atexit.o)
                0x00002624                PROVIDE (__CTOR_END__, ABSOLUTE (.))
                0x00002624                PROVIDE (__DTOR_LIST__, ABSOLUTE (.))
 *(.dtors)
 *(SORT(.dtors.*))
                0x00002624                PROVIDE (__DTOR_END__, ABSOLUTE (.))
 *(.jcr)
                0x00002624                . = ALIGN (0x4)

.rodata         0x00002624       0x38
                0x00002624                PROVIDE (__ram_rodata_start, ABSOLUTE (.))
                0x00002624                . = ALIGN (0x4)
 *(.rodata .rodata.* .gnu.linkonce.r.*)
 .rodata        0x00002624       0x14 ../ex1_bsp/\libhal_bsp.a(alt_main.o)
 .rodata        0x00002638       0x14 ../ex1_bsp/\libhal_bsp.a(alt_sys_init.o)
 .rodata        0x0000264c        0xc ../ex1_bsp/\libhal_bsp.a(alt_dev.o)
 .rodata.str1.4
                0x00002658        0x4 c:/altera/12.1sp1/nios2eds/bin/gnu/h-i686-mingw32/bin/../lib/gcc/nios2-elf/4.1.2/../../../../nios2-elf/lib\libc.a(lib_a-impure.o)
 *(.rodata1)
                0x0000265c                . = ALIGN (0x4)
                0x0000265c                PROVIDE (__ram_rodata_end, ABSOLUTE (.))
                0x00002624                PROVIDE (__flash_rodata_start, LOADADDR (.rodata))

.rwdata         0x0000265c     0x1634 load address 0x00003c90
                0x0000265c                PROVIDE (__ram_rwdata_start, ABSOLUTE (.))
                0x0000265c                . = ALIGN (0x4)
 *(.got.plt)
 *(.got)
 *(.data1)
 *(.data .data.* .gnu.linkonce.d.*)
 .data          0x0000265c        0x0 ../ex1_bsp//obj/HAL/src/crt0.o
 .data          0x0000265c        0x0 obj/default/ex1.o
 .data          0x0000265c        0x0 ../ex1_bsp/\libhal_bsp.a(alt_load.o)
 .data          0x0000265c        0x0 ../ex1_bsp/\libhal_bsp.a(alt_main.o)
 .data          0x0000265c     0x1060 ../ex1_bsp/\libhal_bsp.a(alt_sys_init.o)
 .data          0x000036bc        0x0 ../ex1_bsp/\libhal_bsp.a(altera_avalon_jtag_uart_fd.o)
 .data          0x000036bc        0x0 ../ex1_bsp/\libhal_bsp.a(altera_avalon_jtag_uart_init.o)
 .data          0x000036bc        0x0 ../ex1_bsp/\libhal_bsp.a(altera_avalon_jtag_uart_ioctl.o)
 .data          0x000036bc        0x0 ../ex1_bsp/\libhal_bsp.a(altera_avalon_jtag_uart_read.o)
 .data          0x000036bc        0x0 ../ex1_bsp/\libhal_bsp.a(altera_avalon_jtag_uart_write.o)
 .data          0x000036bc        0x0 ../ex1_bsp/\libhal_bsp.a(altera_avalon_timer_sc.o)
 .data          0x000036bc        0x0 ../ex1_bsp/\libhal_bsp.a(alt_alarm_start.o)
 .data          0x000036bc        0x0 ../ex1_bsp/\libhal_bsp.a(alt_close.o)
 .data          0x000036bc        0x0 ../ex1_bsp/\libhal_bsp.a(alt_dcache_flush_all.o)
 .data          0x000036bc      0x1a8 ../ex1_bsp/\libhal_bsp.a(alt_dev.o)
                0x000036bc                alt_dev_null
                0x000036e4                alt_fd_list
 .data          0x00003864        0x0 ../ex1_bsp/\libhal_bsp.a(alt_dev_llist_insert.o)
 .data          0x00003864        0x0 ../ex1_bsp/\libhal_bsp.a(alt_do_ctors.o)
 .data          0x00003864        0x0 ../ex1_bsp/\libhal_bsp.a(alt_do_dtors.o)
 .data          0x00003864        0x0 ../ex1_bsp/\libhal_bsp.a(alt_errno.o)
 .data          0x00003864        0x0 ../ex1_bsp/\libhal_bsp.a(alt_icache_flush_all.o)
 .data          0x00003864        0x0 ../ex1_bsp/\libhal_bsp.a(alt_iic.o)
 .data          0x00003864        0x0 ../ex1_bsp/\libhal_bsp.a(alt_iic_isr_register.o)
 .data          0x00003864        0x0 ../ex1_bsp/\libhal_bsp.a(alt_io_redirect.o)
 .data          0x00003864        0x0 ../ex1_bsp/\libhal_bsp.a(alt_irq_entry.o)
 .data          0x00003864        0x0 ../ex1_bsp/\libhal_bsp.a(alt_irq_handler.o)
 .data          0x00003864        0x0 ../ex1_bsp/\libhal_bsp.a(alt_irq_vars.o)
 .data          0x00003864        0x0 ../ex1_bsp/\libhal_bsp.a(alt_open.o)
 .data          0x00003864        0x0 ../ex1_bsp/\libhal_bsp.a(alt_release_fd.o)
 .data          0x00003864        0x0 ../ex1_bsp/\libhal_bsp.a(alt_tick.o)
 .data          0x00003864        0x0 ../ex1_bsp/\libhal_bsp.a(altera_nios2_qsys_irq.o)
 .data          0x00003864        0x0 ../ex1_bsp/\libhal_bsp.a(alt_exception_entry.o)
 .data          0x00003864        0x0 ../ex1_bsp/\libhal_bsp.a(alt_find_dev.o)
 .data          0x00003864        0x0 ../ex1_bsp/\libhal_bsp.a(alt_find_file.o)
 .data          0x00003864        0x0 ../ex1_bsp/\libhal_bsp.a(alt_get_fd.o)
 .data          0x00003864        0x0 ../ex1_bsp/\libhal_bsp.a(alt_icache_flush.o)
 .data          0x00003864        0x0 c:/altera/12.1sp1/nios2eds/bin/gnu/h-i686-mingw32/bin/../lib/gcc/nios2-elf/4.1.2/../../../../nios2-elf/lib\libc.a(lib_a-atexit.o)
 .data          0x00003864        0x0 c:/altera/12.1sp1/nios2eds/bin/gnu/h-i686-mingw32/bin/../lib/gcc/nios2-elf/4.1.2/../../../../nios2-elf/lib\libc.a(lib_a-exit.o)
 .data          0x00003864      0x400 c:/altera/12.1sp1/nios2eds/bin/gnu/h-i686-mingw32/bin/../lib/gcc/nios2-elf/4.1.2/../../../../nios2-elf/lib\libc.a(lib_a-impure.o)
 .data          0x00003c64        0x0 c:/altera/12.1sp1/nios2eds/bin/gnu/h-i686-mingw32/bin/../lib/gcc/nios2-elf/4.1.2/../../../../nios2-elf/lib\libc.a(lib_a-int_errno.o)
 .data          0x00003c64        0x0 c:/altera/12.1sp1/nios2eds/bin/gnu/h-i686-mingw32/bin/../lib/gcc/nios2-elf/4.1.2/../../../../nios2-elf/lib\libc.a(lib_a-memcmp.o)
 .data          0x00003c64        0x0 c:/altera/12.1sp1/nios2eds/bin/gnu/h-i686-mingw32/bin/../lib/gcc/nios2-elf/4.1.2/../../../../nios2-elf/lib\libc.a(lib_a-memcpy.o)
 .data          0x00003c64        0x0 c:/altera/12.1sp1/nios2eds/bin/gnu/h-i686-mingw32/bin/../lib/gcc/nios2-elf/4.1.2/../../../../nios2-elf/lib\libc.a(lib_a-strlen.o)
 .data          0x00003c64        0x0 c:/altera/12.1sp1/nios2eds/bin/gnu/h-i686-mingw32/bin/../lib/gcc/nios2-elf/4.1.2/../../../../nios2-elf/lib\libc.a(lib_a-__atexit.o)
 .data          0x00003c64        0x0 c:/altera/12.1sp1/nios2eds/bin/gnu/h-i686-mingw32/bin/../lib/gcc/nios2-elf/4.1.2/../../../../nios2-elf/lib\libc.a(lib_a-__call_atexit.o)
 .data          0x00003c64        0x0 ../ex1_bsp/\libhal_bsp.a(alt_exit.o)
                0x0000bc64                _gp = ABSOLUTE ((. + 0x8000))
                0x0000bc64                PROVIDE (gp, _gp)
 *(.rwdata .rwdata.*)
 *(.sdata .sdata.* .gnu.linkonce.s.*)
 .sdata         0x00003c64       0x14 ../ex1_bsp/\libhal_bsp.a(alt_dev.o)
                0x00003c64                alt_fs_list
                0x00003c6c                alt_dev_list
                0x00003c74                alt_max_fd
 .sdata         0x00003c78        0x4 ../ex1_bsp/\libhal_bsp.a(alt_errno.o)
                0x00003c78                alt_errno
 .sdata         0x00003c7c        0x4 ../ex1_bsp/\libhal_bsp.a(alt_irq_vars.o)
                0x00003c7c                alt_priority_mask
 .sdata         0x00003c80        0x8 ../ex1_bsp/\libhal_bsp.a(alt_tick.o)
                0x00003c80                alt_alarm_list
 .sdata         0x00003c88        0x8 c:/altera/12.1sp1/nios2eds/bin/gnu/h-i686-mingw32/bin/../lib/gcc/nios2-elf/4.1.2/../../../../nios2-elf/lib\libc.a(lib_a-impure.o)
                0x00003c88                _impure_ptr
                0x00003c8c                _global_impure_ptr
 *(.sdata2 .sdata2.* .gnu.linkonce.s2.*)
                0x00003c90                . = ALIGN (0x4)
                0x00003c90                _edata = ABSOLUTE (.)
                0x00003c90                PROVIDE (edata, ABSOLUTE (.))
                0x00003c90                PROVIDE (__ram_rwdata_end, ABSOLUTE (.))
                0x00003c90                PROVIDE (__flash_rwdata_start, LOADADDR (.rwdata))

.bss            0x000052c4      0x2ac
                0x000052c4                __bss_start = ABSOLUTE (.)
                0x000052c4                PROVIDE (__sbss_start, ABSOLUTE (.))
                0x000052c4                PROVIDE (___sbss_start, ABSOLUTE (.))
 *(.dynsbss)
 *(.sbss .sbss.* .gnu.linkonce.sb.*)
 .sbss          0x000052c4        0xc ../ex1_bsp/\libhal_bsp.a(alt_main.o)
                0x000052c4                alt_argc
                0x000052c8                alt_argv
                0x000052cc                alt_envp
 .sbss          0x000052d0        0x4 ../ex1_bsp/\libhal_bsp.a(alt_irq_vars.o)
                0x000052d0                alt_irq_active
 .sbss          0x000052d4        0x8 ../ex1_bsp/\libhal_bsp.a(alt_tick.o)
                0x000052d4                _alt_tick_rate
                0x000052d8                _alt_nticks
 .sbss          0x000052dc        0x4 c:/altera/12.1sp1/nios2eds/bin/gnu/h-i686-mingw32/bin/../lib/gcc/nios2-elf/4.1.2/../../../../nios2-elf/lib\libc.a(lib_a-int_errno.o)
                0x000052dc                errno
 *(.sbss2 .sbss2.* .gnu.linkonce.sb2.*)
 *(.scommon)
                0x000052e0                PROVIDE (__sbss_end, ABSOLUTE (.))
                0x000052e0                PROVIDE (___sbss_end, ABSOLUTE (.))
 *(.dynbss)
 *(.bss .bss.* .gnu.linkonce.b.*)
 .bss           0x000052e0        0x0 ../ex1_bsp//obj/HAL/src/crt0.o
 .bss           0x000052e0        0x0 obj/default/ex1.o
 .bss           0x000052e0        0x0 ../ex1_bsp/\libhal_bsp.a(alt_load.o)
 .bss           0x000052e0        0x0 ../ex1_bsp/\libhal_bsp.a(alt_main.o)
 .bss           0x000052e0        0x0 ../ex1_bsp/\libhal_bsp.a(alt_sys_init.o)
 .bss           0x000052e0        0x0 ../ex1_bsp/\libhal_bsp.a(altera_avalon_jtag_uart_fd.o)
 .bss           0x000052e0        0x0 ../ex1_bsp/\libhal_bsp.a(altera_avalon_jtag_uart_init.o)
 .bss           0x000052e0        0x0 ../ex1_bsp/\libhal_bsp.a(altera_avalon_jtag_uart_ioctl.o)
 .bss           0x000052e0        0x0 ../ex1_bsp/\libhal_bsp.a(altera_avalon_jtag_uart_read.o)
 .bss           0x000052e0        0x0 ../ex1_bsp/\libhal_bsp.a(altera_avalon_jtag_uart_write.o)
 .bss           0x000052e0        0x0 ../ex1_bsp/\libhal_bsp.a(altera_avalon_timer_sc.o)
 .bss           0x000052e0        0x0 ../ex1_bsp/\libhal_bsp.a(alt_alarm_start.o)
 .bss           0x000052e0        0x0 ../ex1_bsp/\libhal_bsp.a(alt_close.o)
 .bss           0x000052e0        0x0 ../ex1_bsp/\libhal_bsp.a(alt_dcache_flush_all.o)
 .bss           0x000052e0        0x0 ../ex1_bsp/\libhal_bsp.a(alt_dev.o)
 .bss           0x000052e0        0x0 ../ex1_bsp/\libhal_bsp.a(alt_dev_llist_insert.o)
 .bss           0x000052e0        0x0 ../ex1_bsp/\libhal_bsp.a(alt_do_ctors.o)
 .bss           0x000052e0        0x0 ../ex1_bsp/\libhal_bsp.a(alt_do_dtors.o)
 .bss           0x000052e0        0x0 ../ex1_bsp/\libhal_bsp.a(alt_errno.o)
 .bss           0x000052e0        0x0 ../ex1_bsp/\libhal_bsp.a(alt_icache_flush_all.o)
 .bss           0x000052e0        0x0 ../ex1_bsp/\libhal_bsp.a(alt_iic.o)
 .bss           0x000052e0        0x0 ../ex1_bsp/\libhal_bsp.a(alt_iic_isr_register.o)
 .bss           0x000052e0        0x0 ../ex1_bsp/\libhal_bsp.a(alt_io_redirect.o)
 .bss           0x000052e0        0x0 ../ex1_bsp/\libhal_bsp.a(alt_irq_entry.o)
 .bss           0x000052e0        0x0 ../ex1_bsp/\libhal_bsp.a(alt_irq_handler.o)
 .bss           0x000052e0        0x0 ../ex1_bsp/\libhal_bsp.a(alt_irq_vars.o)
 .bss           0x000052e0        0x0 ../ex1_bsp/\libhal_bsp.a(alt_open.o)
 .bss           0x000052e0        0x0 ../ex1_bsp/\libhal_bsp.a(alt_release_fd.o)
 .bss           0x000052e0        0x0 ../ex1_bsp/\libhal_bsp.a(alt_tick.o)
 .bss           0x000052e0        0x0 ../ex1_bsp/\libhal_bsp.a(altera_nios2_qsys_irq.o)
 .bss           0x000052e0        0x0 ../ex1_bsp/\libhal_bsp.a(alt_exception_entry.o)
 .bss           0x000052e0        0x0 ../ex1_bsp/\libhal_bsp.a(alt_find_dev.o)
 .bss           0x000052e0        0x0 ../ex1_bsp/\libhal_bsp.a(alt_find_file.o)
 .bss           0x000052e0        0x0 ../ex1_bsp/\libhal_bsp.a(alt_get_fd.o)
 .bss           0x000052e0        0x0 ../ex1_bsp/\libhal_bsp.a(alt_icache_flush.o)
 .bss           0x000052e0        0x0 c:/altera/12.1sp1/nios2eds/bin/gnu/h-i686-mingw32/bin/../lib/gcc/nios2-elf/4.1.2/../../../../nios2-elf/lib\libc.a(lib_a-atexit.o)
 .bss           0x000052e0        0x0 c:/altera/12.1sp1/nios2eds/bin/gnu/h-i686-mingw32/bin/../lib/gcc/nios2-elf/4.1.2/../../../../nios2-elf/lib\libc.a(lib_a-exit.o)
 .bss           0x000052e0        0x0 c:/altera/12.1sp1/nios2eds/bin/gnu/h-i686-mingw32/bin/../lib/gcc/nios2-elf/4.1.2/../../../../nios2-elf/lib\libc.a(lib_a-impure.o)
 .bss           0x000052e0        0x0 c:/altera/12.1sp1/nios2eds/bin/gnu/h-i686-mingw32/bin/../lib/gcc/nios2-elf/4.1.2/../../../../nios2-elf/lib\libc.a(lib_a-int_errno.o)
 .bss           0x000052e0        0x0 c:/altera/12.1sp1/nios2eds/bin/gnu/h-i686-mingw32/bin/../lib/gcc/nios2-elf/4.1.2/../../../../nios2-elf/lib\libc.a(lib_a-memcmp.o)
 .bss           0x000052e0        0x0 c:/altera/12.1sp1/nios2eds/bin/gnu/h-i686-mingw32/bin/../lib/gcc/nios2-elf/4.1.2/../../../../nios2-elf/lib\libc.a(lib_a-memcpy.o)
 .bss           0x000052e0        0x0 c:/altera/12.1sp1/nios2eds/bin/gnu/h-i686-mingw32/bin/../lib/gcc/nios2-elf/4.1.2/../../../../nios2-elf/lib\libc.a(lib_a-strlen.o)
 .bss           0x000052e0        0x0 c:/altera/12.1sp1/nios2eds/bin/gnu/h-i686-mingw32/bin/../lib/gcc/nios2-elf/4.1.2/../../../../nios2-elf/lib\libc.a(lib_a-__atexit.o)
 .bss           0x000052e0        0x0 c:/altera/12.1sp1/nios2eds/bin/gnu/h-i686-mingw32/bin/../lib/gcc/nios2-elf/4.1.2/../../../../nios2-elf/lib\libc.a(lib_a-__call_atexit.o)
 .bss           0x000052e0        0x0 ../ex1_bsp/\libhal_bsp.a(alt_exit.o)
 *(COMMON)
 COMMON         0x000052e0      0x100 ../ex1_bsp/\libhal_bsp.a(alt_irq_handler.o)
                0x000052e0                alt_irq
 COMMON         0x000053e0      0x190 c:/altera/12.1sp1/nios2eds/bin/gnu/h-i686-mingw32/bin/../lib/gcc/nios2-elf/4.1.2/../../../../nios2-elf/lib\libc.a(lib_a-atexit.o)
                0x000053e0                _atexit0
                0x00005570                . = ALIGN (0x4)
                0x00005570                __bss_end = ABSOLUTE (.)

.sdram          0x00005570        0x0
                0x00005570                PROVIDE (_alt_partition_sdram_start, ABSOLUTE (.))
 *(.sdram. sdram.*)
                0x00005570                . = ALIGN (0x4)
                0x00005570                PROVIDE (_alt_partition_sdram_end, ABSOLUTE (.))
                0x00005570                _end = ABSOLUTE (.)
                0x00005570                end = ABSOLUTE (.)
                0x00005570                __alt_stack_base = ABSOLUTE (.)
                0x00005570                PROVIDE (_alt_partition_sdram_load_addr, LOADADDR (.sdram))

.onchip_mem     0x020001b4        0x0 load address 0x00005570
                0x020001b4                PROVIDE (_alt_partition_onchip_mem_start, ABSOLUTE (.))
 *(.onchip_mem. onchip_mem.*)
                0x020001b4                . = ALIGN (0x4)
                0x020001b4                PROVIDE (_alt_partition_onchip_mem_end, ABSOLUTE (.))
                0x00005570                PROVIDE (_alt_partition_onchip_mem_load_addr, LOADADDR (.onchip_mem))

.stab
 *(.stab)

.stabstr
 *(.stabstr)

.stab.excl
 *(.stab.excl)

.stab.exclstr
 *(.stab.exclstr)

.stab.index
 *(.stab.index)

.stab.indexstr
 *(.stab.indexstr)

.comment        0x00000000       0x26
 *(.comment)
 .comment       0x00000000       0x26 obj/default/ex1.o
                                 0x27 (size before relaxing)
 .comment       0x00000000       0x27 ../ex1_bsp/\libhal_bsp.a(alt_load.o)
 .comment       0x00000000       0x27 ../ex1_bsp/\libhal_bsp.a(alt_main.o)
 .comment       0x00000000       0x27 ../ex1_bsp/\libhal_bsp.a(alt_sys_init.o)
 .comment       0x00000000       0x27 ../ex1_bsp/\libhal_bsp.a(altera_avalon_jtag_uart_fd.o)
 .comment       0x00000000       0x27 ../ex1_bsp/\libhal_bsp.a(altera_avalon_jtag_uart_init.o)
 .comment       0x00000000       0x27 ../ex1_bsp/\libhal_bsp.a(altera_avalon_jtag_uart_ioctl.o)
 .comment       0x00000000       0x27 ../ex1_bsp/\libhal_bsp.a(altera_avalon_jtag_uart_read.o)
 .comment       0x00000000       0x27 ../ex1_bsp/\libhal_bsp.a(altera_avalon_jtag_uart_write.o)
 .comment       0x00000000       0x27 ../ex1_bsp/\libhal_bsp.a(altera_avalon_timer_sc.o)
 .comment       0x00000000       0x27 ../ex1_bsp/\libhal_bsp.a(alt_alarm_start.o)
 .comment       0x00000000       0x27 ../ex1_bsp/\libhal_bsp.a(alt_close.o)
 .comment       0x00000000       0x27 ../ex1_bsp/\libhal_bsp.a(alt_dcache_flush_all.o)
 .comment       0x00000000       0x27 ../ex1_bsp/\libhal_bsp.a(alt_dev.o)
 .comment       0x00000000       0x27 ../ex1_bsp/\libhal_bsp.a(alt_dev_llist_insert.o)
 .comment       0x00000000       0x27 ../ex1_bsp/\libhal_bsp.a(alt_do_ctors.o)
 .comment       0x00000000       0x27 ../ex1_bsp/\libhal_bsp.a(alt_do_dtors.o)
 .comment       0x00000000       0x27 ../ex1_bsp/\libhal_bsp.a(alt_errno.o)
 .comment       0x00000000       0x27 ../ex1_bsp/\libhal_bsp.a(alt_icache_flush_all.o)
 .comment       0x00000000       0x27 ../ex1_bsp/\libhal_bsp.a(alt_iic.o)
 .comment       0x00000000       0x27 ../ex1_bsp/\libhal_bsp.a(alt_iic_isr_register.o)
 .comment       0x00000000       0x27 ../ex1_bsp/\libhal_bsp.a(alt_io_redirect.o)
 .comment       0x00000000       0x27 ../ex1_bsp/\libhal_bsp.a(alt_irq_handler.o)
 .comment       0x00000000       0x27 ../ex1_bsp/\libhal_bsp.a(alt_irq_vars.o)
 .comment       0x00000000       0x27 ../ex1_bsp/\libhal_bsp.a(alt_open.o)
 .comment       0x00000000       0x27 ../ex1_bsp/\libhal_bsp.a(alt_release_fd.o)
 .comment       0x00000000       0x27 ../ex1_bsp/\libhal_bsp.a(alt_tick.o)
 .comment       0x00000000       0x27 ../ex1_bsp/\libhal_bsp.a(altera_nios2_qsys_irq.o)
 .comment       0x00000000       0x27 ../ex1_bsp/\libhal_bsp.a(alt_find_dev.o)
 .comment       0x00000000       0x27 ../ex1_bsp/\libhal_bsp.a(alt_find_file.o)
 .comment       0x00000000       0x27 ../ex1_bsp/\libhal_bsp.a(alt_get_fd.o)
 .comment       0x00000000       0x27 ../ex1_bsp/\libhal_bsp.a(alt_icache_flush.o)
 .comment       0x00000000       0x27 c:/altera/12.1sp1/nios2eds/bin/gnu/h-i686-mingw32/bin/../lib/gcc/nios2-elf/4.1.2/../../../../nios2-elf/lib\libc.a(lib_a-atexit.o)
 .comment       0x00000000       0x27 c:/altera/12.1sp1/nios2eds/bin/gnu/h-i686-mingw32/bin/../lib/gcc/nios2-elf/4.1.2/../../../../nios2-elf/lib\libc.a(lib_a-exit.o)
 .comment       0x00000000       0x27 c:/altera/12.1sp1/nios2eds/bin/gnu/h-i686-mingw32/bin/../lib/gcc/nios2-elf/4.1.2/../../../../nios2-elf/lib\libc.a(lib_a-impure.o)
 .comment       0x00000000       0x27 c:/altera/12.1sp1/nios2eds/bin/gnu/h-i686-mingw32/bin/../lib/gcc/nios2-elf/4.1.2/../../../../nios2-elf/lib\libc.a(lib_a-int_errno.o)
 .comment       0x00000000       0x27 c:/altera/12.1sp1/nios2eds/bin/gnu/h-i686-mingw32/bin/../lib/gcc/nios2-elf/4.1.2/../../../../nios2-elf/lib\libc.a(lib_a-memcmp.o)
 .comment       0x00000000       0x27 c:/altera/12.1sp1/nios2eds/bin/gnu/h-i686-mingw32/bin/../lib/gcc/nios2-elf/4.1.2/../../../../nios2-elf/lib\libc.a(lib_a-memcpy.o)
 .comment       0x00000000       0x27 c:/altera/12.1sp1/nios2eds/bin/gnu/h-i686-mingw32/bin/../lib/gcc/nios2-elf/4.1.2/../../../../nios2-elf/lib\libc.a(lib_a-strlen.o)
 .comment       0x00000000       0x27 c:/altera/12.1sp1/nios2eds/bin/gnu/h-i686-mingw32/bin/../lib/gcc/nios2-elf/4.1.2/../../../../nios2-elf/lib\libc.a(lib_a-__atexit.o)
 .comment       0x00000000       0x27 c:/altera/12.1sp1/nios2eds/bin/gnu/h-i686-mingw32/bin/../lib/gcc/nios2-elf/4.1.2/../../../../nios2-elf/lib\libc.a(lib_a-__call_atexit.o)
 .comment       0x00000000       0x27 ../ex1_bsp/\libhal_bsp.a(alt_exit.o)

.debug
 *(.debug)

.line
 *(.line)

.debug_srcinfo
 *(.debug_srcinfo)

.debug_sfnames
 *(.debug_sfnames)

.debug_aranges  0x00000000      0x558
 *(.debug_aranges)
 .debug_aranges
                0x00000000       0x28 ../ex1_bsp//obj/HAL/src/crt0.o
 .debug_aranges
                0x00000028       0x20 obj/default/ex1.o
 .debug_aranges
                0x00000048       0x20 ../ex1_bsp/\libhal_bsp.a(alt_load.o)
 .debug_aranges
                0x00000068       0x20 ../ex1_bsp/\libhal_bsp.a(alt_main.o)
 .debug_aranges
                0x00000088       0x20 ../ex1_bsp/\libhal_bsp.a(alt_sys_init.o)
 .debug_aranges
                0x000000a8       0x20 ../ex1_bsp/\libhal_bsp.a(altera_avalon_jtag_uart_fd.o)
 .debug_aranges
                0x000000c8       0x20 ../ex1_bsp/\libhal_bsp.a(altera_avalon_jtag_uart_init.o)
 .debug_aranges
                0x000000e8       0x20 ../ex1_bsp/\libhal_bsp.a(altera_avalon_jtag_uart_ioctl.o)
 .debug_aranges
                0x00000108       0x20 ../ex1_bsp/\libhal_bsp.a(altera_avalon_jtag_uart_read.o)
 .debug_aranges
                0x00000128       0x20 ../ex1_bsp/\libhal_bsp.a(altera_avalon_jtag_uart_write.o)
 .debug_aranges
                0x00000148       0x20 ../ex1_bsp/\libhal_bsp.a(altera_avalon_timer_sc.o)
 .debug_aranges
                0x00000168       0x20 ../ex1_bsp/\libhal_bsp.a(alt_alarm_start.o)
 .debug_aranges
                0x00000188       0x20 ../ex1_bsp/\libhal_bsp.a(alt_close.o)
 .debug_aranges
                0x000001a8       0x20 ../ex1_bsp/\libhal_bsp.a(alt_dcache_flush_all.o)
 .debug_aranges
                0x000001c8       0x20 ../ex1_bsp/\libhal_bsp.a(alt_dev.o)
 .debug_aranges
                0x000001e8       0x20 ../ex1_bsp/\libhal_bsp.a(alt_dev_llist_insert.o)
 .debug_aranges
                0x00000208       0x20 ../ex1_bsp/\libhal_bsp.a(alt_do_ctors.o)
 .debug_aranges
                0x00000228       0x20 ../ex1_bsp/\libhal_bsp.a(alt_do_dtors.o)
 .debug_aranges
                0x00000248       0x20 ../ex1_bsp/\libhal_bsp.a(alt_icache_flush_all.o)
 .debug_aranges
                0x00000268       0x20 ../ex1_bsp/\libhal_bsp.a(alt_iic.o)
 .debug_aranges
                0x00000288       0x20 ../ex1_bsp/\libhal_bsp.a(alt_iic_isr_register.o)
 .debug_aranges
                0x000002a8       0x20 ../ex1_bsp/\libhal_bsp.a(alt_io_redirect.o)
 .debug_aranges
                0x000002c8       0x30 ../ex1_bsp/\libhal_bsp.a(alt_irq_entry.o)
 .debug_aranges
                0x000002f8       0x28 ../ex1_bsp/\libhal_bsp.a(alt_irq_handler.o)
 .debug_aranges
                0x00000320       0x20 ../ex1_bsp/\libhal_bsp.a(alt_open.o)
 .debug_aranges
                0x00000340       0x20 ../ex1_bsp/\libhal_bsp.a(alt_release_fd.o)
 .debug_aranges
                0x00000360       0x20 ../ex1_bsp/\libhal_bsp.a(alt_tick.o)
 .debug_aranges
                0x00000380       0x20 ../ex1_bsp/\libhal_bsp.a(altera_nios2_qsys_irq.o)
 .debug_aranges
                0x000003a0       0x38 ../ex1_bsp/\libhal_bsp.a(alt_exception_entry.o)
 .debug_aranges
                0x000003d8       0x20 ../ex1_bsp/\libhal_bsp.a(alt_find_dev.o)
 .debug_aranges
                0x000003f8       0x20 ../ex1_bsp/\libhal_bsp.a(alt_find_file.o)
 .debug_aranges
                0x00000418       0x20 ../ex1_bsp/\libhal_bsp.a(alt_get_fd.o)
 .debug_aranges
                0x00000438       0x20 ../ex1_bsp/\libhal_bsp.a(alt_icache_flush.o)
 .debug_aranges
                0x00000458       0x20 c:/altera/12.1sp1/nios2eds/bin/gnu/h-i686-mingw32/bin/../lib/gcc/nios2-elf/4.1.2/../../../../nios2-elf/lib\libc.a(lib_a-atexit.o)
 .debug_aranges
                0x00000478       0x20 c:/altera/12.1sp1/nios2eds/bin/gnu/h-i686-mingw32/bin/../lib/gcc/nios2-elf/4.1.2/../../../../nios2-elf/lib\libc.a(lib_a-exit.o)
 .debug_aranges
                0x00000498       0x20 c:/altera/12.1sp1/nios2eds/bin/gnu/h-i686-mingw32/bin/../lib/gcc/nios2-elf/4.1.2/../../../../nios2-elf/lib\libc.a(lib_a-memcmp.o)
 .debug_aranges
                0x000004b8       0x20 c:/altera/12.1sp1/nios2eds/bin/gnu/h-i686-mingw32/bin/../lib/gcc/nios2-elf/4.1.2/../../../../nios2-elf/lib\libc.a(lib_a-memcpy.o)
 .debug_aranges
                0x000004d8       0x20 c:/altera/12.1sp1/nios2eds/bin/gnu/h-i686-mingw32/bin/../lib/gcc/nios2-elf/4.1.2/../../../../nios2-elf/lib\libc.a(lib_a-strlen.o)
 .debug_aranges
                0x000004f8       0x20 c:/altera/12.1sp1/nios2eds/bin/gnu/h-i686-mingw32/bin/../lib/gcc/nios2-elf/4.1.2/../../../../nios2-elf/lib\libc.a(lib_a-__atexit.o)
 .debug_aranges
                0x00000518       0x20 c:/altera/12.1sp1/nios2eds/bin/gnu/h-i686-mingw32/bin/../lib/gcc/nios2-elf/4.1.2/../../../../nios2-elf/lib\libc.a(lib_a-__call_atexit.o)
 .debug_aranges
                0x00000538       0x20 ../ex1_bsp/\libhal_bsp.a(alt_exit.o)

.debug_pubnames
                0x00000000      0x7f0
 *(.debug_pubnames)
 .debug_pubnames
                0x00000000       0x1b obj/default/ex1.o
 .debug_pubnames
                0x0000001b       0x1f ../ex1_bsp/\libhal_bsp.a(alt_load.o)
 .debug_pubnames
                0x0000003a       0x46 ../ex1_bsp/\libhal_bsp.a(alt_main.o)
 .debug_pubnames
                0x00000080       0x34 ../ex1_bsp/\libhal_bsp.a(alt_sys_init.o)
 .debug_pubnames
                0x000000b4       0xa5 ../ex1_bsp/\libhal_bsp.a(altera_avalon_jtag_uart_fd.o)
 .debug_pubnames
                0x00000159       0x55 ../ex1_bsp/\libhal_bsp.a(altera_avalon_jtag_uart_init.o)
 .debug_pubnames
                0x000001ae       0x34 ../ex1_bsp/\libhal_bsp.a(altera_avalon_jtag_uart_ioctl.o)
 .debug_pubnames
                0x000001e2       0x33 ../ex1_bsp/\libhal_bsp.a(altera_avalon_jtag_uart_read.o)
 .debug_pubnames
                0x00000215       0x34 ../ex1_bsp/\libhal_bsp.a(altera_avalon_jtag_uart_write.o)
 .debug_pubnames
                0x00000249       0x2f ../ex1_bsp/\libhal_bsp.a(altera_avalon_timer_sc.o)
 .debug_pubnames
                0x00000278       0x26 ../ex1_bsp/\libhal_bsp.a(alt_alarm_start.o)
 .debug_pubnames
                0x0000029e       0x1c ../ex1_bsp/\libhal_bsp.a(alt_close.o)
 .debug_pubnames
                0x000002ba       0x2b ../ex1_bsp/\libhal_bsp.a(alt_dcache_flush_all.o)
 .debug_pubnames
                0x000002e5       0x63 ../ex1_bsp/\libhal_bsp.a(alt_dev.o)
 .debug_pubnames
                0x00000348       0x2b ../ex1_bsp/\libhal_bsp.a(alt_dev_llist_insert.o)
 .debug_pubnames
                0x00000373       0x20 ../ex1_bsp/\libhal_bsp.a(alt_do_ctors.o)
 .debug_pubnames
                0x00000393       0x20 ../ex1_bsp/\libhal_bsp.a(alt_do_dtors.o)
 .debug_pubnames
                0x000003b3       0x20 ../ex1_bsp/\libhal_bsp.a(alt_errno.o)
 .debug_pubnames
                0x000003d3       0x2b ../ex1_bsp/\libhal_bsp.a(alt_icache_flush_all.o)
 .debug_pubnames
                0x000003fe       0x6e ../ex1_bsp/\libhal_bsp.a(alt_iic.o)
 .debug_pubnames
                0x0000046c       0x2b ../ex1_bsp/\libhal_bsp.a(alt_iic_isr_register.o)
 .debug_pubnames
                0x00000497       0x26 ../ex1_bsp/\libhal_bsp.a(alt_io_redirect.o)
 .debug_pubnames
                0x000004bd       0x32 ../ex1_bsp/\libhal_bsp.a(alt_irq_handler.o)
 .debug_pubnames
                0x000004ef       0x3b ../ex1_bsp/\libhal_bsp.a(alt_irq_vars.o)
 .debug_pubnames
                0x0000052a       0x1b ../ex1_bsp/\libhal_bsp.a(alt_open.o)
 .debug_pubnames
                0x00000545       0x25 ../ex1_bsp/\libhal_bsp.a(alt_release_fd.o)
 .debug_pubnames
                0x0000056a       0x68 ../ex1_bsp/\libhal_bsp.a(alt_tick.o)
 .debug_pubnames
                0x000005d2       0x31 ../ex1_bsp/\libhal_bsp.a(altera_nios2_qsys_irq.o)
 .debug_pubnames
                0x00000603       0x23 ../ex1_bsp/\libhal_bsp.a(alt_find_dev.o)
 .debug_pubnames
                0x00000626       0x24 ../ex1_bsp/\libhal_bsp.a(alt_find_file.o)
 .debug_pubnames
                0x0000064a       0x21 ../ex1_bsp/\libhal_bsp.a(alt_get_fd.o)
 .debug_pubnames
                0x0000066b       0x27 ../ex1_bsp/\libhal_bsp.a(alt_icache_flush.o)
 .debug_pubnames
                0x00000692       0x2a c:/altera/12.1sp1/nios2eds/bin/gnu/h-i686-mingw32/bin/../lib/gcc/nios2-elf/4.1.2/../../../../nios2-elf/lib\libc.a(lib_a-atexit.o)
 .debug_pubnames
                0x000006bc       0x1b c:/altera/12.1sp1/nios2eds/bin/gnu/h-i686-mingw32/bin/../lib/gcc/nios2-elf/4.1.2/../../../../nios2-elf/lib\libc.a(lib_a-exit.o)
 .debug_pubnames
                0x000006d7       0x39 c:/altera/12.1sp1/nios2eds/bin/gnu/h-i686-mingw32/bin/../lib/gcc/nios2-elf/4.1.2/../../../../nios2-elf/lib\libc.a(lib_a-impure.o)
 .debug_pubnames
                0x00000710       0x1c c:/altera/12.1sp1/nios2eds/bin/gnu/h-i686-mingw32/bin/../lib/gcc/nios2-elf/4.1.2/../../../../nios2-elf/lib\libc.a(lib_a-int_errno.o)
 .debug_pubnames
                0x0000072c       0x1d c:/altera/12.1sp1/nios2eds/bin/gnu/h-i686-mingw32/bin/../lib/gcc/nios2-elf/4.1.2/../../../../nios2-elf/lib\libc.a(lib_a-memcmp.o)
 .debug_pubnames
                0x00000749       0x1d c:/altera/12.1sp1/nios2eds/bin/gnu/h-i686-mingw32/bin/../lib/gcc/nios2-elf/4.1.2/../../../../nios2-elf/lib\libc.a(lib_a-memcpy.o)
 .debug_pubnames
                0x00000766       0x1d c:/altera/12.1sp1/nios2eds/bin/gnu/h-i686-mingw32/bin/../lib/gcc/nios2-elf/4.1.2/../../../../nios2-elf/lib\libc.a(lib_a-strlen.o)
 .debug_pubnames
                0x00000783       0x2a c:/altera/12.1sp1/nios2eds/bin/gnu/h-i686-mingw32/bin/../lib/gcc/nios2-elf/4.1.2/../../../../nios2-elf/lib\libc.a(lib_a-__atexit.o)
 .debug_pubnames
                0x000007ad       0x27 c:/altera/12.1sp1/nios2eds/bin/gnu/h-i686-mingw32/bin/../lib/gcc/nios2-elf/4.1.2/../../../../nios2-elf/lib\libc.a(lib_a-__call_atexit.o)
 .debug_pubnames
                0x000007d4       0x1c ../ex1_bsp/\libhal_bsp.a(alt_exit.o)

.debug_info     0x00000000     0xa064
 *(.debug_info .gnu.linkonce.wi.*)
 .debug_info    0x00000000       0x6e ../ex1_bsp//obj/HAL/src/crt0.o
 .debug_info    0x0000006e      0x135 obj/default/ex1.o
 .debug_info    0x000001a3      0x280 ../ex1_bsp/\libhal_bsp.a(alt_load.o)
 .debug_info    0x00000423      0x218 ../ex1_bsp/\libhal_bsp.a(alt_main.o)
 .debug_info    0x0000063b      0x715 ../ex1_bsp/\libhal_bsp.a(alt_sys_init.o)
 .debug_info    0x00000d50      0x7cc ../ex1_bsp/\libhal_bsp.a(altera_avalon_jtag_uart_fd.o)
 .debug_info    0x0000151c      0x5f4 ../ex1_bsp/\libhal_bsp.a(altera_avalon_jtag_uart_init.o)
 .debug_info    0x00001b10      0x436 ../ex1_bsp/\libhal_bsp.a(altera_avalon_jtag_uart_ioctl.o)
 .debug_info    0x00001f46      0x539 ../ex1_bsp/\libhal_bsp.a(altera_avalon_jtag_uart_read.o)
 .debug_info    0x0000247f      0x531 ../ex1_bsp/\libhal_bsp.a(altera_avalon_jtag_uart_write.o)
 .debug_info    0x000029b0      0x37e ../ex1_bsp/\libhal_bsp.a(altera_avalon_timer_sc.o)
 .debug_info    0x00002d2e      0x435 ../ex1_bsp/\libhal_bsp.a(alt_alarm_start.o)
 .debug_info    0x00003163      0x45a ../ex1_bsp/\libhal_bsp.a(alt_close.o)
 .debug_info    0x000035bd      0x14f ../ex1_bsp/\libhal_bsp.a(alt_dcache_flush_all.o)
 .debug_info    0x0000370c      0x672 ../ex1_bsp/\libhal_bsp.a(alt_dev.o)
 .debug_info    0x00003d7e      0x2aa ../ex1_bsp/\libhal_bsp.a(alt_dev_llist_insert.o)
 .debug_info    0x00004028      0x102 ../ex1_bsp/\libhal_bsp.a(alt_do_ctors.o)
 .debug_info    0x0000412a      0x101 ../ex1_bsp/\libhal_bsp.a(alt_do_dtors.o)
 .debug_info    0x0000422b      0x157 ../ex1_bsp/\libhal_bsp.a(alt_errno.o)
 .debug_info    0x00004382      0x14f ../ex1_bsp/\libhal_bsp.a(alt_icache_flush_all.o)
 .debug_info    0x000044d1      0x486 ../ex1_bsp/\libhal_bsp.a(alt_iic.o)
 .debug_info    0x00004957      0x307 ../ex1_bsp/\libhal_bsp.a(alt_iic_isr_register.o)
 .debug_info    0x00004c5e      0x688 ../ex1_bsp/\libhal_bsp.a(alt_io_redirect.o)
 .debug_info    0x000052e6       0x77 ../ex1_bsp/\libhal_bsp.a(alt_irq_entry.o)
 .debug_info    0x0000535d      0x268 ../ex1_bsp/\libhal_bsp.a(alt_irq_handler.o)
 .debug_info    0x000055c5      0x15a ../ex1_bsp/\libhal_bsp.a(alt_irq_vars.o)
 .debug_info    0x0000571f      0x518 ../ex1_bsp/\libhal_bsp.a(alt_open.o)
 .debug_info    0x00005c37      0x3e5 ../ex1_bsp/\libhal_bsp.a(alt_release_fd.o)
 .debug_info    0x0000601c      0x3f1 ../ex1_bsp/\libhal_bsp.a(alt_tick.o)
 .debug_info    0x0000640d      0x156 ../ex1_bsp/\libhal_bsp.a(altera_nios2_qsys_irq.o)
 .debug_info    0x00006563       0x7d ../ex1_bsp/\libhal_bsp.a(alt_exception_entry.o)
 .debug_info    0x000065e0      0x40b ../ex1_bsp/\libhal_bsp.a(alt_find_dev.o)
 .debug_info    0x000069eb      0x412 ../ex1_bsp/\libhal_bsp.a(alt_find_file.o)
 .debug_info    0x00006dfd      0x453 ../ex1_bsp/\libhal_bsp.a(alt_get_fd.o)
 .debug_info    0x00007250      0x197 ../ex1_bsp/\libhal_bsp.a(alt_icache_flush.o)
 .debug_info    0x000073e7      0x181 c:/altera/12.1sp1/nios2eds/bin/gnu/h-i686-mingw32/bin/../lib/gcc/nios2-elf/4.1.2/../../../../nios2-elf/lib\libc.a(lib_a-atexit.o)
 .debug_info    0x00007568      0x93f c:/altera/12.1sp1/nios2eds/bin/gnu/h-i686-mingw32/bin/../lib/gcc/nios2-elf/4.1.2/../../../../nios2-elf/lib\libc.a(lib_a-exit.o)
 .debug_info    0x00007ea7      0x93d c:/altera/12.1sp1/nios2eds/bin/gnu/h-i686-mingw32/bin/../lib/gcc/nios2-elf/4.1.2/../../../../nios2-elf/lib\libc.a(lib_a-impure.o)
 .debug_info    0x000087e4       0x8c c:/altera/12.1sp1/nios2eds/bin/gnu/h-i686-mingw32/bin/../lib/gcc/nios2-elf/4.1.2/../../../../nios2-elf/lib\libc.a(lib_a-int_errno.o)
 .debug_info    0x00008870      0x115 c:/altera/12.1sp1/nios2eds/bin/gnu/h-i686-mingw32/bin/../lib/gcc/nios2-elf/4.1.2/../../../../nios2-elf/lib\libc.a(lib_a-memcmp.o)
 .debug_info    0x00008985      0x106 c:/altera/12.1sp1/nios2eds/bin/gnu/h-i686-mingw32/bin/../lib/gcc/nios2-elf/4.1.2/../../../../nios2-elf/lib\libc.a(lib_a-memcpy.o)
 .debug_info    0x00008a8b       0xdb c:/altera/12.1sp1/nios2eds/bin/gnu/h-i686-mingw32/bin/../lib/gcc/nios2-elf/4.1.2/../../../../nios2-elf/lib\libc.a(lib_a-strlen.o)
 .debug_info    0x00008b66      0x99c c:/altera/12.1sp1/nios2eds/bin/gnu/h-i686-mingw32/bin/../lib/gcc/nios2-elf/4.1.2/../../../../nios2-elf/lib\libc.a(lib_a-__atexit.o)
 .debug_info    0x00009502      0x9e2 c:/altera/12.1sp1/nios2eds/bin/gnu/h-i686-mingw32/bin/../lib/gcc/nios2-elf/4.1.2/../../../../nios2-elf/lib\libc.a(lib_a-__call_atexit.o)
 .debug_info    0x00009ee4      0x180 ../ex1_bsp/\libhal_bsp.a(alt_exit.o)

.debug_abbrev   0x00000000     0x254e
 *(.debug_abbrev)
 .debug_abbrev  0x00000000       0x12 ../ex1_bsp//obj/HAL/src/crt0.o
 .debug_abbrev  0x00000012       0x45 obj/default/ex1.o
 .debug_abbrev  0x00000057       0x88 ../ex1_bsp/\libhal_bsp.a(alt_load.o)
 .debug_abbrev  0x000000df       0xb7 ../ex1_bsp/\libhal_bsp.a(alt_main.o)
 .debug_abbrev  0x00000196      0x142 ../ex1_bsp/\libhal_bsp.a(alt_sys_init.o)
 .debug_abbrev  0x000002d8       0xf7 ../ex1_bsp/\libhal_bsp.a(altera_avalon_jtag_uart_fd.o)
 .debug_abbrev  0x000003cf      0x17c ../ex1_bsp/\libhal_bsp.a(altera_avalon_jtag_uart_init.o)
 .debug_abbrev  0x0000054b       0xf0 ../ex1_bsp/\libhal_bsp.a(altera_avalon_jtag_uart_ioctl.o)
 .debug_abbrev  0x0000063b      0x191 ../ex1_bsp/\libhal_bsp.a(altera_avalon_jtag_uart_read.o)
 .debug_abbrev  0x000007cc      0x18d ../ex1_bsp/\libhal_bsp.a(altera_avalon_jtag_uart_write.o)
 .debug_abbrev  0x00000959      0x137 ../ex1_bsp/\libhal_bsp.a(altera_avalon_timer_sc.o)
 .debug_abbrev  0x00000a90      0x172 ../ex1_bsp/\libhal_bsp.a(alt_alarm_start.o)
 .debug_abbrev  0x00000c02       0xfb ../ex1_bsp/\libhal_bsp.a(alt_close.o)
 .debug_abbrev  0x00000cfd       0x3f ../ex1_bsp/\libhal_bsp.a(alt_dcache_flush_all.o)
 .debug_abbrev  0x00000d3c       0xc7 ../ex1_bsp/\libhal_bsp.a(alt_dev.o)
 .debug_abbrev  0x00000e03       0xf6 ../ex1_bsp/\libhal_bsp.a(alt_dev_llist_insert.o)
 .debug_abbrev  0x00000ef9       0x76 ../ex1_bsp/\libhal_bsp.a(alt_do_ctors.o)
 .debug_abbrev  0x00000f6f       0x76 ../ex1_bsp/\libhal_bsp.a(alt_do_dtors.o)
 .debug_abbrev  0x00000fe5       0x5e ../ex1_bsp/\libhal_bsp.a(alt_errno.o)
 .debug_abbrev  0x00001043       0x3f ../ex1_bsp/\libhal_bsp.a(alt_icache_flush_all.o)
 .debug_abbrev  0x00001082      0x134 ../ex1_bsp/\libhal_bsp.a(alt_iic.o)
 .debug_abbrev  0x000011b6      0x14e ../ex1_bsp/\libhal_bsp.a(alt_iic_isr_register.o)
 .debug_abbrev  0x00001304       0xf0 ../ex1_bsp/\libhal_bsp.a(alt_io_redirect.o)
 .debug_abbrev  0x000013f4       0x12 ../ex1_bsp/\libhal_bsp.a(alt_irq_entry.o)
 .debug_abbrev  0x00001406      0x10c ../ex1_bsp/\libhal_bsp.a(alt_irq_handler.o)
 .debug_abbrev  0x00001512       0x44 ../ex1_bsp/\libhal_bsp.a(alt_irq_vars.o)
 .debug_abbrev  0x00001556      0x112 ../ex1_bsp/\libhal_bsp.a(alt_open.o)
 .debug_abbrev  0x00001668       0xc1 ../ex1_bsp/\libhal_bsp.a(alt_release_fd.o)
 .debug_abbrev  0x00001729      0x150 ../ex1_bsp/\libhal_bsp.a(alt_tick.o)
 .debug_abbrev  0x00001879       0x3f ../ex1_bsp/\libhal_bsp.a(altera_nios2_qsys_irq.o)
 .debug_abbrev  0x000018b8       0x12 ../ex1_bsp/\libhal_bsp.a(alt_exception_entry.o)
 .debug_abbrev  0x000018ca       0xcf ../ex1_bsp/\libhal_bsp.a(alt_find_dev.o)
 .debug_abbrev  0x00001999       0xcf ../ex1_bsp/\libhal_bsp.a(alt_find_file.o)
 .debug_abbrev  0x00001a68       0xfb ../ex1_bsp/\libhal_bsp.a(alt_get_fd.o)
 .debug_abbrev  0x00001b63       0x7a ../ex1_bsp/\libhal_bsp.a(alt_icache_flush.o)
 .debug_abbrev  0x00001bdd       0xb7 c:/altera/12.1sp1/nios2eds/bin/gnu/h-i686-mingw32/bin/../lib/gcc/nios2-elf/4.1.2/../../../../nios2-elf/lib\libc.a(lib_a-atexit.o)
 .debug_abbrev  0x00001c94      0x16e c:/altera/12.1sp1/nios2eds/bin/gnu/h-i686-mingw32/bin/../lib/gcc/nios2-elf/4.1.2/../../../../nios2-elf/lib\libc.a(lib_a-exit.o)
 .debug_abbrev  0x00001e02      0x157 c:/altera/12.1sp1/nios2eds/bin/gnu/h-i686-mingw32/bin/../lib/gcc/nios2-elf/4.1.2/../../../../nios2-elf/lib\libc.a(lib_a-impure.o)
 .debug_abbrev  0x00001f59       0x3b c:/altera/12.1sp1/nios2eds/bin/gnu/h-i686-mingw32/bin/../lib/gcc/nios2-elf/4.1.2/../../../../nios2-elf/lib\libc.a(lib_a-int_errno.o)
 .debug_abbrev  0x00001f94       0x7c c:/altera/12.1sp1/nios2eds/bin/gnu/h-i686-mingw32/bin/../lib/gcc/nios2-elf/4.1.2/../../../../nios2-elf/lib\libc.a(lib_a-memcmp.o)
 .debug_abbrev  0x00002010       0xb5 c:/altera/12.1sp1/nios2eds/bin/gnu/h-i686-mingw32/bin/../lib/gcc/nios2-elf/4.1.2/../../../../nios2-elf/lib\libc.a(lib_a-memcpy.o)
 .debug_abbrev  0x000020c5       0x8b c:/altera/12.1sp1/nios2eds/bin/gnu/h-i686-mingw32/bin/../lib/gcc/nios2-elf/4.1.2/../../../../nios2-elf/lib\libc.a(lib_a-strlen.o)
 .debug_abbrev  0x00002150      0x1ae c:/altera/12.1sp1/nios2eds/bin/gnu/h-i686-mingw32/bin/../lib/gcc/nios2-elf/4.1.2/../../../../nios2-elf/lib\libc.a(lib_a-__atexit.o)
 .debug_abbrev  0x000022fe      0x1de c:/altera/12.1sp1/nios2eds/bin/gnu/h-i686-mingw32/bin/../lib/gcc/nios2-elf/4.1.2/../../../../nios2-elf/lib\libc.a(lib_a-__call_atexit.o)
 .debug_abbrev  0x000024dc       0x72 ../ex1_bsp/\libhal_bsp.a(alt_exit.o)

.debug_line     0x00000000     0x62d6
 *(.debug_line)
 .debug_line    0x00000000       0x6c ../ex1_bsp//obj/HAL/src/crt0.o
 .debug_line    0x0000006c       0xd7 obj/default/ex1.o
 .debug_line    0x00000143      0x217 ../ex1_bsp/\libhal_bsp.a(alt_load.o)
 .debug_line    0x0000035a      0x2ca ../ex1_bsp/\libhal_bsp.a(alt_main.o)
 .debug_line    0x00000624      0x2c7 ../ex1_bsp/\libhal_bsp.a(alt_sys_init.o)
 .debug_line    0x000008eb      0x217 ../ex1_bsp/\libhal_bsp.a(altera_avalon_jtag_uart_fd.o)
 .debug_line    0x00000b02      0x4ab ../ex1_bsp/\libhal_bsp.a(altera_avalon_jtag_uart_init.o)
 .debug_line    0x00000fad      0x317 ../ex1_bsp/\libhal_bsp.a(altera_avalon_jtag_uart_ioctl.o)
 .debug_line    0x000012c4      0x3f7 ../ex1_bsp/\libhal_bsp.a(altera_avalon_jtag_uart_read.o)
 .debug_line    0x000016bb      0x405 ../ex1_bsp/\libhal_bsp.a(altera_avalon_jtag_uart_write.o)
 .debug_line    0x00001ac0      0x2b3 ../ex1_bsp/\libhal_bsp.a(altera_avalon_timer_sc.o)
 .debug_line    0x00001d73      0x2dc ../ex1_bsp/\libhal_bsp.a(alt_alarm_start.o)
 .debug_line    0x0000204f      0x299 ../ex1_bsp/\libhal_bsp.a(alt_close.o)
 .debug_line    0x000022e8      0x1b5 ../ex1_bsp/\libhal_bsp.a(alt_dcache_flush_all.o)
 .debug_line    0x0000249d      0x254 ../ex1_bsp/\libhal_bsp.a(alt_dev.o)
 .debug_line    0x000026f1      0x25a ../ex1_bsp/\libhal_bsp.a(alt_dev_llist_insert.o)
 .debug_line    0x0000294b       0x83 ../ex1_bsp/\libhal_bsp.a(alt_do_ctors.o)
 .debug_line    0x000029ce       0x83 ../ex1_bsp/\libhal_bsp.a(alt_do_dtors.o)
 .debug_line    0x00002a51      0x1aa ../ex1_bsp/\libhal_bsp.a(alt_errno.o)
 .debug_line    0x00002bfb      0x1bd ../ex1_bsp/\libhal_bsp.a(alt_icache_flush_all.o)
 .debug_line    0x00002db8      0x2c8 ../ex1_bsp/\libhal_bsp.a(alt_iic.o)
 .debug_line    0x00003080      0x249 ../ex1_bsp/\libhal_bsp.a(alt_iic_isr_register.o)
 .debug_line    0x000032c9      0x2b4 ../ex1_bsp/\libhal_bsp.a(alt_io_redirect.o)
 .debug_line    0x0000357d       0x6b ../ex1_bsp/\libhal_bsp.a(alt_irq_entry.o)
 .debug_line    0x000035e8      0x248 ../ex1_bsp/\libhal_bsp.a(alt_irq_handler.o)
 .debug_line    0x00003830       0x72 ../ex1_bsp/\libhal_bsp.a(alt_irq_vars.o)
 .debug_line    0x000038a2      0x2ff ../ex1_bsp/\libhal_bsp.a(alt_open.o)
 .debug_line    0x00003ba1       0xed ../ex1_bsp/\libhal_bsp.a(alt_release_fd.o)
 .debug_line    0x00003c8e      0x2dc ../ex1_bsp/\libhal_bsp.a(alt_tick.o)
 .debug_line    0x00003f6a      0x1ce ../ex1_bsp/\libhal_bsp.a(altera_nios2_qsys_irq.o)
 .debug_line    0x00004138       0xab ../ex1_bsp/\libhal_bsp.a(alt_exception_entry.o)
 .debug_line    0x000041e3      0x26b ../ex1_bsp/\libhal_bsp.a(alt_find_dev.o)
 .debug_line    0x0000444e      0x27c ../ex1_bsp/\libhal_bsp.a(alt_find_file.o)
 .debug_line    0x000046ca      0x297 ../ex1_bsp/\libhal_bsp.a(alt_get_fd.o)
 .debug_line    0x00004961      0x1f9 ../ex1_bsp/\libhal_bsp.a(alt_icache_flush.o)
 .debug_line    0x00004b5a      0x200 c:/altera/12.1sp1/nios2eds/bin/gnu/h-i686-mingw32/bin/../lib/gcc/nios2-elf/4.1.2/../../../../nios2-elf/lib\libc.a(lib_a-atexit.o)
 .debug_line    0x00004d5a      0x238 c:/altera/12.1sp1/nios2eds/bin/gnu/h-i686-mingw32/bin/../lib/gcc/nios2-elf/4.1.2/../../../../nios2-elf/lib\libc.a(lib_a-exit.o)
 .debug_line    0x00004f92      0x22d c:/altera/12.1sp1/nios2eds/bin/gnu/h-i686-mingw32/bin/../lib/gcc/nios2-elf/4.1.2/../../../../nios2-elf/lib\libc.a(lib_a-impure.o)
 .debug_line    0x000051bf      0x1df c:/altera/12.1sp1/nios2eds/bin/gnu/h-i686-mingw32/bin/../lib/gcc/nios2-elf/4.1.2/../../../../nios2-elf/lib\libc.a(lib_a-int_errno.o)
 .debug_line    0x0000539e      0x29f c:/altera/12.1sp1/nios2eds/bin/gnu/h-i686-mingw32/bin/../lib/gcc/nios2-elf/4.1.2/../../../../nios2-elf/lib\libc.a(lib_a-memcmp.o)
 .debug_line    0x0000563d      0x1ac c:/altera/12.1sp1/nios2eds/bin/gnu/h-i686-mingw32/bin/../lib/gcc/nios2-elf/4.1.2/../../../../nios2-elf/lib\libc.a(lib_a-memcpy.o)
 .debug_line    0x000057e9      0x26d c:/altera/12.1sp1/nios2eds/bin/gnu/h-i686-mingw32/bin/../lib/gcc/nios2-elf/4.1.2/../../../../nios2-elf/lib\libc.a(lib_a-strlen.o)
 .debug_line    0x00005a56      0x313 c:/altera/12.1sp1/nios2eds/bin/gnu/h-i686-mingw32/bin/../lib/gcc/nios2-elf/4.1.2/../../../../nios2-elf/lib\libc.a(lib_a-__atexit.o)
 .debug_line    0x00005d69      0x367 c:/altera/12.1sp1/nios2eds/bin/gnu/h-i686-mingw32/bin/../lib/gcc/nios2-elf/4.1.2/../../../../nios2-elf/lib\libc.a(lib_a-__call_atexit.o)
 .debug_line    0x000060d0      0x206 ../ex1_bsp/\libhal_bsp.a(alt_exit.o)

.debug_frame    0x00000000      0x8ac
 *(.debug_frame)
 .debug_frame   0x00000000       0x2c obj/default/ex1.o
 .debug_frame   0x0000002c       0x48 ../ex1_bsp/\libhal_bsp.a(alt_load.o)
 .debug_frame   0x00000074       0x2c ../ex1_bsp/\libhal_bsp.a(alt_main.o)
 .debug_frame   0x000000a0       0x64 ../ex1_bsp/\libhal_bsp.a(alt_sys_init.o)
 .debug_frame   0x00000104       0x80 ../ex1_bsp/\libhal_bsp.a(altera_avalon_jtag_uart_fd.o)
 .debug_frame   0x00000184       0x80 ../ex1_bsp/\libhal_bsp.a(altera_avalon_jtag_uart_init.o)
 .debug_frame   0x00000204       0x2c ../ex1_bsp/\libhal_bsp.a(altera_avalon_jtag_uart_ioctl.o)
 .debug_frame   0x00000230       0x2c ../ex1_bsp/\libhal_bsp.a(altera_avalon_jtag_uart_read.o)
 .debug_frame   0x0000025c       0x2c ../ex1_bsp/\libhal_bsp.a(altera_avalon_jtag_uart_write.o)
 .debug_frame   0x00000288       0x48 ../ex1_bsp/\libhal_bsp.a(altera_avalon_timer_sc.o)
 .debug_frame   0x000002d0       0x2c ../ex1_bsp/\libhal_bsp.a(alt_alarm_start.o)
 .debug_frame   0x000002fc       0x48 ../ex1_bsp/\libhal_bsp.a(alt_close.o)
 .debug_frame   0x00000344       0x2c ../ex1_bsp/\libhal_bsp.a(alt_dcache_flush_all.o)
 .debug_frame   0x00000370       0x2c ../ex1_bsp/\libhal_bsp.a(alt_dev.o)
 .debug_frame   0x0000039c       0x48 ../ex1_bsp/\libhal_bsp.a(alt_dev_llist_insert.o)
 .debug_frame   0x000003e4       0x2c ../ex1_bsp/\libhal_bsp.a(alt_do_ctors.o)
 .debug_frame   0x00000410       0x2c ../ex1_bsp/\libhal_bsp.a(alt_do_dtors.o)
 .debug_frame   0x0000043c       0x2c ../ex1_bsp/\libhal_bsp.a(alt_icache_flush_all.o)
 .debug_frame   0x00000468       0x80 ../ex1_bsp/\libhal_bsp.a(alt_iic.o)
 .debug_frame   0x000004e8       0x2c ../ex1_bsp/\libhal_bsp.a(alt_iic_isr_register.o)
 .debug_frame   0x00000514       0x48 ../ex1_bsp/\libhal_bsp.a(alt_io_redirect.o)
 .debug_frame   0x0000055c       0x2c ../ex1_bsp/\libhal_bsp.a(alt_irq_handler.o)
 .debug_frame   0x00000588       0x64 ../ex1_bsp/\libhal_bsp.a(alt_open.o)
 .debug_frame   0x000005ec       0x2c ../ex1_bsp/\libhal_bsp.a(alt_release_fd.o)
 .debug_frame   0x00000618       0x48 ../ex1_bsp/\libhal_bsp.a(alt_tick.o)
 .debug_frame   0x00000660       0x2c ../ex1_bsp/\libhal_bsp.a(altera_nios2_qsys_irq.o)
 .debug_frame   0x0000068c       0x2c ../ex1_bsp/\libhal_bsp.a(alt_find_dev.o)
 .debug_frame   0x000006b8       0x2c ../ex1_bsp/\libhal_bsp.a(alt_find_file.o)
 .debug_frame   0x000006e4       0x2c ../ex1_bsp/\libhal_bsp.a(alt_get_fd.o)
 .debug_frame   0x00000710       0x2c ../ex1_bsp/\libhal_bsp.a(alt_icache_flush.o)
 .debug_frame   0x0000073c       0x20 c:/altera/12.1sp1/nios2eds/bin/gnu/h-i686-mingw32/bin/../lib/gcc/nios2-elf/4.1.2/../../../../nios2-elf/lib\libc.a(lib_a-atexit.o)
 .debug_frame   0x0000075c       0x28 c:/altera/12.1sp1/nios2eds/bin/gnu/h-i686-mingw32/bin/../lib/gcc/nios2-elf/4.1.2/../../../../nios2-elf/lib\libc.a(lib_a-exit.o)
 .debug_frame   0x00000784       0x20 c:/altera/12.1sp1/nios2eds/bin/gnu/h-i686-mingw32/bin/../lib/gcc/nios2-elf/4.1.2/../../../../nios2-elf/lib\libc.a(lib_a-memcmp.o)
 .debug_frame   0x000007a4       0x20 c:/altera/12.1sp1/nios2eds/bin/gnu/h-i686-mingw32/bin/../lib/gcc/nios2-elf/4.1.2/../../../../nios2-elf/lib\libc.a(lib_a-memcpy.o)
 .debug_frame   0x000007c4       0x20 c:/altera/12.1sp1/nios2eds/bin/gnu/h-i686-mingw32/bin/../lib/gcc/nios2-elf/4.1.2/../../../../nios2-elf/lib\libc.a(lib_a-strlen.o)
 .debug_frame   0x000007e4       0x34 c:/altera/12.1sp1/nios2eds/bin/gnu/h-i686-mingw32/bin/../lib/gcc/nios2-elf/4.1.2/../../../../nios2-elf/lib\libc.a(lib_a-__atexit.o)
 .debug_frame   0x00000818       0x4c c:/altera/12.1sp1/nios2eds/bin/gnu/h-i686-mingw32/bin/../lib/gcc/nios2-elf/4.1.2/../../../../nios2-elf/lib\libc.a(lib_a-__call_atexit.o)
 .debug_frame   0x00000864       0x48 ../ex1_bsp/\libhal_bsp.a(alt_exit.o)

.debug_str      0x00000000      0xaaa
 *(.debug_str)
 .debug_str     0x00000000       0x12 ../ex1_bsp/\libhal_bsp.a(alt_load.o)
 .debug_str     0x00000012       0x12 ../ex1_bsp/\libhal_bsp.a(alt_main.o)
 .debug_str     0x00000024       0x12 ../ex1_bsp/\libhal_bsp.a(alt_sys_init.o)
 .debug_str     0x00000036       0x12 ../ex1_bsp/\libhal_bsp.a(altera_avalon_jtag_uart_fd.o)
 .debug_str     0x00000048       0x1a ../ex1_bsp/\libhal_bsp.a(altera_avalon_jtag_uart_init.o)
 .debug_str     0x00000062       0x12 ../ex1_bsp/\libhal_bsp.a(altera_avalon_jtag_uart_ioctl.o)
 .debug_str     0x00000074       0x1a ../ex1_bsp/\libhal_bsp.a(altera_avalon_jtag_uart_read.o)
 .debug_str     0x0000008e       0x1a ../ex1_bsp/\libhal_bsp.a(altera_avalon_jtag_uart_write.o)
 .debug_str     0x000000a8       0x12 ../ex1_bsp/\libhal_bsp.a(altera_avalon_timer_sc.o)
 .debug_str     0x000000ba       0x23 ../ex1_bsp/\libhal_bsp.a(alt_alarm_start.o)
 .debug_str     0x000000dd       0x12 ../ex1_bsp/\libhal_bsp.a(alt_close.o)
 .debug_str     0x000000ef       0x12 ../ex1_bsp/\libhal_bsp.a(alt_dcache_flush_all.o)
 .debug_str     0x00000101       0x12 ../ex1_bsp/\libhal_bsp.a(alt_dev.o)
 .debug_str     0x00000113       0x12 ../ex1_bsp/\libhal_bsp.a(alt_dev_llist_insert.o)
 .debug_str     0x00000125       0x12 ../ex1_bsp/\libhal_bsp.a(alt_errno.o)
 .debug_str     0x00000137       0x12 ../ex1_bsp/\libhal_bsp.a(alt_icache_flush_all.o)
 .debug_str     0x00000149       0x18 ../ex1_bsp/\libhal_bsp.a(alt_iic.o)
 .debug_str     0x00000161       0x1a ../ex1_bsp/\libhal_bsp.a(alt_iic_isr_register.o)
 .debug_str     0x0000017b       0x12 ../ex1_bsp/\libhal_bsp.a(alt_io_redirect.o)
 .debug_str     0x0000018d       0x12 ../ex1_bsp/\libhal_bsp.a(alt_irq_handler.o)
 .debug_str     0x0000019f       0x12 ../ex1_bsp/\libhal_bsp.a(alt_open.o)
 .debug_str     0x000001b1       0x1a ../ex1_bsp/\libhal_bsp.a(alt_tick.o)
 .debug_str     0x000001cb       0x12 ../ex1_bsp/\libhal_bsp.a(altera_nios2_qsys_irq.o)
 .debug_str     0x000001dd       0x12 ../ex1_bsp/\libhal_bsp.a(alt_find_dev.o)
 .debug_str     0x000001ef       0x12 ../ex1_bsp/\libhal_bsp.a(alt_find_file.o)
 .debug_str     0x00000201       0x12 ../ex1_bsp/\libhal_bsp.a(alt_get_fd.o)
 .debug_str     0x00000213       0x12 ../ex1_bsp/\libhal_bsp.a(alt_icache_flush.o)
 .debug_str     0x00000225      0x179 c:/altera/12.1sp1/nios2eds/bin/gnu/h-i686-mingw32/bin/../lib/gcc/nios2-elf/4.1.2/../../../../nios2-elf/lib\libc.a(lib_a-atexit.o)
                                0x1bf (size before relaxing)
 .debug_str     0x0000039e      0x384 c:/altera/12.1sp1/nios2eds/bin/gnu/h-i686-mingw32/bin/../lib/gcc/nios2-elf/4.1.2/../../../../nios2-elf/lib\libc.a(lib_a-exit.o)
                                0x50c (size before relaxing)
 .debug_str     0x00000722       0xd1 c:/altera/12.1sp1/nios2eds/bin/gnu/h-i686-mingw32/bin/../lib/gcc/nios2-elf/4.1.2/../../../../nios2-elf/lib\libc.a(lib_a-impure.o)
                                0x51a (size before relaxing)
 .debug_str     0x000007f3       0x3d c:/altera/12.1sp1/nios2eds/bin/gnu/h-i686-mingw32/bin/../lib/gcc/nios2-elf/4.1.2/../../../../nios2-elf/lib\libc.a(lib_a-int_errno.o)
                                0x163 (size before relaxing)
 .debug_str     0x00000830       0xd5 c:/altera/12.1sp1/nios2eds/bin/gnu/h-i686-mingw32/bin/../lib/gcc/nios2-elf/4.1.2/../../../../nios2-elf/lib\libc.a(lib_a-memcmp.o)
                                0x16a (size before relaxing)
 .debug_str     0x00000905       0x69 c:/altera/12.1sp1/nios2eds/bin/gnu/h-i686-mingw32/bin/../lib/gcc/nios2-elf/4.1.2/../../../../nios2-elf/lib\libc.a(lib_a-memcpy.o)
                                0x128 (size before relaxing)
 .debug_str     0x0000096e       0x4f c:/altera/12.1sp1/nios2eds/bin/gnu/h-i686-mingw32/bin/../lib/gcc/nios2-elf/4.1.2/../../../../nios2-elf/lib\libc.a(lib_a-strlen.o)
                                0x17d (size before relaxing)
 .debug_str     0x000009bd       0x56 c:/altera/12.1sp1/nios2eds/bin/gnu/h-i686-mingw32/bin/../lib/gcc/nios2-elf/4.1.2/../../../../nios2-elf/lib\libc.a(lib_a-__atexit.o)
                                0x524 (size before relaxing)
 .debug_str     0x00000a13       0x7b c:/altera/12.1sp1/nios2eds/bin/gnu/h-i686-mingw32/bin/../lib/gcc/nios2-elf/4.1.2/../../../../nios2-elf/lib\libc.a(lib_a-__call_atexit.o)
                                0x54e (size before relaxing)
 .debug_str     0x00000a8e       0x1c ../ex1_bsp/\libhal_bsp.a(alt_exit.o)

.debug_loc      0x00000000      0xdf1
 *(.debug_loc)
 .debug_loc     0x00000000       0x2b obj/default/ex1.o
 .debug_loc     0x0000002b       0x56 ../ex1_bsp/\libhal_bsp.a(alt_load.o)
 .debug_loc     0x00000081       0x2b ../ex1_bsp/\libhal_bsp.a(alt_main.o)
 .debug_loc     0x000000ac       0x81 ../ex1_bsp/\libhal_bsp.a(alt_sys_init.o)
 .debug_loc     0x0000012d       0xac ../ex1_bsp/\libhal_bsp.a(altera_avalon_jtag_uart_fd.o)
 .debug_loc     0x000001d9       0xac ../ex1_bsp/\libhal_bsp.a(altera_avalon_jtag_uart_init.o)
 .debug_loc     0x00000285       0x2b ../ex1_bsp/\libhal_bsp.a(altera_avalon_jtag_uart_ioctl.o)
 .debug_loc     0x000002b0       0x2b ../ex1_bsp/\libhal_bsp.a(altera_avalon_jtag_uart_read.o)
 .debug_loc     0x000002db       0x2b ../ex1_bsp/\libhal_bsp.a(altera_avalon_jtag_uart_write.o)
 .debug_loc     0x00000306       0x56 ../ex1_bsp/\libhal_bsp.a(altera_avalon_timer_sc.o)
 .debug_loc     0x0000035c       0x2b ../ex1_bsp/\libhal_bsp.a(alt_alarm_start.o)
 .debug_loc     0x00000387       0x56 ../ex1_bsp/\libhal_bsp.a(alt_close.o)
 .debug_loc     0x000003dd       0x2b ../ex1_bsp/\libhal_bsp.a(alt_dcache_flush_all.o)
 .debug_loc     0x00000408       0x2b ../ex1_bsp/\libhal_bsp.a(alt_dev.o)
 .debug_loc     0x00000433       0x56 ../ex1_bsp/\libhal_bsp.a(alt_dev_llist_insert.o)
 .debug_loc     0x00000489       0x2b ../ex1_bsp/\libhal_bsp.a(alt_do_ctors.o)
 .debug_loc     0x000004b4       0x2b ../ex1_bsp/\libhal_bsp.a(alt_do_dtors.o)
 .debug_loc     0x000004df       0x2b ../ex1_bsp/\libhal_bsp.a(alt_icache_flush_all.o)
 .debug_loc     0x0000050a       0xac ../ex1_bsp/\libhal_bsp.a(alt_iic.o)
 .debug_loc     0x000005b6       0x2b ../ex1_bsp/\libhal_bsp.a(alt_iic_isr_register.o)
 .debug_loc     0x000005e1       0x56 ../ex1_bsp/\libhal_bsp.a(alt_io_redirect.o)
 .debug_loc     0x00000637       0x2b ../ex1_bsp/\libhal_bsp.a(alt_irq_handler.o)
 .debug_loc     0x00000662       0x81 ../ex1_bsp/\libhal_bsp.a(alt_open.o)
 .debug_loc     0x000006e3       0x2b ../ex1_bsp/\libhal_bsp.a(alt_release_fd.o)
 .debug_loc     0x0000070e       0x56 ../ex1_bsp/\libhal_bsp.a(alt_tick.o)
 .debug_loc     0x00000764       0x2b ../ex1_bsp/\libhal_bsp.a(altera_nios2_qsys_irq.o)
 .debug_loc     0x0000078f       0x2b ../ex1_bsp/\libhal_bsp.a(alt_find_dev.o)
 .debug_loc     0x000007ba       0x2b ../ex1_bsp/\libhal_bsp.a(alt_find_file.o)
 .debug_loc     0x000007e5       0x2b ../ex1_bsp/\libhal_bsp.a(alt_get_fd.o)
 .debug_loc     0x00000810       0x2b ../ex1_bsp/\libhal_bsp.a(alt_icache_flush.o)
 .debug_loc     0x0000083b       0x1e c:/altera/12.1sp1/nios2eds/bin/gnu/h-i686-mingw32/bin/../lib/gcc/nios2-elf/4.1.2/../../../../nios2-elf/lib\libc.a(lib_a-atexit.o)
 .debug_loc     0x00000859       0x3d c:/altera/12.1sp1/nios2eds/bin/gnu/h-i686-mingw32/bin/../lib/gcc/nios2-elf/4.1.2/../../../../nios2-elf/lib\libc.a(lib_a-exit.o)
 .debug_loc     0x00000896      0x114 c:/altera/12.1sp1/nios2eds/bin/gnu/h-i686-mingw32/bin/../lib/gcc/nios2-elf/4.1.2/../../../../nios2-elf/lib\libc.a(lib_a-memcmp.o)
 .debug_loc     0x000009aa       0xca c:/altera/12.1sp1/nios2eds/bin/gnu/h-i686-mingw32/bin/../lib/gcc/nios2-elf/4.1.2/../../../../nios2-elf/lib\libc.a(lib_a-memcpy.o)
 .debug_loc     0x00000a74       0x3c c:/altera/12.1sp1/nios2eds/bin/gnu/h-i686-mingw32/bin/../lib/gcc/nios2-elf/4.1.2/../../../../nios2-elf/lib\libc.a(lib_a-strlen.o)
 .debug_loc     0x00000ab0      0x120 c:/altera/12.1sp1/nios2eds/bin/gnu/h-i686-mingw32/bin/../lib/gcc/nios2-elf/4.1.2/../../../../nios2-elf/lib\libc.a(lib_a-__atexit.o)
 .debug_loc     0x00000bd0      0x1cb c:/altera/12.1sp1/nios2eds/bin/gnu/h-i686-mingw32/bin/../lib/gcc/nios2-elf/4.1.2/../../../../nios2-elf/lib\libc.a(lib_a-__call_atexit.o)
 .debug_loc     0x00000d9b       0x56 ../ex1_bsp/\libhal_bsp.a(alt_exit.o)

.debug_macinfo
 *(.debug_macinfo)

.debug_weaknames
 *(.debug_weaknames)

.debug_funcnames
 *(.debug_funcnames)

.debug_typenames
 *(.debug_typenames)

.debug_varnames
 *(.debug_varnames)

.debug_alt_sim_info
                0x00000000       0x20
 *(.debug_alt_sim_info)
 .debug_alt_sim_info
                0x00000000       0x20 ../ex1_bsp//obj/HAL/src/crt0.o
                0x02000000                __alt_data_end = 0x2000000
                0x02000000                PROVIDE (__alt_stack_pointer, __alt_data_end)
                0x00005570                PROVIDE (__alt_stack_limit, __alt_stack_base)
                0x00005570                PROVIDE (__alt_heap_start, end)
                0x02000000                PROVIDE (__alt_heap_limit, 0x2000000)
OUTPUT(ex1.elf elf32-littlenios2)

.debug_ranges   0x00000000       0x90
 .debug_ranges  0x00000000       0x20 ../ex1_bsp//obj/HAL/src/crt0.o
 .debug_ranges  0x00000020       0x28 ../ex1_bsp/\libhal_bsp.a(alt_irq_entry.o)
 .debug_ranges  0x00000048       0x30 ../ex1_bsp/\libhal_bsp.a(alt_exception_entry.o)
 .debug_ranges  0x00000078       0x18 c:/altera/12.1sp1/nios2eds/bin/gnu/h-i686-mingw32/bin/../lib/gcc/nios2-elf/4.1.2/../../../../nios2-elf/lib\libc.a(lib_a-__call_atexit.o)
