Archive member included because of file (symbol)

c:/altera/12.1sp1/nios2eds/bin/gnu/h-i686-mingw32/bin/../lib/gcc/nios2-elf/4.1.2/../../../../nios2-elf/lib\libc.a(lib_a-puts.o)
                              obj/default/ex2.o (puts)
c:/altera/12.1sp1/nios2eds/bin/gnu/h-i686-mingw32/bin/../lib/gcc/nios2-elf/4.1.2/../../../../nios2-elf/lib\libc.a(lib_a-strlen.o)
                              c:/altera/12.1sp1/nios2eds/bin/gnu/h-i686-mingw32/bin/../lib/gcc/nios2-elf/4.1.2/../../../../nios2-elf/lib\libc.a(lib_a-puts.o) (strlen)
c:/altera/12.1sp1/nios2eds/bin/gnu/h-i686-mingw32/bin/../lib/gcc/nios2-elf/4.1.2/../../../../nios2-elf/lib\libc.a(lib_a-fvwrite.o)
                              c:/altera/12.1sp1/nios2eds/bin/gnu/h-i686-mingw32/bin/../lib/gcc/nios2-elf/4.1.2/../../../../nios2-elf/lib\libc.a(lib_a-puts.o) (__sfvwrite_r)
c:/altera/12.1sp1/nios2eds/bin/gnu/h-i686-mingw32/bin/../lib/gcc/nios2-elf/4.1.2/../../../../nios2-elf/lib\libc.a(lib_a-impure.o)
                              c:/altera/12.1sp1/nios2eds/bin/gnu/h-i686-mingw32/bin/../lib/gcc/nios2-elf/4.1.2/../../../../nios2-elf/lib\libc.a(lib_a-puts.o) (_impure_ptr)
c:/altera/12.1sp1/nios2eds/bin/gnu/h-i686-mingw32/bin/../lib/gcc/nios2-elf/4.1.2/../../../../nios2-elf/lib\libc.a(lib_a-mallocr.o)
                              c:/altera/12.1sp1/nios2eds/bin/gnu/h-i686-mingw32/bin/../lib/gcc/nios2-elf/4.1.2/../../../../nios2-elf/lib\libc.a(lib_a-fvwrite.o) (_malloc_r)
c:/altera/12.1sp1/nios2eds/bin/gnu/h-i686-mingw32/bin/../lib/gcc/nios2-elf/4.1.2/../../../../nios2-elf/lib\libc.a(lib_a-memchr.o)
                              c:/altera/12.1sp1/nios2eds/bin/gnu/h-i686-mingw32/bin/../lib/gcc/nios2-elf/4.1.2/../../../../nios2-elf/lib\libc.a(lib_a-fvwrite.o) (memchr)
c:/altera/12.1sp1/nios2eds/bin/gnu/h-i686-mingw32/bin/../lib/gcc/nios2-elf/4.1.2/../../../../nios2-elf/lib\libc.a(lib_a-memcpy.o)
                              c:/altera/12.1sp1/nios2eds/bin/gnu/h-i686-mingw32/bin/../lib/gcc/nios2-elf/4.1.2/../../../../nios2-elf/lib\libc.a(lib_a-fvwrite.o) (memcpy)
c:/altera/12.1sp1/nios2eds/bin/gnu/h-i686-mingw32/bin/../lib/gcc/nios2-elf/4.1.2/../../../../nios2-elf/lib\libc.a(lib_a-memmove.o)
                              c:/altera/12.1sp1/nios2eds/bin/gnu/h-i686-mingw32/bin/../lib/gcc/nios2-elf/4.1.2/../../../../nios2-elf/lib\libc.a(lib_a-fvwrite.o) (memmove)
c:/altera/12.1sp1/nios2eds/bin/gnu/h-i686-mingw32/bin/../lib/gcc/nios2-elf/4.1.2/../../../../nios2-elf/lib\libc.a(lib_a-reallocr.o)
                              c:/altera/12.1sp1/nios2eds/bin/gnu/h-i686-mingw32/bin/../lib/gcc/nios2-elf/4.1.2/../../../../nios2-elf/lib\libc.a(lib_a-fvwrite.o) (_realloc_r)
c:/altera/12.1sp1/nios2eds/bin/gnu/h-i686-mingw32/bin/../lib/gcc/nios2-elf/4.1.2/../../../../nios2-elf/lib\libc.a(lib_a-sbrkr.o)
                              c:/altera/12.1sp1/nios2eds/bin/gnu/h-i686-mingw32/bin/../lib/gcc/nios2-elf/4.1.2/../../../../nios2-elf/lib\libc.a(lib_a-mallocr.o) (_sbrk_r)
c:/altera/12.1sp1/nios2eds/bin/gnu/h-i686-mingw32/bin/../lib/gcc/nios2-elf/4.1.2/../../../../nios2-elf/lib\libc.a(lib_a-wsetup.o)
                              c:/altera/12.1sp1/nios2eds/bin/gnu/h-i686-mingw32/bin/../lib/gcc/nios2-elf/4.1.2/../../../../nios2-elf/lib\libc.a(lib_a-fvwrite.o) (__swsetup_r)
c:/altera/12.1sp1/nios2eds/bin/gnu/h-i686-mingw32/bin/../lib/gcc/nios2-elf/4.1.2/../../../../nios2-elf/lib\libc.a(lib_a-fflush.o)
                              c:/altera/12.1sp1/nios2eds/bin/gnu/h-i686-mingw32/bin/../lib/gcc/nios2-elf/4.1.2/../../../../nios2-elf/lib\libc.a(lib_a-fvwrite.o) (_fflush_r)
c:/altera/12.1sp1/nios2eds/bin/gnu/h-i686-mingw32/bin/../lib/gcc/nios2-elf/4.1.2/../../../../nios2-elf/lib\libc.a(lib_a-findfp.o)
                              c:/altera/12.1sp1/nios2eds/bin/gnu/h-i686-mingw32/bin/../lib/gcc/nios2-elf/4.1.2/../../../../nios2-elf/lib\libc.a(lib_a-wsetup.o) (__sinit)
c:/altera/12.1sp1/nios2eds/bin/gnu/h-i686-mingw32/bin/../lib/gcc/nios2-elf/4.1.2/../../../../nios2-elf/lib\libc.a(lib_a-freer.o)
                              c:/altera/12.1sp1/nios2eds/bin/gnu/h-i686-mingw32/bin/../lib/gcc/nios2-elf/4.1.2/../../../../nios2-elf/lib\libc.a(lib_a-fvwrite.o) (_free_r)
c:/altera/12.1sp1/nios2eds/bin/gnu/h-i686-mingw32/bin/../lib/gcc/nios2-elf/4.1.2/../../../../nios2-elf/lib\libc.a(lib_a-fwalk.o)
                              c:/altera/12.1sp1/nios2eds/bin/gnu/h-i686-mingw32/bin/../lib/gcc/nios2-elf/4.1.2/../../../../nios2-elf/lib\libc.a(lib_a-fflush.o) (_fwalk_reent)
c:/altera/12.1sp1/nios2eds/bin/gnu/h-i686-mingw32/bin/../lib/gcc/nios2-elf/4.1.2/../../../../nios2-elf/lib\libc.a(lib_a-int_errno.o)
                              c:/altera/12.1sp1/nios2eds/bin/gnu/h-i686-mingw32/bin/../lib/gcc/nios2-elf/4.1.2/../../../../nios2-elf/lib\libc.a(lib_a-sbrkr.o) (errno)
c:/altera/12.1sp1/nios2eds/bin/gnu/h-i686-mingw32/bin/../lib/gcc/nios2-elf/4.1.2/../../../../nios2-elf/lib\libc.a(lib_a-makebuf.o)
[...]
Memory Configuration

Name             Origin             Length             Attributes
sdram            0x00000000         0x02000000
reset            0x02000000         0x00000020
onchip_mem       0x02000020         0x00003fe0
*default*        0x00000000         0xffffffff

Linker script and memory map

LOAD ../ex2_bsp//obj/HAL/src/crt0.o
LOAD obj/default/ex2.o
LOAD c:/altera/12.1sp1/nios2eds/bin/gnu/h-i686-mingw32/bin/../lib/gcc/nios2-elf/4.1.2/../../../../nios2-elf/lib\libstdc++.a
LOAD c:/altera/12.1sp1/nios2eds/bin/gnu/h-i686-mingw32/bin/../lib/gcc/nios2-elf/4.1.2/../../../../nios2-elf/lib\libm.a
LOAD c:/altera/12.1sp1/nios2eds/bin/gnu/h-i686-mingw32/bin/../lib/gcc/nios2-elf/4.1.2\libgcc.a
START GROUP
LOAD c:/altera/12.1sp1/nios2eds/bin/gnu/h-i686-mingw32/bin/../lib/gcc/nios2-elf/4.1.2/../../../../nios2-elf/lib\libc.a
LOAD c:/altera/12.1sp1/nios2eds/bin/gnu/h-i686-mingw32/bin/../lib/gcc/nios2-elf/4.1.2\libgcc.a
LOAD ../ex2_bsp/\libhal_bsp.a
END GROUP
LOAD c:/altera/12.1sp1/nios2eds/bin/gnu/h-i686-mingw32/bin/../lib/gcc/nios2-elf/4.1.2\libgcc.a
                0x00000000                __alt_mem_sdram = 0x0
                0x02000000                __alt_mem_onchip_mem = 0x2000000

.entry          0x02000000       0x20
 *(.entry)
 .entry         0x02000000       0x20 ../ex2_bsp//obj/HAL/src/crt0.o
                0x02000000                __reset

.exceptions     0x02000020      0x194 load address 0x00000000
                0x02000020                PROVIDE (__ram_exceptions_start, ABSOLUTE (.))
                0x02000020                . = ALIGN (0x20)
 *(.irq)
 *(.exceptions.entry.label)
 .exceptions.entry.label
                0x02000020        0x0 ../ex2_bsp/\libhal_bsp.a(alt_irq_entry.o)
                0x02000020                alt_irq_entry
 .exceptions.entry.label
                0x02000020        0x0 ../ex2_bsp/\libhal_bsp.a(alt_exception_entry.o)
                0x02000020                alt_exception
 *(.exceptions.entry.user)
 *(.exceptions.entry)
 .exceptions.entry
                0x02000020       0x54 ../ex2_bsp/\libhal_bsp.a(alt_exception_entry.o)
 *(.exceptions.irqtest.user)
 *(.exceptions.irqtest)
 .exceptions.irqtest
                0x02000074       0x10 ../ex2_bsp/\libhal_bsp.a(alt_irq_entry.o)
 *(.exceptions.irqhandler.user)
 *(.exceptions.irqhandler)
 .exceptions.irqhandler
                0x02000084        0x4 ../ex2_bsp/\libhal_bsp.a(alt_irq_entry.o)
 *(.exceptions.irqreturn.user)
 *(.exceptions.irqreturn)
 .exceptions.irqreturn
                0x02000088        0x4 ../ex2_bsp/\libhal_bsp.a(alt_irq_entry.o)
 *(.exceptions.notirq.label)
 .exceptions.notirq.label
                0x0200008c        0x0 ../ex2_bsp/\libhal_bsp.a(alt_irq_entry.o)
 *(.exceptions.notirq.user)
 *(.exceptions.notirq)
 .exceptions.notirq
                0x0200008c        0x8 ../ex2_bsp/\libhal_bsp.a(alt_exception_entry.o)
 *(.exceptions.soft.user)
 *(.exceptions.soft)
 *(.exceptions.unknown.user)
 *(.exceptions.unknown)
 .exceptions.unknown
                0x02000094        0x4 ../ex2_bsp/\libhal_bsp.a(alt_exception_entry.o)
 *(.exceptions.exit.label)
 .exceptions.exit.label
                0x02000098        0x0 ../ex2_bsp/\libhal_bsp.a(alt_irq_entry.o)
 .exceptions.exit.label
                0x02000098        0x0 ../ex2_bsp/\libhal_bsp.a(alt_exception_entry.o)
 *(.exceptions.exit.user)
 *(.exceptions.exit)
 .exceptions.exit
                0x02000098       0x54 ../ex2_bsp/\libhal_bsp.a(alt_exception_entry.o)
 *(.exceptions)
 .exceptions    0x020000ec       0xc8 ../ex2_bsp/\libhal_bsp.a(alt_irq_handler.o)
                0x020000ec                alt_irq_handler
                0x020001b4                PROVIDE (__ram_exceptions_end, ABSOLUTE (.))
                0x00000000                PROVIDE (__flash_exceptions_start, LOADADDR (.exceptions))

.text           0x00000194     0x55bc
                0x00000194                PROVIDE (stext, ABSOLUTE (.))
 *(.interp)
 *(.hash)
 *(.dynsym)
 *(.dynstr)
 *(.gnu.version)
 *(.gnu.version_d)
 *(.gnu.version_r)
 *(.rel.init)
 *(.rela.init)
 *(.rel.text .rel.text.* .rel.gnu.linkonce.t.*)
 *(.rela.text .rela.text.* .rela.gnu.linkonce.t.*)
 *(.rel.fini)
 *(.rela.fini)
 *(.rel.rodata .rel.rodata.* .rel.gnu.linkonce.r.*)
 *(.rela.rodata .rela.rodata.* .rela.gnu.linkonce.r.*)
 *(.rel.data .rel.data.* .rel.gnu.linkonce.d.*)
 *(.rela.data .rela.data.* .rela.gnu.linkonce.d.*)
 *(.rel.tdata .rel.tdata.* .rel.gnu.linkonce.td.*)
 *(.rela.tdata .rela.tdata.* .rela.gnu.linkonce.td.*)
 *(.rel.tbss .rel.tbss.* .rel.gnu.linkonce.tb.*)
 *(.rela.tbss .rela.tbss.* .rela.gnu.linkonce.tb.*)
 *(.rel.ctors)
 *(.rela.ctors)
 *(.rel.dtors)
 *(.rela.dtors)
 *(.rel.got)
 *(.rela.got)
 *(.rel.sdata .rel.sdata.* .rel.gnu.linkonce.s.*)
 *(.rela.sdata .rela.sdata.* .rela.gnu.linkonce.s.*)
 *(.rel.sbss .rel.sbss.* .rel.gnu.linkonce.sb.*)
 *(.rela.sbss .rela.sbss.* .rela.gnu.linkonce.sb.*)
 *(.rel.sdata2 .rel.sdata2.* .rel.gnu.linkonce.s2.*)
 *(.rela.sdata2 .rela.sdata2.* .rela.gnu.linkonce.s2.*)
 *(.rel.sbss2 .rel.sbss2.* .rel.gnu.linkonce.sb2.*)
 *(.rela.sbss2 .rela.sbss2.* .rela.gnu.linkonce.sb2.*)
 *(.rel.bss .rel.bss.* .rel.gnu.linkonce.b.*)
 *(.rela.bss .rela.bss.* .rela.gnu.linkonce.b.*)
 *(.rel.plt)
 *(.rela.plt)
 *(.rel.dyn)
 *(.init)
 *(.plt)
 *(.text .stub .text.* .gnu.linkonce.t.*)
 .text          0x00000194       0x3c ../ex2_bsp//obj/HAL/src/crt0.o
                0x00000194                _start
 .text          0x000001d0      0x208 obj/default/ex2.o
                0x000001d0                main
 .text          0x000003d8       0xb4 c:/altera/12.1sp1/nios2eds/bin/gnu/h-i686-mingw32/bin/../lib/gcc/nios2-elf/4.1.2/../../../../nios2-elf/lib\libc.a(lib_a-puts.o)
                0x000003d8                _puts_r
                0x00000478                puts
 .text          0x0000048c       0x74 c:/altera/12.1sp1/nios2eds/bin/gnu/h-i686-mingw32/bin/../lib/gcc/nios2-elf/4.1.2/../../../../nios2-elf/lib\libc.a(lib_a-strlen.o)
                0x0000048c                strlen
 .text          0x00000500      0x49c c:/altera/12.1sp1/nios2eds/bin/gnu/h-i686-mingw32/bin/../lib/gcc/nios2-elf/4.1.2/../../../../nios2-elf/lib\libc.a(lib_a-fvwrite.o)
                0x00000500                __sfvwrite_r
 .text          0x0000099c        0x0 c:/altera/12.1sp1/nios2eds/bin/gnu/h-i686-mingw32/bin/../lib/gcc/nios2-elf/4.1.2/../../../../nios2-elf/lib\libc.a(lib_a-impure.o)
 .text          0x0000099c      0x740 c:/altera/12.1sp1/nios2eds/bin/gnu/h-i686-mingw32/bin/../lib/gcc/nios2-elf/4.1.2/../../../../nios2-elf/lib\libc.a(lib_a-mallocr.o)
                0x0000099c                _malloc_r
 .text          0x000010dc       0xe4 c:/altera/12.1sp1/nios2eds/bin/gnu/h-i686-mingw32/bin/../lib/gcc/nios2-elf/4.1.2/../../../../nios2-elf/lib\libc.a(lib_a-memchr.o)
                0x000010dc                memchr
 .text          0x000011c0       0xa0 c:/altera/12.1sp1/nios2eds/bin/gnu/h-i686-mingw32/bin/../lib/gcc/nios2-elf/4.1.2/../../../../nios2-elf/lib\libc.a(lib_a-memcpy.o)
                0x000011c0                memcpy
 .text          0x00001260       0xe0 c:/altera/12.1sp1/nios2eds/bin/gnu/h-i686-mingw32/bin/../lib/gcc/nios2-elf/4.1.2/../../../../nios2-elf/lib\libc.a(lib_a-memmove.o)
                0x00001260                memmove
 .text          0x00001340      0x5f4 c:/altera/12.1sp1/nios2eds/bin/gnu/h-i686-mingw32/bin/../lib/gcc/nios2-elf/4.1.2/../../../../nios2-elf/lib\libc.a(lib_a-reallocr.o)
                0x00001340                _realloc_r
 .text          0x00001934       0x70 c:/altera/12.1sp1/nios2eds/bin/gnu/h-i686-mingw32/bin/../lib/gcc/nios2-elf/4.1.2/../../../../nios2-elf/lib\libc.a(lib_a-sbrkr.o)
                0x00001934                _sbrk_r
 .text          0x000019a4      0x13c c:/altera/12.1sp1/nios2eds/bin/gnu/h-i686-mingw32/bin/../lib/gcc/nios2-elf/4.1.2/../../../../nios2-elf/lib\libc.a(lib_a-wsetup.o)
                0x000019a4                __swsetup_r
 .text          0x00001ae0      0x230 c:/altera/12.1sp1/nios2eds/bin/gnu/h-i686-mingw32/bin/../lib/gcc/nios2-elf/4.1.2/../../../../nios2-elf/lib\libc.a(lib_a-fflush.o)
                0x00001ae0                _fflush_r
                0x00001cdc                fflush
 .text          0x00001d10      0x2c0 c:/altera/12.1sp1/nios2eds/bin/gnu/h-i686-mingw32/bin/../lib/gcc/nios2-elf/4.1.2/../../../../nios2-elf/lib\libc.a(lib_a-findfp.o)
                0x00001d68                __sfp_lock_acquire
                0x00001d6c                __sfp_lock_release
                0x00001d70                __sinit_lock_acquire
                0x00001d74                __sinit_lock_release
                0x00001d78                __sinit
                0x00001e2c                __fp_unlock_all
                0x00001e44                __fp_lock_all
                0x00001e5c                _cleanup_r
                0x00001e68                _cleanup
                0x00001e78                __sfmoreglue
                0x00001ee0                __sfp
 .text          0x00001fd0      0x440 c:/altera/12.1sp1/nios2eds/bin/gnu/h-i686-mingw32/bin/../lib/gcc/nios2-elf/4.1.2/../../../../nios2-elf/lib\libc.a(lib_a-freer.o)
                0x00001fd0                _malloc_trim_r
                0x000020fc                _free_r
 .text          0x00002410      0x180 c:/altera/12.1sp1/nios2eds/bin/gnu/h-i686-mingw32/bin/../lib/gcc/nios2-elf/4.1.2/../../../../nios2-elf/lib\libc.a(lib_a-fwalk.o)
                0x00002410                _fwalk_reent
                0x000024d8                _fwalk
 .text          0x00002590        0x0 c:/altera/12.1sp1/nios2eds/bin/gnu/h-i686-mingw32/bin/../lib/gcc/nios2-elf/4.1.2/../../../../nios2-elf/lib\libc.a(lib_a-int_errno.o)
 .text          0x00002590      0x194 c:/altera/12.1sp1/nios2eds/bin/gnu/h-i686-mingw32/bin/../lib/gcc/nios2-elf/4.1.2/../../../../nios2-elf/lib\libc.a(lib_a-makebuf.o)
                0x00002590                __smakebuf_r
 .text          0x00002724       0x98 c:/altera/12.1sp1/nios2eds/bin/gnu/h-i686-mingw32/bin/../lib/gcc/nios2-elf/4.1.2/../../../../nios2-elf/lib\libc.a(lib_a-memset.o)
                0x00002724                memset
 .text          0x000027bc      0x14c c:/altera/12.1sp1/nios2eds/bin/gnu/h-i686-mingw32/bin/../lib/gcc/nios2-elf/4.1.2/../../../../nios2-elf/lib\libc.a(lib_a-stdio.o)
                0x000027bc                __sclose
                0x000027c4                __sseek
                0x0000282c                __swrite
                0x000028a8                __sread
 .text          0x00002908       0x78 c:/altera/12.1sp1/nios2eds/bin/gnu/h-i686-mingw32/bin/../lib/gcc/nios2-elf/4.1.2/../../../../nios2-elf/lib\libc.a(lib_a-writer.o)
                0x00002908                _write_r
 .text          0x00002980       0x70 c:/altera/12.1sp1/nios2eds/bin/gnu/h-i686-mingw32/bin/../lib/gcc/nios2-elf/4.1.2/../../../../nios2-elf/lib\libc.a(lib_a-closer.o)
                0x00002980                _close_r
 .text          0x000029f0      0x124 c:/altera/12.1sp1/nios2eds/bin/gnu/h-i686-mingw32/bin/../lib/gcc/nios2-elf/4.1.2/../../../../nios2-elf/lib\libc.a(lib_a-fclose.o)
                0x000029f0                _fclose_r
                0x00002b00                fclose
 .text          0x00002b14       0x74 c:/altera/12.1sp1/nios2eds/bin/gnu/h-i686-mingw32/bin/../lib/gcc/nios2-elf/4.1.2/../../../../nios2-elf/lib\libc.a(lib_a-fstatr.o)
                0x00002b14                _fstat_r
 .text          0x00002b88       0x70 c:/altera/12.1sp1/nios2eds/bin/gnu/h-i686-mingw32/bin/../lib/gcc/nios2-elf/4.1.2/../../../../nios2-elf/lib\libc.a(lib_a-isattyr.o)
                0x00002b88                _isatty_r
 .text          0x00002bf8       0x78 c:/altera/12.1sp1/nios2eds/bin/gnu/h-i686-mingw32/bin/../lib/gcc/nios2-elf/4.1.2/../../../../nios2-elf/lib\libc.a(lib_a-lseekr.o)
                0x00002bf8                _lseek_r
 .text          0x00002c70       0x78 c:/altera/12.1sp1/nios2eds/bin/gnu/h-i686-mingw32/bin/../lib/gcc/nios2-elf/4.1.2/../../../../nios2-elf/lib\libc.a(lib_a-readr.o)
                0x00002c70                _read_r
 .text          0x00002ce8      0x15c ../ex2_bsp/\libhal_bsp.a(alt_close.o)
                0x00002ce8                close
 .text          0x00002e44       0x2c ../ex2_bsp/\libhal_bsp.a(alt_dev.o)
 .text          0x00002e70        0x0 ../ex2_bsp/\libhal_bsp.a(alt_errno.o)
 .text          0x00002e70      0x134 ../ex2_bsp/\libhal_bsp.a(alt_fstat.o)
                0x00002e70                fstat
 .text          0x00002fa4      0x120 ../ex2_bsp/\libhal_bsp.a(alt_isatty.o)
                0x00002fa4                isatty
 .text          0x000030c4       0xec ../ex2_bsp/\libhal_bsp.a(alt_load.o)
                0x000030c4                alt_load
 .text          0x000031b0      0x150 ../ex2_bsp/\libhal_bsp.a(alt_lseek.o)
                0x000031b0                lseek
 .text          0x00003300       0x6c ../ex2_bsp/\libhal_bsp.a(alt_main.o)
                0x00003300                alt_main
 .text          0x0000336c       0x40 ../ex2_bsp/\libhal_bsp.a(alt_malloc_lock.o)
                0x0000336c                __malloc_lock
                0x0000338c                __malloc_unlock
 .text          0x000033ac      0x180 ../ex2_bsp/\libhal_bsp.a(alt_read.o)
                0x000033ac                read
 .text          0x0000352c       0x60 ../ex2_bsp/\libhal_bsp.a(alt_release_fd.o)
                0x0000352c                alt_release_fd
 .text          0x0000358c       0xbc ../ex2_bsp/\libhal_bsp.a(alt_sbrk.o)
                0x0000358c                sbrk
 .text          0x00003648      0x180 ../ex2_bsp/\libhal_bsp.a(alt_write.o)
                0x00003648                write
 .text          0x000037c8       0xc8 ../ex2_bsp/\libhal_bsp.a(alt_sys_init.o)
                0x000037c8                alt_irq_init
                0x000037fc                alt_sys_init
 .text          0x00003890      0x148 ../ex2_bsp/\libhal_bsp.a(altera_avalon_jtag_uart_fd.o)
                0x00003890                altera_avalon_jtag_uart_read_fd
                0x000038e8                altera_avalon_jtag_uart_write_fd
                0x00003940                altera_avalon_jtag_uart_close_fd
                0x00003988                altera_avalon_jtag_uart_ioctl_fd
 .text          0x000039d8      0x40c ../ex2_bsp/\libhal_bsp.a(altera_avalon_jtag_uart_init.o)
                0x000039d8                altera_avalon_jtag_uart_init
                0x00003d70                altera_avalon_jtag_uart_close
 .text          0x00003de4       0xf4 ../ex2_bsp/\libhal_bsp.a(altera_avalon_jtag_uart_ioctl.o)
                0x00003de4                altera_avalon_jtag_uart_ioctl
 .text          0x00003ed8      0x224 ../ex2_bsp/\libhal_bsp.a(altera_avalon_jtag_uart_read.o)
                0x00003ed8                altera_avalon_jtag_uart_read
 .text          0x000040fc      0x240 ../ex2_bsp/\libhal_bsp.a(altera_avalon_jtag_uart_write.o)
                0x000040fc                altera_avalon_jtag_uart_write
 .text          0x0000433c      0x100 ../ex2_bsp/\libhal_bsp.a(altera_avalon_timer_sc.o)
                0x000043ac                alt_avalon_timer_sc_init
 .text          0x0000443c      0x154 ../ex2_bsp/\libhal_bsp.a(alt_alarm_start.o)
                0x0000443c                alt_alarm_start
 .text          0x00004590       0x1c ../ex2_bsp/\libhal_bsp.a(alt_dcache_flush_all.o)
                0x00004590                alt_dcache_flush_all
 .text          0x000045ac      0x114 ../ex2_bsp/\libhal_bsp.a(alt_dev_llist_insert.o)
                0x000045ac                alt_dev_llist_insert
 .text          0x000046c0       0x64 ../ex2_bsp/\libhal_bsp.a(alt_do_ctors.o)
                0x000046c0                _do_ctors
 .text          0x00004724       0x64 ../ex2_bsp/\libhal_bsp.a(alt_do_dtors.o)
                0x00004724                _do_dtors
 .text          0x00004788       0x30 ../ex2_bsp/\libhal_bsp.a(alt_icache_flush_all.o)
                0x00004788                alt_icache_flush_all
 .text          0x000047b8      0x1d4 ../ex2_bsp/\libhal_bsp.a(alt_iic.o)
                0x000047b8                alt_ic_isr_register
                0x00004808                alt_ic_irq_enable
                0x000048a4                alt_ic_irq_disable
                0x00004944                alt_ic_irq_enabled
 .text          0x0000498c       0xf8 ../ex2_bsp/\libhal_bsp.a(alt_iic_isr_register.o)
                0x0000498c                alt_iic_isr_register
 .text          0x00004a84      0x13c ../ex2_bsp/\libhal_bsp.a(alt_io_redirect.o)
                0x00004b48                alt_io_redirect
 .text          0x00004bc0        0x0 ../ex2_bsp/\libhal_bsp.a(alt_irq_entry.o)
 .text          0x00004bc0        0x0 ../ex2_bsp/\libhal_bsp.a(alt_irq_handler.o)
 .text          0x00004bc0        0x0 ../ex2_bsp/\libhal_bsp.a(alt_irq_vars.o)
 .text          0x00004bc0      0x2c4 ../ex2_bsp/\libhal_bsp.a(alt_open.o)
                0x00004c9c                open
 .text          0x00004e84      0x1a4 ../ex2_bsp/\libhal_bsp.a(alt_tick.o)
                0x00004e84                alt_alarm_stop
                0x00004f1c                alt_tick
 .text          0x00005028       0x20 ../ex2_bsp/\libhal_bsp.a(altera_nios2_qsys_irq.o)
                0x00005028                altera_nios2_qsys_irq_init
 .text          0x00005048        0x0 ../ex2_bsp/\libhal_bsp.a(alt_exception_entry.o)
 .text          0x00005048       0x94 ../ex2_bsp/\libhal_bsp.a(alt_find_dev.o)
                0x00005048                alt_find_dev
 .text          0x000050dc      0x120 ../ex2_bsp/\libhal_bsp.a(alt_find_file.o)
                0x000050dc                alt_find_file
 .text          0x000051fc       0xb8 ../ex2_bsp/\libhal_bsp.a(alt_get_fd.o)
                0x000051fc                alt_get_fd
 .text          0x000052b4       0x90 ../ex2_bsp/\libhal_bsp.a(alt_icache_flush.o)
                0x000052b4                alt_icache_flush
 .text          0x00005344       0x14 c:/altera/12.1sp1/nios2eds/bin/gnu/h-i686-mingw32/bin/../lib/gcc/nios2-elf/4.1.2/../../../../nios2-elf/lib\libc.a(lib_a-atexit.o)
                0x00005344                atexit
 .text          0x00005358       0x38 c:/altera/12.1sp1/nios2eds/bin/gnu/h-i686-mingw32/bin/../lib/gcc/nios2-elf/4.1.2/../../../../nios2-elf/lib\libc.a(lib_a-exit.o)
                0x00005358                exit
 .text          0x00005390       0x74 c:/altera/12.1sp1/nios2eds/bin/gnu/h-i686-mingw32/bin/../lib/gcc/nios2-elf/4.1.2/../../../../nios2-elf/lib\libc.a(lib_a-memcmp.o)
                0x00005390                memcmp
 .text          0x00005404      0x134 c:/altera/12.1sp1/nios2eds/bin/gnu/h-i686-mingw32/bin/../lib/gcc/nios2-elf/4.1.2/../../../../nios2-elf/lib\libc.a(lib_a-__atexit.o)
                0x00005404                __register_exitproc
 .text          0x00005538      0x1b4 c:/altera/12.1sp1/nios2eds/bin/gnu/h-i686-mingw32/bin/../lib/gcc/nios2-elf/4.1.2/../../../../nios2-elf/lib\libc.a(lib_a-__call_atexit.o)
                0x0000553c                __call_exitprocs
 .text          0x000056ec       0x60 ../ex2_bsp/\libhal_bsp.a(alt_exit.o)
                0x0000572c                _exit
 *(.gnu.warning.*)
 *(.fini)
                0x0000574c                PROVIDE (__etext, ABSOLUTE (.))
                0x0000574c                PROVIDE (_etext, ABSOLUTE (.))
                0x0000574c                PROVIDE (etext, ABSOLUTE (.))
 *(.eh_frame_hdr)
                0x0000574c                . = ALIGN (0x4)
                0x0000574c                PROVIDE (__preinit_array_start, ABSOLUTE (.))
 *(.preinit_array)
                0x0000574c                PROVIDE (__preinit_array_end, ABSOLUTE (.))
                0x0000574c                PROVIDE (__init_array_start, ABSOLUTE (.))
 *(.init_array)
                0x0000574c                PROVIDE (__init_array_end, ABSOLUTE (.))
                0x0000574c                PROVIDE (__fini_array_start, ABSOLUTE (.))
 *(.fini_array)
                0x0000574c                PROVIDE (__fini_array_end, ABSOLUTE (.))
 *(.eh_frame)
 *(.gcc_except_table)
 *(.dynamic)
                0x0000574c                PROVIDE (__CTOR_LIST__, ABSOLUTE (.))
 *(.ctors)
 *(SORT(.ctors.*))
 .ctors.65535   0x0000574c        0x4 c:/altera/12.1sp1/nios2eds/bin/gnu/h-i686-mingw32/bin/../lib/gcc/nios2-elf/4.1.2/../../../../nios2-elf/lib\libc.a(lib_a-__call_atexit.o)
                0x00005750                PROVIDE (__CTOR_END__, ABSOLUTE (.))
                0x00005750                PROVIDE (__DTOR_LIST__, ABSOLUTE (.))
 *(.dtors)
 *(SORT(.dtors.*))
                0x00005750                PROVIDE (__DTOR_END__, ABSOLUTE (.))
 *(.jcr)
                0x00005750                . = ALIGN (0x4)

.rodata         0x00005750       0x7c
                0x00005750                PROVIDE (__ram_rodata_start, ABSOLUTE (.))
                0x00005750                . = ALIGN (0x4)
 *(.rodata .rodata.* .gnu.linkonce.r.*)
 .rodata        0x00005750       0x40 obj/default/ex2.o
 .rodata.str1.4
                0x00005790        0x2 c:/altera/12.1sp1/nios2eds/bin/gnu/h-i686-mingw32/bin/../lib/gcc/nios2-elf/4.1.2/../../../../nios2-elf/lib\libc.a(lib_a-puts.o)
                                  0x4 (size before relaxing)
 *fill*         0x00005792        0x2 00
 .rodata.str1.4
                0x00005794        0x4 c:/altera/12.1sp1/nios2eds/bin/gnu/h-i686-mingw32/bin/../lib/gcc/nios2-elf/4.1.2/../../../../nios2-elf/lib\libc.a(lib_a-impure.o)
 .rodata        0x00005798        0xc ../ex2_bsp/\libhal_bsp.a(alt_dev.o)
 .rodata        0x000057a4       0x14 ../ex2_bsp/\libhal_bsp.a(alt_main.o)
 .rodata        0x000057b8       0x14 ../ex2_bsp/\libhal_bsp.a(alt_sys_init.o)
 *(.rodata1)
                0x000057cc                . = ALIGN (0x4)
                0x000057cc                PROVIDE (__ram_rodata_end, ABSOLUTE (.))
                0x00005750                PROVIDE (__flash_rodata_start, LOADADDR (.rodata))

.rwdata         0x000057cc     0x1a48 load address 0x00007214
                0x000057cc                PROVIDE (__ram_rwdata_start, ABSOLUTE (.))
                0x000057cc                . = ALIGN (0x4)
 *(.got.plt)
 *(.got)
 *(.data1)
 *(.data .data.* .gnu.linkonce.d.*)
 .data          0x000057cc        0x0 ../ex2_bsp//obj/HAL/src/crt0.o
 .data          0x000057cc        0x0 obj/default/ex2.o
 .data          0x000057cc        0x0 c:/altera/12.1sp1/nios2eds/bin/gnu/h-i686-mingw32/bin/../lib/gcc/nios2-elf/4.1.2/../../../../nios2-elf/lib\libc.a(lib_a-puts.o)
 .data          0x000057cc        0x0 c:/altera/12.1sp1/nios2eds/bin/gnu/h-i686-mingw32/bin/../lib/gcc/nios2-elf/4.1.2/../../../../nios2-elf/lib\libc.a(lib_a-strlen.o)
 .data          0x000057cc        0x0 c:/altera/12.1sp1/nios2eds/bin/gnu/h-i686-mingw32/bin/../lib/gcc/nios2-elf/4.1.2/../../../../nios2-elf/lib\libc.a(lib_a-fvwrite.o)
 .data          0x000057cc      0x400 c:/altera/12.1sp1/nios2eds/bin/gnu/h-i686-mingw32/bin/../lib/gcc/nios2-elf/4.1.2/../../../../nios2-elf/lib\libc.a(lib_a-impure.o)
 .data          0x00005bcc      0x408 c:/altera/12.1sp1/nios2eds/bin/gnu/h-i686-mingw32/bin/../lib/gcc/nios2-elf/4.1.2/../../../../nios2-elf/lib\libc.a(lib_a-mallocr.o)
                0x00005bcc                __malloc_av_
 .data          0x00005fd4        0x0 c:/altera/12.1sp1/nios2eds/bin/gnu/h-i686-mingw32/bin/../lib/gcc/nios2-elf/4.1.2/../../../../nios2-elf/lib\libc.a(lib_a-memchr.o)
 .data          0x00005fd4        0x0 c:/altera/12.1sp1/nios2eds/bin/gnu/h-i686-mingw32/bin/../lib/gcc/nios2-elf/4.1.2/../../../../nios2-elf/lib\libc.a(lib_a-memcpy.o)
 .data          0x00005fd4        0x0 c:/altera/12.1sp1/nios2eds/bin/gnu/h-i686-mingw32/bin/../lib/gcc/nios2-elf/4.1.2/../../../../nios2-elf/lib\libc.a(lib_a-memmove.o)
 .data          0x00005fd4        0x0 c:/altera/12.1sp1/nios2eds/bin/gnu/h-i686-mingw32/bin/../lib/gcc/nios2-elf/4.1.2/../../../../nios2-elf/lib\libc.a(lib_a-reallocr.o)
 .data          0x00005fd4        0x0 c:/altera/12.1sp1/nios2eds/bin/gnu/h-i686-mingw32/bin/../lib/gcc/nios2-elf/4.1.2/../../../../nios2-elf/lib\libc.a(lib_a-sbrkr.o)
 .data          0x00005fd4        0x0 c:/altera/12.1sp1/nios2eds/bin/gnu/h-i686-mingw32/bin/../lib/gcc/nios2-elf/4.1.2/../../../../nios2-elf/lib\libc.a(lib_a-wsetup.o)
 .data          0x00005fd4        0x0 c:/altera/12.1sp1/nios2eds/bin/gnu/h-i686-mingw32/bin/../lib/gcc/nios2-elf/4.1.2/../../../../nios2-elf/lib\libc.a(lib_a-fflush.o)
 .data          0x00005fd4        0x0 c:/altera/12.1sp1/nios2eds/bin/gnu/h-i686-mingw32/bin/../lib/gcc/nios2-elf/4.1.2/../../../../nios2-elf/lib\libc.a(lib_a-findfp.o)
 .data          0x00005fd4        0x0 c:/altera/12.1sp1/nios2eds/bin/gnu/h-i686-mingw32/bin/../lib/gcc/nios2-elf/4.1.2/../../../../nios2-elf/lib\libc.a(lib_a-freer.o)
 .data          0x00005fd4        0x0 c:/altera/12.1sp1/nios2eds/bin/gnu/h-i686-mingw32/bin/../lib/gcc/nios2-elf/4.1.2/../../../../nios2-elf/lib\libc.a(lib_a-fwalk.o)
 .data          0x00005fd4        0x0 c:/altera/12.1sp1/nios2eds/bin/gnu/h-i686-mingw32/bin/../lib/gcc/nios2-elf/4.1.2/../../../../nios2-elf/lib\libc.a(lib_a-int_errno.o)
 .data          0x00005fd4        0x0 c:/altera/12.1sp1/nios2eds/bin/gnu/h-i686-mingw32/bin/../lib/gcc/nios2-elf/4.1.2/../../../../nios2-elf/lib\libc.a(lib_a-makebuf.o)
 .data          0x00005fd4        0x0 c:/altera/12.1sp1/nios2eds/bin/gnu/h-i686-mingw32/bin/../lib/gcc/nios2-elf/4.1.2/../../../../nios2-elf/lib\libc.a(lib_a-memset.o)
 .data          0x00005fd4        0x0 c:/altera/12.1sp1/nios2eds/bin/gnu/h-i686-mingw32/bin/../lib/gcc/nios2-elf/4.1.2/../../../../nios2-elf/lib\libc.a(lib_a-stdio.o)
 .data          0x00005fd4        0x0 c:/altera/12.1sp1/nios2eds/bin/gnu/h-i686-mingw32/bin/../lib/gcc/nios2-elf/4.1.2/../../../../nios2-elf/lib\libc.a(lib_a-writer.o)
 .data          0x00005fd4        0x0 c:/altera/12.1sp1/nios2eds/bin/gnu/h-i686-mingw32/bin/../lib/gcc/nios2-elf/4.1.2/../../../../nios2-elf/lib\libc.a(lib_a-closer.o)
 .data          0x00005fd4        0x0 c:/altera/12.1sp1/nios2eds/bin/gnu/h-i686-mingw32/bin/../lib/gcc/nios2-elf/4.1.2/../../../../nios2-elf/lib\libc.a(lib_a-fclose.o)
 .data          0x00005fd4        0x0 c:/altera/12.1sp1/nios2eds/bin/gnu/h-i686-mingw32/bin/../lib/gcc/nios2-elf/4.1.2/../../../../nios2-elf/lib\libc.a(lib_a-fstatr.o)
 .data          0x00005fd4        0x0 c:/altera/12.1sp1/nios2eds/bin/gnu/h-i686-mingw32/bin/../lib/gcc/nios2-elf/4.1.2/../../../../nios2-elf/lib\libc.a(lib_a-isattyr.o)
 .data          0x00005fd4        0x0 c:/altera/12.1sp1/nios2eds/bin/gnu/h-i686-mingw32/bin/../lib/gcc/nios2-elf/4.1.2/../../../../nios2-elf/lib\libc.a(lib_a-lseekr.o)
 .data          0x00005fd4        0x0 c:/altera/12.1sp1/nios2eds/bin/gnu/h-i686-mingw32/bin/../lib/gcc/nios2-elf/4.1.2/../../../../nios2-elf/lib\libc.a(lib_a-readr.o)
 .data          0x00005fd4        0x0 ../ex2_bsp/\libhal_bsp.a(alt_close.o)
 .data          0x00005fd4      0x1a8 ../ex2_bsp/\libhal_bsp.a(alt_dev.o)
                0x00005fd4                alt_dev_null
                0x00005ffc                alt_fd_list
 .data          0x0000617c        0x0 ../ex2_bsp/\libhal_bsp.a(alt_errno.o)
 .data          0x0000617c        0x0 ../ex2_bsp/\libhal_bsp.a(alt_fstat.o)
 .data          0x0000617c        0x0 ../ex2_bsp/\libhal_bsp.a(alt_isatty.o)
 .data          0x0000617c        0x0 ../ex2_bsp/\libhal_bsp.a(alt_load.o)
 .data          0x0000617c        0x0 ../ex2_bsp/\libhal_bsp.a(alt_lseek.o)
 .data          0x0000617c        0x0 ../ex2_bsp/\libhal_bsp.a(alt_main.o)
 .data          0x0000617c        0x0 ../ex2_bsp/\libhal_bsp.a(alt_malloc_lock.o)
 .data          0x0000617c        0x0 ../ex2_bsp/\libhal_bsp.a(alt_read.o)
 .data          0x0000617c        0x0 ../ex2_bsp/\libhal_bsp.a(alt_release_fd.o)
 .data          0x0000617c        0x0 ../ex2_bsp/\libhal_bsp.a(alt_sbrk.o)
 .data          0x0000617c        0x0 ../ex2_bsp/\libhal_bsp.a(alt_write.o)
 .data          0x0000617c     0x1060 ../ex2_bsp/\libhal_bsp.a(alt_sys_init.o)
 .data          0x000071dc        0x0 ../ex2_bsp/\libhal_bsp.a(altera_avalon_jtag_uart_fd.o)
 .data          0x000071dc        0x0 ../ex2_bsp/\libhal_bsp.a(altera_avalon_jtag_uart_init.o)
 .data          0x000071dc        0x0 ../ex2_bsp/\libhal_bsp.a(altera_avalon_jtag_uart_ioctl.o)
 .data          0x000071dc        0x0 ../ex2_bsp/\libhal_bsp.a(altera_avalon_jtag_uart_read.o)
 .data          0x000071dc        0x0 ../ex2_bsp/\libhal_bsp.a(altera_avalon_jtag_uart_write.o)
 .data          0x000071dc        0x0 ../ex2_bsp/\libhal_bsp.a(altera_avalon_timer_sc.o)
 .data          0x000071dc        0x0 ../ex2_bsp/\libhal_bsp.a(alt_alarm_start.o)
 .data          0x000071dc        0x0 ../ex2_bsp/\libhal_bsp.a(alt_dcache_flush_all.o)
 .data          0x000071dc        0x0 ../ex2_bsp/\libhal_bsp.a(alt_dev_llist_insert.o)
 .data          0x000071dc        0x0 ../ex2_bsp/\libhal_bsp.a(alt_do_ctors.o)
 .data          0x000071dc        0x0 ../ex2_bsp/\libhal_bsp.a(alt_do_dtors.o)
 .data          0x000071dc        0x0 ../ex2_bsp/\libhal_bsp.a(alt_icache_flush_all.o)
 .data          0x000071dc        0x0 ../ex2_bsp/\libhal_bsp.a(alt_iic.o)
 .data          0x000071dc        0x0 ../ex2_bsp/\libhal_bsp.a(alt_iic_isr_register.o)
 .data          0x000071dc        0x0 ../ex2_bsp/\libhal_bsp.a(alt_io_redirect.o)
 .data          0x000071dc        0x0 ../ex2_bsp/\libhal_bsp.a(alt_irq_entry.o)
 .data          0x000071dc        0x0 ../ex2_bsp/\libhal_bsp.a(alt_irq_handler.o)
 .data          0x000071dc        0x0 ../ex2_bsp/\libhal_bsp.a(alt_irq_vars.o)
 .data          0x000071dc        0x0 ../ex2_bsp/\libhal_bsp.a(alt_open.o)
 .data          0x000071dc        0x0 ../ex2_bsp/\libhal_bsp.a(alt_tick.o)
 .data          0x000071dc        0x0 ../ex2_bsp/\libhal_bsp.a(altera_nios2_qsys_irq.o)
 .data          0x000071dc        0x0 ../ex2_bsp/\libhal_bsp.a(alt_exception_entry.o)
 .data          0x000071dc        0x0 ../ex2_bsp/\libhal_bsp.a(alt_find_dev.o)
 .data          0x000071dc        0x0 ../ex2_bsp/\libhal_bsp.a(alt_find_file.o)
 .data          0x000071dc        0x0 ../ex2_bsp/\libhal_bsp.a(alt_get_fd.o)
 .data          0x000071dc        0x0 ../ex2_bsp/\libhal_bsp.a(alt_icache_flush.o)
 .data          0x000071dc        0x0 c:/altera/12.1sp1/nios2eds/bin/gnu/h-i686-mingw32/bin/../lib/gcc/nios2-elf/4.1.2/../../../../nios2-elf/lib\libc.a(lib_a-atexit.o)
 .data          0x000071dc        0x0 c:/altera/12.1sp1/nios2eds/bin/gnu/h-i686-mingw32/bin/../lib/gcc/nios2-elf/4.1.2/../../../../nios2-elf/lib\libc.a(lib_a-exit.o)
 .data          0x000071dc        0x0 c:/altera/12.1sp1/nios2eds/bin/gnu/h-i686-mingw32/bin/../lib/gcc/nios2-elf/4.1.2/../../../../nios2-elf/lib\libc.a(lib_a-memcmp.o)
 .data          0x000071dc        0x0 c:/altera/12.1sp1/nios2eds/bin/gnu/h-i686-mingw32/bin/../lib/gcc/nios2-elf/4.1.2/../../../../nios2-elf/lib\libc.a(lib_a-__atexit.o)
 .data          0x000071dc        0x0 c:/altera/12.1sp1/nios2eds/bin/gnu/h-i686-mingw32/bin/../lib/gcc/nios2-elf/4.1.2/../../../../nios2-elf/lib\libc.a(lib_a-__call_atexit.o)
 .data          0x000071dc        0x0 ../ex2_bsp/\libhal_bsp.a(alt_exit.o)
                0x0000f1dc                _gp = ABSOLUTE ((. + 0x8000))
                0x0000f1dc                PROVIDE (gp, _gp)
 *(.rwdata .rwdata.*)
 *(.sdata .sdata.* .gnu.linkonce.s.*)
 .sdata         0x000071dc        0x8 c:/altera/12.1sp1/nios2eds/bin/gnu/h-i686-mingw32/bin/../lib/gcc/nios2-elf/4.1.2/../../../../nios2-elf/lib\libc.a(lib_a-impure.o)
                0x000071dc                _impure_ptr
                0x000071e0                _global_impure_ptr
 .sdata         0x000071e4        0x8 c:/altera/12.1sp1/nios2eds/bin/gnu/h-i686-mingw32/bin/../lib/gcc/nios2-elf/4.1.2/../../../../nios2-elf/lib\libc.a(lib_a-mallocr.o)
                0x000071e4                __malloc_trim_threshold
                0x000071e8                __malloc_sbrk_base
 .sdata         0x000071ec       0x14 ../ex2_bsp/\libhal_bsp.a(alt_dev.o)
                0x000071ec                alt_fs_list
                0x000071f4                alt_dev_list
                0x000071fc                alt_max_fd
 .sdata         0x00007200        0x4 ../ex2_bsp/\libhal_bsp.a(alt_errno.o)
                0x00007200                alt_errno
 .sdata         0x00007204        0x4 ../ex2_bsp/\libhal_bsp.a(alt_sbrk.o)
 .sdata         0x00007208        0x4 ../ex2_bsp/\libhal_bsp.a(alt_irq_vars.o)
                0x00007208                alt_priority_mask
 .sdata         0x0000720c        0x8 ../ex2_bsp/\libhal_bsp.a(alt_tick.o)
                0x0000720c                alt_alarm_list
 *(.sdata2 .sdata2.* .gnu.linkonce.s2.*)
                0x00007214                . = ALIGN (0x4)
                0x00007214                _edata = ABSOLUTE (.)
                0x00007214                PROVIDE (edata, ABSOLUTE (.))
                0x00007214                PROVIDE (__ram_rwdata_end, ABSOLUTE (.))
                0x00007214                PROVIDE (__flash_rwdata_start, LOADADDR (.rwdata))

.bss            0x00008c5c      0x2e0
                0x00008c5c                __bss_start = ABSOLUTE (.)
                0x00008c5c                PROVIDE (__sbss_start, ABSOLUTE (.))
                0x00008c5c                PROVIDE (___sbss_start, ABSOLUTE (.))
 *(.dynsbss)
 *(.sbss .sbss.* .gnu.linkonce.sb.*)
 .sbss          0x00008c5c        0xc c:/altera/12.1sp1/nios2eds/bin/gnu/h-i686-mingw32/bin/../lib/gcc/nios2-elf/4.1.2/../../../../nios2-elf/lib\libc.a(lib_a-mallocr.o)
                0x00008c5c                __malloc_top_pad
                0x00008c60                __malloc_max_sbrked_mem
                0x00008c64                __malloc_max_total_mem
 .sbss          0x00008c68        0x4 c:/altera/12.1sp1/nios2eds/bin/gnu/h-i686-mingw32/bin/../lib/gcc/nios2-elf/4.1.2/../../../../nios2-elf/lib\libc.a(lib_a-int_errno.o)
                0x00008c68                errno
 .sbss          0x00008c6c        0xc ../ex2_bsp/\libhal_bsp.a(alt_main.o)
                0x00008c6c                alt_argc
                0x00008c70                alt_argv
                0x00008c74                alt_envp
 .sbss          0x00008c78        0x4 ../ex2_bsp/\libhal_bsp.a(alt_irq_vars.o)
                0x00008c78                alt_irq_active
 .sbss          0x00008c7c        0x8 ../ex2_bsp/\libhal_bsp.a(alt_tick.o)
                0x00008c7c                _alt_tick_rate
                0x00008c80                _alt_nticks
 *(.sbss2 .sbss2.* .gnu.linkonce.sb2.*)
 *(.scommon)
                0x00008c84                PROVIDE (__sbss_end, ABSOLUTE (.))
                0x00008c84                PROVIDE (___sbss_end, ABSOLUTE (.))
 *(.dynbss)
 *(.bss .bss.* .gnu.linkonce.b.*)
 .bss           0x00008c84        0x0 ../ex2_bsp//obj/HAL/src/crt0.o
 .bss           0x00008c84        0x0 obj/default/ex2.o
 .bss           0x00008c84        0x0 c:/altera/12.1sp1/nios2eds/bin/gnu/h-i686-mingw32/bin/../lib/gcc/nios2-elf/4.1.2/../../../../nios2-elf/lib\libc.a(lib_a-puts.o)
 .bss           0x00008c84        0x0 c:/altera/12.1sp1/nios2eds/bin/gnu/h-i686-mingw32/bin/../lib/gcc/nios2-elf/4.1.2/../../../../nios2-elf/lib\libc.a(lib_a-strlen.o)
 .bss           0x00008c84        0x0 c:/altera/12.1sp1/nios2eds/bin/gnu/h-i686-mingw32/bin/../lib/gcc/nios2-elf/4.1.2/../../../../nios2-elf/lib\libc.a(lib_a-fvwrite.o)
 .bss           0x00008c84        0x0 c:/altera/12.1sp1/nios2eds/bin/gnu/h-i686-mingw32/bin/../lib/gcc/nios2-elf/4.1.2/../../../../nios2-elf/lib\libc.a(lib_a-impure.o)
 .bss           0x00008c84       0x28 c:/altera/12.1sp1/nios2eds/bin/gnu/h-i686-mingw32/bin/../lib/gcc/nios2-elf/4.1.2/../../../../nios2-elf/lib\libc.a(lib_a-mallocr.o)
                0x00008c84                __malloc_current_mallinfo
 .bss           0x00008cac        0x0 c:/altera/12.1sp1/nios2eds/bin/gnu/h-i686-mingw32/bin/../lib/gcc/nios2-elf/4.1.2/../../../../nios2-elf/lib\libc.a(lib_a-memchr.o)
 .bss           0x00008cac        0x0 c:/altera/12.1sp1/nios2eds/bin/gnu/h-i686-mingw32/bin/../lib/gcc/nios2-elf/4.1.2/../../../../nios2-elf/lib\libc.a(lib_a-memcpy.o)
 .bss           0x00008cac        0x0 c:/altera/12.1sp1/nios2eds/bin/gnu/h-i686-mingw32/bin/../lib/gcc/nios2-elf/4.1.2/../../../../nios2-elf/lib\libc.a(lib_a-memmove.o)
 .bss           0x00008cac        0x0 c:/altera/12.1sp1/nios2eds/bin/gnu/h-i686-mingw32/bin/../lib/gcc/nios2-elf/4.1.2/../../../../nios2-elf/lib\libc.a(lib_a-reallocr.o)
 .bss           0x00008cac        0x0 c:/altera/12.1sp1/nios2eds/bin/gnu/h-i686-mingw32/bin/../lib/gcc/nios2-elf/4.1.2/../../../../nios2-elf/lib\libc.a(lib_a-sbrkr.o)
 .bss           0x00008cac        0x0 c:/altera/12.1sp1/nios2eds/bin/gnu/h-i686-mingw32/bin/../lib/gcc/nios2-elf/4.1.2/../../../../nios2-elf/lib\libc.a(lib_a-wsetup.o)
 .bss           0x00008cac        0x0 c:/altera/12.1sp1/nios2eds/bin/gnu/h-i686-mingw32/bin/../lib/gcc/nios2-elf/4.1.2/../../../../nios2-elf/lib\libc.a(lib_a-fflush.o)
 .bss           0x00008cac        0x0 c:/altera/12.1sp1/nios2eds/bin/gnu/h-i686-mingw32/bin/../lib/gcc/nios2-elf/4.1.2/../../../../nios2-elf/lib\libc.a(lib_a-findfp.o)
 .bss           0x00008cac        0x0 c:/altera/12.1sp1/nios2eds/bin/gnu/h-i686-mingw32/bin/../lib/gcc/nios2-elf/4.1.2/../../../../nios2-elf/lib\libc.a(lib_a-freer.o)
 .bss           0x00008cac        0x0 c:/altera/12.1sp1/nios2eds/bin/gnu/h-i686-mingw32/bin/../lib/gcc/nios2-elf/4.1.2/../../../../nios2-elf/lib\libc.a(lib_a-fwalk.o)
 .bss           0x00008cac        0x0 c:/altera/12.1sp1/nios2eds/bin/gnu/h-i686-mingw32/bin/../lib/gcc/nios2-elf/4.1.2/../../../../nios2-elf/lib\libc.a(lib_a-int_errno.o)
 .bss           0x00008cac        0x0 c:/altera/12.1sp1/nios2eds/bin/gnu/h-i686-mingw32/bin/../lib/gcc/nios2-elf/4.1.2/../../../../nios2-elf/lib\libc.a(lib_a-makebuf.o)
 .bss           0x00008cac        0x0 c:/altera/12.1sp1/nios2eds/bin/gnu/h-i686-mingw32/bin/../lib/gcc/nios2-elf/4.1.2/../../../../nios2-elf/lib\libc.a(lib_a-memset.o)
 .bss           0x00008cac        0x0 c:/altera/12.1sp1/nios2eds/bin/gnu/h-i686-mingw32/bin/../lib/gcc/nios2-elf/4.1.2/../../../../nios2-elf/lib\libc.a(lib_a-stdio.o)
 .bss           0x00008cac        0x0 c:/altera/12.1sp1/nios2eds/bin/gnu/h-i686-mingw32/bin/../lib/gcc/nios2-elf/4.1.2/../../../../nios2-elf/lib\libc.a(lib_a-writer.o)
 .bss           0x00008cac        0x0 c:/altera/12.1sp1/nios2eds/bin/gnu/h-i686-mingw32/bin/../lib/gcc/nios2-elf/4.1.2/../../../../nios2-elf/lib\libc.a(lib_a-closer.o)
 .bss           0x00008cac        0x0 c:/altera/12.1sp1/nios2eds/bin/gnu/h-i686-mingw32/bin/../lib/gcc/nios2-elf/4.1.2/../../../../nios2-elf/lib\libc.a(lib_a-fclose.o)
 .bss           0x00008cac        0x0 c:/altera/12.1sp1/nios2eds/bin/gnu/h-i686-mingw32/bin/../lib/gcc/nios2-elf/4.1.2/../../../../nios2-elf/lib\libc.a(lib_a-fstatr.o)
 .bss           0x00008cac        0x0 c:/altera/12.1sp1/nios2eds/bin/gnu/h-i686-mingw32/bin/../lib/gcc/nios2-elf/4.1.2/../../../../nios2-elf/lib\libc.a(lib_a-isattyr.o)
 .bss           0x00008cac        0x0 c:/altera/12.1sp1/nios2eds/bin/gnu/h-i686-mingw32/bin/../lib/gcc/nios2-elf/4.1.2/../../../../nios2-elf/lib\libc.a(lib_a-lseekr.o)
 .bss           0x00008cac        0x0 c:/altera/12.1sp1/nios2eds/bin/gnu/h-i686-mingw32/bin/../lib/gcc/nios2-elf/4.1.2/../../../../nios2-elf/lib\libc.a(lib_a-readr.o)
 .bss           0x00008cac        0x0 ../ex2_bsp/\libhal_bsp.a(alt_close.o)
 .bss           0x00008cac        0x0 ../ex2_bsp/\libhal_bsp.a(alt_dev.o)
 .bss           0x00008cac        0x0 ../ex2_bsp/\libhal_bsp.a(alt_errno.o)
 .bss           0x00008cac        0x0 ../ex2_bsp/\libhal_bsp.a(alt_fstat.o)
 .bss           0x00008cac        0x0 ../ex2_bsp/\libhal_bsp.a(alt_isatty.o)
 .bss           0x00008cac        0x0 ../ex2_bsp/\libhal_bsp.a(alt_load.o)
 .bss           0x00008cac        0x0 ../ex2_bsp/\libhal_bsp.a(alt_lseek.o)
 .bss           0x00008cac        0x0 ../ex2_bsp/\libhal_bsp.a(alt_main.o)
 .bss           0x00008cac        0x0 ../ex2_bsp/\libhal_bsp.a(alt_malloc_lock.o)
 .bss           0x00008cac        0x0 ../ex2_bsp/\libhal_bsp.a(alt_read.o)
 .bss           0x00008cac        0x0 ../ex2_bsp/\libhal_bsp.a(alt_release_fd.o)
 .bss           0x00008cac        0x0 ../ex2_bsp/\libhal_bsp.a(alt_sbrk.o)
 .bss           0x00008cac        0x0 ../ex2_bsp/\libhal_bsp.a(alt_write.o)
 .bss           0x00008cac        0x0 ../ex2_bsp/\libhal_bsp.a(alt_sys_init.o)
 .bss           0x00008cac        0x0 ../ex2_bsp/\libhal_bsp.a(altera_avalon_jtag_uart_fd.o)
 .bss           0x00008cac        0x0 ../ex2_bsp/\libhal_bsp.a(altera_avalon_jtag_uart_init.o)
 .bss           0x00008cac        0x0 ../ex2_bsp/\libhal_bsp.a(altera_avalon_jtag_uart_ioctl.o)
 .bss           0x00008cac        0x0 ../ex2_bsp/\libhal_bsp.a(altera_avalon_jtag_uart_read.o)
 .bss           0x00008cac        0x0 ../ex2_bsp/\libhal_bsp.a(altera_avalon_jtag_uart_write.o)
 .bss           0x00008cac        0x0 ../ex2_bsp/\libhal_bsp.a(altera_avalon_timer_sc.o)
 .bss           0x00008cac        0x0 ../ex2_bsp/\libhal_bsp.a(alt_alarm_start.o)
 .bss           0x00008cac        0x0 ../ex2_bsp/\libhal_bsp.a(alt_dcache_flush_all.o)
 .bss           0x00008cac        0x0 ../ex2_bsp/\libhal_bsp.a(alt_dev_llist_insert.o)
 .bss           0x00008cac        0x0 ../ex2_bsp/\libhal_bsp.a(alt_do_ctors.o)
 .bss           0x00008cac        0x0 ../ex2_bsp/\libhal_bsp.a(alt_do_dtors.o)
 .bss           0x00008cac        0x0 ../ex2_bsp/\libhal_bsp.a(alt_icache_flush_all.o)
 .bss           0x00008cac        0x0 ../ex2_bsp/\libhal_bsp.a(alt_iic.o)
 .bss           0x00008cac        0x0 ../ex2_bsp/\libhal_bsp.a(alt_iic_isr_register.o)
 .bss           0x00008cac        0x0 ../ex2_bsp/\libhal_bsp.a(alt_io_redirect.o)
 .bss           0x00008cac        0x0 ../ex2_bsp/\libhal_bsp.a(alt_irq_entry.o)
 .bss           0x00008cac        0x0 ../ex2_bsp/\libhal_bsp.a(alt_irq_handler.o)
 .bss           0x00008cac        0x0 ../ex2_bsp/\libhal_bsp.a(alt_irq_vars.o)
 .bss           0x00008cac        0x0 ../ex2_bsp/\libhal_bsp.a(alt_open.o)
 .bss           0x00008cac        0x0 ../ex2_bsp/\libhal_bsp.a(alt_tick.o)
 .bss           0x00008cac        0x0 ../ex2_bsp/\libhal_bsp.a(altera_nios2_qsys_irq.o)
 .bss           0x00008cac        0x0 ../ex2_bsp/\libhal_bsp.a(alt_exception_entry.o)
 .bss           0x00008cac        0x0 ../ex2_bsp/\libhal_bsp.a(alt_find_dev.o)
 .bss           0x00008cac        0x0 ../ex2_bsp/\libhal_bsp.a(alt_find_file.o)
 .bss           0x00008cac        0x0 ../ex2_bsp/\libhal_bsp.a(alt_get_fd.o)
 .bss           0x00008cac        0x0 ../ex2_bsp/\libhal_bsp.a(alt_icache_flush.o)
 .bss           0x00008cac        0x0 c:/altera/12.1sp1/nios2eds/bin/gnu/h-i686-mingw32/bin/../lib/gcc/nios2-elf/4.1.2/../../../../nios2-elf/lib\libc.a(lib_a-atexit.o)
 .bss           0x00008cac        0x0 c:/altera/12.1sp1/nios2eds/bin/gnu/h-i686-mingw32/bin/../lib/gcc/nios2-elf/4.1.2/../../../../nios2-elf/lib\libc.a(lib_a-exit.o)
 .bss           0x00008cac        0x0 c:/altera/12.1sp1/nios2eds/bin/gnu/h-i686-mingw32/bin/../lib/gcc/nios2-elf/4.1.2/../../../../nios2-elf/lib\libc.a(lib_a-memcmp.o)
 .bss           0x00008cac        0x0 c:/altera/12.1sp1/nios2eds/bin/gnu/h-i686-mingw32/bin/../lib/gcc/nios2-elf/4.1.2/../../../../nios2-elf/lib\libc.a(lib_a-__atexit.o)
 .bss           0x00008cac        0x0 c:/altera/12.1sp1/nios2eds/bin/gnu/h-i686-mingw32/bin/../lib/gcc/nios2-elf/4.1.2/../../../../nios2-elf/lib\libc.a(lib_a-__call_atexit.o)
 .bss           0x00008cac        0x0 ../ex2_bsp/\libhal_bsp.a(alt_exit.o)
 *(COMMON)
 COMMON         0x00008cac      0x100 ../ex2_bsp/\libhal_bsp.a(alt_irq_handler.o)
                0x00008cac                alt_irq
 COMMON         0x00008dac      0x190 c:/altera/12.1sp1/nios2eds/bin/gnu/h-i686-mingw32/bin/../lib/gcc/nios2-elf/4.1.2/../../../../nios2-elf/lib\libc.a(lib_a-atexit.o)
                0x00008dac                _atexit0
                0x00008f3c                . = ALIGN (0x4)
                0x00008f3c                __bss_end = ABSOLUTE (.)

.sdram          0x00008f3c        0x0
                0x00008f3c                PROVIDE (_alt_partition_sdram_start, ABSOLUTE (.))
 *(.sdram. sdram.*)
                0x00008f3c                . = ALIGN (0x4)
                0x00008f3c                PROVIDE (_alt_partition_sdram_end, ABSOLUTE (.))
                0x00008f3c                _end = ABSOLUTE (.)
                0x00008f3c                end = ABSOLUTE (.)
                0x00008f3c                __alt_stack_base = ABSOLUTE (.)
                0x00008f3c                PROVIDE (_alt_partition_sdram_load_addr, LOADADDR (.sdram))

.onchip_mem     0x020001b4        0x0 load address 0x00008f3c
                0x020001b4                PROVIDE (_alt_partition_onchip_mem_start, ABSOLUTE (.))
 *(.onchip_mem. onchip_mem.*)
                0x020001b4                . = ALIGN (0x4)
                0x020001b4                PROVIDE (_alt_partition_onchip_mem_end, ABSOLUTE (.))
                0x00008f3c                PROVIDE (_alt_partition_onchip_mem_load_addr, LOADADDR (.onchip_mem))

.stab
 *(.stab)

.stabstr
 *(.stabstr)

.stab.excl
 *(.stab.excl)

.stab.exclstr
 *(.stab.exclstr)

.stab.index
 *(.stab.index)

.stab.indexstr
 *(.stab.indexstr)

.comment        0x00000000       0x26
 *(.comment)
 .comment       0x00000000       0x26 obj/default/ex2.o
                                 0x27 (size before relaxing)
 .comment       0x00000000       0x27 c:/altera/12.1sp1/nios2eds/bin/gnu/h-i686-mingw32/bin/../lib/gcc/nios2-elf/4.1.2/../../../../nios2-elf/lib\libc.a(lib_a-puts.o)
 .comment       0x00000000       0x27 c:/altera/12.1sp1/nios2eds/bin/gnu/h-i686-mingw32/bin/../lib/gcc/nios2-elf/4.1.2/../../../../nios2-elf/lib\libc.a(lib_a-strlen.o)
 .comment       0x00000000       0x27 c:/altera/12.1sp1/nios2eds/bin/gnu/h-i686-mingw32/bin/../lib/gcc/nios2-elf/4.1.2/../../../../nios2-elf/lib\libc.a(lib_a-fvwrite.o)
 .comment       0x00000000       0x27 c:/altera/12.1sp1/nios2eds/bin/gnu/h-i686-mingw32/bin/../lib/gcc/nios2-elf/4.1.2/../../../../nios2-elf/lib\libc.a(lib_a-impure.o)
 .comment       0x00000000       0x27 c:/altera/12.1sp1/nios2eds/bin/gnu/h-i686-mingw32/bin/../lib/gcc/nios2-elf/4.1.2/../../../../nios2-elf/lib\libc.a(lib_a-mallocr.o)
 .comment       0x00000000       0x27 c:/altera/12.1sp1/nios2eds/bin/gnu/h-i686-mingw32/bin/../lib/gcc/nios2-elf/4.1.2/../../../../nios2-elf/lib\libc.a(lib_a-memchr.o)
 .comment       0x00000000       0x27 c:/altera/12.1sp1/nios2eds/bin/gnu/h-i686-mingw32/bin/../lib/gcc/nios2-elf/4.1.2/../../../../nios2-elf/lib\libc.a(lib_a-memcpy.o)
 .comment       0x00000000       0x27 c:/altera/12.1sp1/nios2eds/bin/gnu/h-i686-mingw32/bin/../lib/gcc/nios2-elf/4.1.2/../../../../nios2-elf/lib\libc.a(lib_a-memmove.o)
 .comment       0x00000000       0x27 c:/altera/12.1sp1/nios2eds/bin/gnu/h-i686-mingw32/bin/../lib/gcc/nios2-elf/4.1.2/../../../../nios2-elf/lib\libc.a(lib_a-reallocr.o)
 .comment       0x00000000       0x27 c:/altera/12.1sp1/nios2eds/bin/gnu/h-i686-mingw32/bin/../lib/gcc/nios2-elf/4.1.2/../../../../nios2-elf/lib\libc.a(lib_a-sbrkr.o)
 .comment       0x00000000       0x27 c:/altera/12.1sp1/nios2eds/bin/gnu/h-i686-mingw32/bin/../lib/gcc/nios2-elf/4.1.2/../../../../nios2-elf/lib\libc.a(lib_a-wsetup.o)
 .comment       0x00000000       0x27 c:/altera/12.1sp1/nios2eds/bin/gnu/h-i686-mingw32/bin/../lib/gcc/nios2-elf/4.1.2/../../../../nios2-elf/lib\libc.a(lib_a-fflush.o)
 .comment       0x00000000       0x27 c:/altera/12.1sp1/nios2eds/bin/gnu/h-i686-mingw32/bin/../lib/gcc/nios2-elf/4.1.2/../../../../nios2-elf/lib\libc.a(lib_a-findfp.o)
 .comment       0x00000000       0x27 c:/altera/12.1sp1/nios2eds/bin/gnu/h-i686-mingw32/bin/../lib/gcc/nios2-elf/4.1.2/../../../../nios2-elf/lib\libc.a(lib_a-freer.o)
 .comment       0x00000000       0x27 c:/altera/12.1sp1/nios2eds/bin/gnu/h-i686-mingw32/bin/../lib/gcc/nios2-elf/4.1.2/../../../../nios2-elf/lib\libc.a(lib_a-fwalk.o)
 .comment       0x00000000       0x27 c:/altera/12.1sp1/nios2eds/bin/gnu/h-i686-mingw32/bin/../lib/gcc/nios2-elf/4.1.2/../../../../nios2-elf/lib\libc.a(lib_a-int_errno.o)
 .comment       0x00000000       0x27 c:/altera/12.1sp1/nios2eds/bin/gnu/h-i686-mingw32/bin/../lib/gcc/nios2-elf/4.1.2/../../../../nios2-elf/lib\libc.a(lib_a-makebuf.o)
 .comment       0x00000000       0x27 c:/altera/12.1sp1/nios2eds/bin/gnu/h-i686-mingw32/bin/../lib/gcc/nios2-elf/4.1.2/../../../../nios2-elf/lib\libc.a(lib_a-memset.o)
 .comment       0x00000000       0x27 c:/altera/12.1sp1/nios2eds/bin/gnu/h-i686-mingw32/bin/../lib/gcc/nios2-elf/4.1.2/../../../../nios2-elf/lib\libc.a(lib_a-stdio.o)
 .comment       0x00000000       0x27 c:/altera/12.1sp1/nios2eds/bin/gnu/h-i686-mingw32/bin/../lib/gcc/nios2-elf/4.1.2/../../../../nios2-elf/lib\libc.a(lib_a-writer.o)
 .comment       0x00000000       0x27 c:/altera/12.1sp1/nios2eds/bin/gnu/h-i686-mingw32/bin/../lib/gcc/nios2-elf/4.1.2/../../../../nios2-elf/lib\libc.a(lib_a-closer.o)
 .comment       0x00000000       0x27 c:/altera/12.1sp1/nios2eds/bin/gnu/h-i686-mingw32/bin/../lib/gcc/nios2-elf/4.1.2/../../../../nios2-elf/lib\libc.a(lib_a-fclose.o)
 .comment       0x00000000       0x27 c:/altera/12.1sp1/nios2eds/bin/gnu/h-i686-mingw32/bin/../lib/gcc/nios2-elf/4.1.2/../../../../nios2-elf/lib\libc.a(lib_a-fstatr.o)
 .comment       0x00000000       0x27 c:/altera/12.1sp1/nios2eds/bin/gnu/h-i686-mingw32/bin/../lib/gcc/nios2-elf/4.1.2/../../../../nios2-elf/lib\libc.a(lib_a-isattyr.o)
 .comment       0x00000000       0x27 c:/altera/12.1sp1/nios2eds/bin/gnu/h-i686-mingw32/bin/../lib/gcc/nios2-elf/4.1.2/../../../../nios2-elf/lib\libc.a(lib_a-lseekr.o)
 .comment       0x00000000       0x27 c:/altera/12.1sp1/nios2eds/bin/gnu/h-i686-mingw32/bin/../lib/gcc/nios2-elf/4.1.2/../../../../nios2-elf/lib\libc.a(lib_a-readr.o)
 .comment       0x00000000       0x27 ../ex2_bsp/\libhal_bsp.a(alt_close.o)
 .comment       0x00000000       0x27 ../ex2_bsp/\libhal_bsp.a(alt_dev.o)
 .comment       0x00000000       0x27 ../ex2_bsp/\libhal_bsp.a(alt_errno.o)
 .comment       0x00000000       0x27 ../ex2_bsp/\libhal_bsp.a(alt_fstat.o)
 .comment       0x00000000       0x27 ../ex2_bsp/\libhal_bsp.a(alt_isatty.o)
 .comment       0x00000000       0x27 ../ex2_bsp/\libhal_bsp.a(alt_load.o)
 .comment       0x00000000       0x27 ../ex2_bsp/\libhal_bsp.a(alt_lseek.o)
 .comment       0x00000000       0x27 ../ex2_bsp/\libhal_bsp.a(alt_main.o)
 .comment       0x00000000       0x27 ../ex2_bsp/\libhal_bsp.a(alt_malloc_lock.o)
 .comment       0x00000000       0x27 ../ex2_bsp/\libhal_bsp.a(alt_read.o)
 .comment       0x00000000       0x27 ../ex2_bsp/\libhal_bsp.a(alt_release_fd.o)
 .comment       0x00000000       0x27 ../ex2_bsp/\libhal_bsp.a(alt_sbrk.o)
 .comment       0x00000000       0x27 ../ex2_bsp/\libhal_bsp.a(alt_write.o)
 .comment       0x00000000       0x27 ../ex2_bsp/\libhal_bsp.a(alt_sys_init.o)
 .comment       0x00000000       0x27 ../ex2_bsp/\libhal_bsp.a(altera_avalon_jtag_uart_fd.o)
 .comment       0x00000000       0x27 ../ex2_bsp/\libhal_bsp.a(altera_avalon_jtag_uart_init.o)
 .comment       0x00000000       0x27 ../ex2_bsp/\libhal_bsp.a(altera_avalon_jtag_uart_ioctl.o)
 .comment       0x00000000       0x27 ../ex2_bsp/\libhal_bsp.a(altera_avalon_jtag_uart_read.o)
 .comment       0x00000000       0x27 ../ex2_bsp/\libhal_bsp.a(altera_avalon_jtag_uart_write.o)
 .comment       0x00000000       0x27 ../ex2_bsp/\libhal_bsp.a(altera_avalon_timer_sc.o)
 .comment       0x00000000       0x27 ../ex2_bsp/\libhal_bsp.a(alt_alarm_start.o)
 .comment       0x00000000       0x27 ../ex2_bsp/\libhal_bsp.a(alt_dcache_flush_all.o)
 .comment       0x00000000       0x27 ../ex2_bsp/\libhal_bsp.a(alt_dev_llist_insert.o)
 .comment       0x00000000       0x27 ../ex2_bsp/\libhal_bsp.a(alt_do_ctors.o)
 .comment       0x00000000       0x27 ../ex2_bsp/\libhal_bsp.a(alt_do_dtors.o)
 .comment       0x00000000       0x27 ../ex2_bsp/\libhal_bsp.a(alt_icache_flush_all.o)
 .comment       0x00000000       0x27 ../ex2_bsp/\libhal_bsp.a(alt_iic.o)
 .comment       0x00000000       0x27 ../ex2_bsp/\libhal_bsp.a(alt_iic_isr_register.o)
 .comment       0x00000000       0x27 ../ex2_bsp/\libhal_bsp.a(alt_io_redirect.o)
 .comment       0x00000000       0x27 ../ex2_bsp/\libhal_bsp.a(alt_irq_handler.o)
 .comment       0x00000000       0x27 ../ex2_bsp/\libhal_bsp.a(alt_irq_vars.o)
 .comment       0x00000000       0x27 ../ex2_bsp/\libhal_bsp.a(alt_open.o)
 .comment       0x00000000       0x27 ../ex2_bsp/\libhal_bsp.a(alt_tick.o)
 .comment       0x00000000       0x27 ../ex2_bsp/\libhal_bsp.a(altera_nios2_qsys_irq.o)
 .comment       0x00000000       0x27 ../ex2_bsp/\libhal_bsp.a(alt_find_dev.o)
 .comment       0x00000000       0x27 ../ex2_bsp/\libhal_bsp.a(alt_find_file.o)
 .comment       0x00000000       0x27 ../ex2_bsp/\libhal_bsp.a(alt_get_fd.o)
 .comment       0x00000000       0x27 ../ex2_bsp/\libhal_bsp.a(alt_icache_flush.o)
 .comment       0x00000000       0x27 c:/altera/12.1sp1/nios2eds/bin/gnu/h-i686-mingw32/bin/../lib/gcc/nios2-elf/4.1.2/../../../../nios2-elf/lib\libc.a(lib_a-atexit.o)
 .comment       0x00000000       0x27 c:/altera/12.1sp1/nios2eds/bin/gnu/h-i686-mingw32/bin/../lib/gcc/nios2-elf/4.1.2/../../../../nios2-elf/lib\libc.a(lib_a-exit.o)
 .comment       0x00000000       0x27 c:/altera/12.1sp1/nios2eds/bin/gnu/h-i686-mingw32/bin/../lib/gcc/nios2-elf/4.1.2/../../../../nios2-elf/lib\libc.a(lib_a-memcmp.o)
 .comment       0x00000000       0x27 c:/altera/12.1sp1/nios2eds/bin/gnu/h-i686-mingw32/bin/../lib/gcc/nios2-elf/4.1.2/../../../../nios2-elf/lib\libc.a(lib_a-__atexit.o)
 .comment       0x00000000       0x27 c:/altera/12.1sp1/nios2eds/bin/gnu/h-i686-mingw32/bin/../lib/gcc/nios2-elf/4.1.2/../../../../nios2-elf/lib\libc.a(lib_a-__call_atexit.o)
 .comment       0x00000000       0x27 ../ex2_bsp/\libhal_bsp.a(alt_exit.o)

.debug
 *(.debug)

.line
 *(.line)

.debug_srcinfo
 *(.debug_srcinfo)

.debug_sfnames
 *(.debug_sfnames)

.debug_aranges  0x00000000      0x8f8
 *(.debug_aranges)
 .debug_aranges
                0x00000000       0x28 ../ex2_bsp//obj/HAL/src/crt0.o
 .debug_aranges
                0x00000028       0x20 obj/default/ex2.o
 .debug_aranges
                0x00000048       0x20 c:/altera/12.1sp1/nios2eds/bin/gnu/h-i686-mingw32/bin/../lib/gcc/nios2-elf/4.1.2/../../../../nios2-elf/lib\libc.a(lib_a-puts.o)
 .debug_aranges
                0x00000068       0x20 c:/altera/12.1sp1/nios2eds/bin/gnu/h-i686-mingw32/bin/../lib/gcc/nios2-elf/4.1.2/../../../../nios2-elf/lib\libc.a(lib_a-strlen.o)
 .debug_aranges
                0x00000088       0x20 c:/altera/12.1sp1/nios2eds/bin/gnu/h-i686-mingw32/bin/../lib/gcc/nios2-elf/4.1.2/../../../../nios2-elf/lib\libc.a(lib_a-fvwrite.o)
 .debug_aranges
                0x000000a8       0x20 c:/altera/12.1sp1/nios2eds/bin/gnu/h-i686-mingw32/bin/../lib/gcc/nios2-elf/4.1.2/../../../../nios2-elf/lib\libc.a(lib_a-mallocr.o)
 .debug_aranges
                0x000000c8       0x20 c:/altera/12.1sp1/nios2eds/bin/gnu/h-i686-mingw32/bin/../lib/gcc/nios2-elf/4.1.2/../../../../nios2-elf/lib\libc.a(lib_a-memchr.o)
 .debug_aranges
                0x000000e8       0x20 c:/altera/12.1sp1/nios2eds/bin/gnu/h-i686-mingw32/bin/../lib/gcc/nios2-elf/4.1.2/../../../../nios2-elf/lib\libc.a(lib_a-memcpy.o)
 .debug_aranges
                0x00000108       0x20 c:/altera/12.1sp1/nios2eds/bin/gnu/h-i686-mingw32/bin/../lib/gcc/nios2-elf/4.1.2/../../../../nios2-elf/lib\libc.a(lib_a-memmove.o)
 .debug_aranges
                0x00000128       0x20 c:/altera/12.1sp1/nios2eds/bin/gnu/h-i686-mingw32/bin/../lib/gcc/nios2-elf/4.1.2/../../../../nios2-elf/lib\libc.a(lib_a-reallocr.o)
 .debug_aranges
                0x00000148       0x20 c:/altera/12.1sp1/nios2eds/bin/gnu/h-i686-mingw32/bin/../lib/gcc/nios2-elf/4.1.2/../../../../nios2-elf/lib\libc.a(lib_a-sbrkr.o)
 .debug_aranges
                0x00000168       0x20 c:/altera/12.1sp1/nios2eds/bin/gnu/h-i686-mingw32/bin/../lib/gcc/nios2-elf/4.1.2/../../../../nios2-elf/lib\libc.a(lib_a-wsetup.o)
 .debug_aranges
                0x00000188       0x20 c:/altera/12.1sp1/nios2eds/bin/gnu/h-i686-mingw32/bin/../lib/gcc/nios2-elf/4.1.2/../../../../nios2-elf/lib\libc.a(lib_a-fflush.o)
 .debug_aranges
                0x000001a8       0x20 c:/altera/12.1sp1/nios2eds/bin/gnu/h-i686-mingw32/bin/../lib/gcc/nios2-elf/4.1.2/../../../../nios2-elf/lib\libc.a(lib_a-findfp.o)
 .debug_aranges
                0x000001c8       0x20 c:/altera/12.1sp1/nios2eds/bin/gnu/h-i686-mingw32/bin/../lib/gcc/nios2-elf/4.1.2/../../../../nios2-elf/lib\libc.a(lib_a-freer.o)
 .debug_aranges
                0x000001e8       0x20 c:/altera/12.1sp1/nios2eds/bin/gnu/h-i686-mingw32/bin/../lib/gcc/nios2-elf/4.1.2/../../../../nios2-elf/lib\libc.a(lib_a-fwalk.o)
 .debug_aranges
                0x00000208       0x20 c:/altera/12.1sp1/nios2eds/bin/gnu/h-i686-mingw32/bin/../lib/gcc/nios2-elf/4.1.2/../../../../nios2-elf/lib\libc.a(lib_a-makebuf.o)
 .debug_aranges
                0x00000228       0x20 c:/altera/12.1sp1/nios2eds/bin/gnu/h-i686-mingw32/bin/../lib/gcc/nios2-elf/4.1.2/../../../../nios2-elf/lib\libc.a(lib_a-memset.o)
 .debug_aranges
                0x00000248       0x20 c:/altera/12.1sp1/nios2eds/bin/gnu/h-i686-mingw32/bin/../lib/gcc/nios2-elf/4.1.2/../../../../nios2-elf/lib\libc.a(lib_a-stdio.o)
 .debug_aranges
                0x00000268       0x20 c:/altera/12.1sp1/nios2eds/bin/gnu/h-i686-mingw32/bin/../lib/gcc/nios2-elf/4.1.2/../../../../nios2-elf/lib\libc.a(lib_a-writer.o)
 .debug_aranges
                0x00000288       0x20 c:/altera/12.1sp1/nios2eds/bin/gnu/h-i686-mingw32/bin/../lib/gcc/nios2-elf/4.1.2/../../../../nios2-elf/lib\libc.a(lib_a-closer.o)
 .debug_aranges
                0x000002a8       0x20 c:/altera/12.1sp1/nios2eds/bin/gnu/h-i686-mingw32/bin/../lib/gcc/nios2-elf/4.1.2/../../../../nios2-elf/lib\libc.a(lib_a-fclose.o)
 .debug_aranges
                0x000002c8       0x20 c:/altera/12.1sp1/nios2eds/bin/gnu/h-i686-mingw32/bin/../lib/gcc/nios2-elf/4.1.2/../../../../nios2-elf/lib\libc.a(lib_a-fstatr.o)
 .debug_aranges
                0x000002e8       0x20 c:/altera/12.1sp1/nios2eds/bin/gnu/h-i686-mingw32/bin/../lib/gcc/nios2-elf/4.1.2/../../../../nios2-elf/lib\libc.a(lib_a-isattyr.o)
 .debug_aranges
                0x00000308       0x20 c:/altera/12.1sp1/nios2eds/bin/gnu/h-i686-mingw32/bin/../lib/gcc/nios2-elf/4.1.2/../../../../nios2-elf/lib\libc.a(lib_a-lseekr.o)
 .debug_aranges
                0x00000328       0x20 c:/altera/12.1sp1/nios2eds/bin/gnu/h-i686-mingw32/bin/../lib/gcc/nios2-elf/4.1.2/../../../../nios2-elf/lib\libc.a(lib_a-readr.o)
 .debug_aranges
                0x00000348       0x20 ../ex2_bsp/\libhal_bsp.a(alt_close.o)
 .debug_aranges
                0x00000368       0x20 ../ex2_bsp/\libhal_bsp.a(alt_dev.o)
 .debug_aranges
                0x00000388       0x20 ../ex2_bsp/\libhal_bsp.a(alt_fstat.o)
 .debug_aranges
                0x000003a8       0x20 ../ex2_bsp/\libhal_bsp.a(alt_isatty.o)
 .debug_aranges
                0x000003c8       0x20 ../ex2_bsp/\libhal_bsp.a(alt_load.o)
 .debug_aranges
                0x000003e8       0x20 ../ex2_bsp/\libhal_bsp.a(alt_lseek.o)
 .debug_aranges
                0x00000408       0x20 ../ex2_bsp/\libhal_bsp.a(alt_main.o)
 .debug_aranges
                0x00000428       0x20 ../ex2_bsp/\libhal_bsp.a(alt_malloc_lock.o)
 .debug_aranges
                0x00000448       0x20 ../ex2_bsp/\libhal_bsp.a(alt_read.o)
 .debug_aranges
                0x00000468       0x20 ../ex2_bsp/\libhal_bsp.a(alt_release_fd.o)
 .debug_aranges
                0x00000488       0x20 ../ex2_bsp/\libhal_bsp.a(alt_sbrk.o)
 .debug_aranges
                0x000004a8       0x20 ../ex2_bsp/\libhal_bsp.a(alt_write.o)
 .debug_aranges
                0x000004c8       0x20 ../ex2_bsp/\libhal_bsp.a(alt_sys_init.o)
 .debug_aranges
                0x000004e8       0x20 ../ex2_bsp/\libhal_bsp.a(altera_avalon_jtag_uart_fd.o)
 .debug_aranges
                0x00000508       0x20 ../ex2_bsp/\libhal_bsp.a(altera_avalon_jtag_uart_init.o)
 .debug_aranges
                0x00000528       0x20 ../ex2_bsp/\libhal_bsp.a(altera_avalon_jtag_uart_ioctl.o)
 .debug_aranges
                0x00000548       0x20 ../ex2_bsp/\libhal_bsp.a(altera_avalon_jtag_uart_read.o)
 .debug_aranges
                0x00000568       0x20 ../ex2_bsp/\libhal_bsp.a(altera_avalon_jtag_uart_write.o)
 .debug_aranges
                0x00000588       0x20 ../ex2_bsp/\libhal_bsp.a(altera_avalon_timer_sc.o)
 .debug_aranges
                0x000005a8       0x20 ../ex2_bsp/\libhal_bsp.a(alt_alarm_start.o)
 .debug_aranges
                0x000005c8       0x20 ../ex2_bsp/\libhal_bsp.a(alt_dcache_flush_all.o)
 .debug_aranges
                0x000005e8       0x20 ../ex2_bsp/\libhal_bsp.a(alt_dev_llist_insert.o)
 .debug_aranges
                0x00000608       0x20 ../ex2_bsp/\libhal_bsp.a(alt_do_ctors.o)
 .debug_aranges
                0x00000628       0x20 ../ex2_bsp/\libhal_bsp.a(alt_do_dtors.o)
 .debug_aranges
                0x00000648       0x20 ../ex2_bsp/\libhal_bsp.a(alt_icache_flush_all.o)
 .debug_aranges
                0x00000668       0x20 ../ex2_bsp/\libhal_bsp.a(alt_iic.o)
 .debug_aranges
                0x00000688       0x20 ../ex2_bsp/\libhal_bsp.a(alt_iic_isr_register.o)
 .debug_aranges
                0x000006a8       0x20 ../ex2_bsp/\libhal_bsp.a(alt_io_redirect.o)
 .debug_aranges
                0x000006c8       0x30 ../ex2_bsp/\libhal_bsp.a(alt_irq_entry.o)
 .debug_aranges
                0x000006f8       0x28 ../ex2_bsp/\libhal_bsp.a(alt_irq_handler.o)
 .debug_aranges
                0x00000720       0x20 ../ex2_bsp/\libhal_bsp.a(alt_open.o)
 .debug_aranges
                0x00000740       0x20 ../ex2_bsp/\libhal_bsp.a(alt_tick.o)
 .debug_aranges
                0x00000760       0x20 ../ex2_bsp/\libhal_bsp.a(altera_nios2_qsys_irq.o)
 .debug_aranges
                0x00000780       0x38 ../ex2_bsp/\libhal_bsp.a(alt_exception_entry.o)
 .debug_aranges
                0x000007b8       0x20 ../ex2_bsp/\libhal_bsp.a(alt_find_dev.o)
 .debug_aranges
                0x000007d8       0x20 ../ex2_bsp/\libhal_bsp.a(alt_find_file.o)
 .debug_aranges
                0x000007f8       0x20 ../ex2_bsp/\libhal_bsp.a(alt_get_fd.o)
 .debug_aranges
                0x00000818       0x20 ../ex2_bsp/\libhal_bsp.a(alt_icache_flush.o)
 .debug_aranges
                0x00000838       0x20 c:/altera/12.1sp1/nios2eds/bin/gnu/h-i686-mingw32/bin/../lib/gcc/nios2-elf/4.1.2/../../../../nios2-elf/lib\libc.a(lib_a-atexit.o)
 .debug_aranges
                0x00000858       0x20 c:/altera/12.1sp1/nios2eds/bin/gnu/h-i686-mingw32/bin/../lib/gcc/nios2-elf/4.1.2/../../../../nios2-elf/lib\libc.a(lib_a-exit.o)
 .debug_aranges
                0x00000878       0x20 c:/altera/12.1sp1/nios2eds/bin/gnu/h-i686-mingw32/bin/../lib/gcc/nios2-elf/4.1.2/../../../../nios2-elf/lib\libc.a(lib_a-memcmp.o)
 .debug_aranges
                0x00000898       0x20 c:/altera/12.1sp1/nios2eds/bin/gnu/h-i686-mingw32/bin/../lib/gcc/nios2-elf/4.1.2/../../../../nios2-elf/lib\libc.a(lib_a-__atexit.o)
 .debug_aranges
                0x000008b8       0x20 c:/altera/12.1sp1/nios2eds/bin/gnu/h-i686-mingw32/bin/../lib/gcc/nios2-elf/4.1.2/../../../../nios2-elf/lib\libc.a(lib_a-__call_atexit.o)
 .debug_aranges
                0x000008d8       0x20 ../ex2_bsp/\libhal_bsp.a(alt_exit.o)

.debug_pubnames
                0x00000000      0xd51
 *(.debug_pubnames)
 .debug_pubnames
                0x00000000       0x1b obj/default/ex2.o
 .debug_pubnames
                0x0000001b       0x27 c:/altera/12.1sp1/nios2eds/bin/gnu/h-i686-mingw32/bin/../lib/gcc/nios2-elf/4.1.2/../../../../nios2-elf/lib\libc.a(lib_a-puts.o)
 .debug_pubnames
                0x00000042       0x1d c:/altera/12.1sp1/nios2eds/bin/gnu/h-i686-mingw32/bin/../lib/gcc/nios2-elf/4.1.2/../../../../nios2-elf/lib\libc.a(lib_a-strlen.o)
 .debug_pubnames
                0x0000005f       0x23 c:/altera/12.1sp1/nios2eds/bin/gnu/h-i686-mingw32/bin/../lib/gcc/nios2-elf/4.1.2/../../../../nios2-elf/lib\libc.a(lib_a-fvwrite.o)
 .debug_pubnames
                0x00000082       0x39 c:/altera/12.1sp1/nios2eds/bin/gnu/h-i686-mingw32/bin/../lib/gcc/nios2-elf/4.1.2/../../../../nios2-elf/lib\libc.a(lib_a-impure.o)
 .debug_pubnames
                0x000000bb       0xce c:/altera/12.1sp1/nios2eds/bin/gnu/h-i686-mingw32/bin/../lib/gcc/nios2-elf/4.1.2/../../../../nios2-elf/lib\libc.a(lib_a-mallocr.o)
 .debug_pubnames
                0x00000189       0x1d c:/altera/12.1sp1/nios2eds/bin/gnu/h-i686-mingw32/bin/../lib/gcc/nios2-elf/4.1.2/../../../../nios2-elf/lib\libc.a(lib_a-memchr.o)
 .debug_pubnames
                0x000001a6       0x1d c:/altera/12.1sp1/nios2eds/bin/gnu/h-i686-mingw32/bin/../lib/gcc/nios2-elf/4.1.2/../../../../nios2-elf/lib\libc.a(lib_a-memcpy.o)
 .debug_pubnames
                0x000001c3       0x1e c:/altera/12.1sp1/nios2eds/bin/gnu/h-i686-mingw32/bin/../lib/gcc/nios2-elf/4.1.2/../../../../nios2-elf/lib\libc.a(lib_a-memmove.o)
 .debug_pubnames
                0x000001e1       0x21 c:/altera/12.1sp1/nios2eds/bin/gnu/h-i686-mingw32/bin/../lib/gcc/nios2-elf/4.1.2/../../../../nios2-elf/lib\libc.a(lib_a-reallocr.o)
 .debug_pubnames
                0x00000202       0x1e c:/altera/12.1sp1/nios2eds/bin/gnu/h-i686-mingw32/bin/../lib/gcc/nios2-elf/4.1.2/../../../../nios2-elf/lib\libc.a(lib_a-sbrkr.o)
 .debug_pubnames
                0x00000220       0x22 c:/altera/12.1sp1/nios2eds/bin/gnu/h-i686-mingw32/bin/../lib/gcc/nios2-elf/4.1.2/../../../../nios2-elf/lib\libc.a(lib_a-wsetup.o)
 .debug_pubnames
                0x00000242       0x2b c:/altera/12.1sp1/nios2eds/bin/gnu/h-i686-mingw32/bin/../lib/gcc/nios2-elf/4.1.2/../../../../nios2-elf/lib\libc.a(lib_a-fflush.o)
 .debug_pubnames
                0x0000026d       0xdb c:/altera/12.1sp1/nios2eds/bin/gnu/h-i686-mingw32/bin/../lib/gcc/nios2-elf/4.1.2/../../../../nios2-elf/lib\libc.a(lib_a-findfp.o)
 .debug_pubnames
                0x00000348       0x31 c:/altera/12.1sp1/nios2eds/bin/gnu/h-i686-mingw32/bin/../lib/gcc/nios2-elf/4.1.2/../../../../nios2-elf/lib\libc.a(lib_a-freer.o)
 .debug_pubnames
                0x00000379       0x2e c:/altera/12.1sp1/nios2eds/bin/gnu/h-i686-mingw32/bin/../lib/gcc/nios2-elf/4.1.2/../../../../nios2-elf/lib\libc.a(lib_a-fwalk.o)
 .debug_pubnames
                0x000003a7       0x1c c:/altera/12.1sp1/nios2eds/bin/gnu/h-i686-mingw32/bin/../lib/gcc/nios2-elf/4.1.2/../../../../nios2-elf/lib\libc.a(lib_a-int_errno.o)
 .debug_pubnames
                0x000003c3       0x23 c:/altera/12.1sp1/nios2eds/bin/gnu/h-i686-mingw32/bin/../lib/gcc/nios2-elf/4.1.2/../../../../nios2-elf/lib\libc.a(lib_a-makebuf.o)
 .debug_pubnames
                0x000003e6       0x1d c:/altera/12.1sp1/nios2eds/bin/gnu/h-i686-mingw32/bin/../lib/gcc/nios2-elf/4.1.2/../../../../nios2-elf/lib\libc.a(lib_a-memset.o)
 .debug_pubnames
                0x00000403       0x44 c:/altera/12.1sp1/nios2eds/bin/gnu/h-i686-mingw32/bin/../lib/gcc/nios2-elf/4.1.2/../../../../nios2-elf/lib\libc.a(lib_a-stdio.o)
 .debug_pubnames
                0x00000447       0x1f c:/altera/12.1sp1/nios2eds/bin/gnu/h-i686-mingw32/bin/../lib/gcc/nios2-elf/4.1.2/../../../../nios2-elf/lib\libc.a(lib_a-writer.o)
 .debug_pubnames
                0x00000466       0x1f c:/altera/12.1sp1/nios2eds/bin/gnu/h-i686-mingw32/bin/../lib/gcc/nios2-elf/4.1.2/../../../../nios2-elf/lib\libc.a(lib_a-closer.o)
 .debug_pubnames
                0x00000485       0x2b c:/altera/12.1sp1/nios2eds/bin/gnu/h-i686-mingw32/bin/../lib/gcc/nios2-elf/4.1.2/../../../../nios2-elf/lib\libc.a(lib_a-fclose.o)
 .debug_pubnames
                0x000004b0       0x1f c:/altera/12.1sp1/nios2eds/bin/gnu/h-i686-mingw32/bin/../lib/gcc/nios2-elf/4.1.2/../../../../nios2-elf/lib\libc.a(lib_a-fstatr.o)
 .debug_pubnames
                0x000004cf       0x20 c:/altera/12.1sp1/nios2eds/bin/gnu/h-i686-mingw32/bin/../lib/gcc/nios2-elf/4.1.2/../../../../nios2-elf/lib\libc.a(lib_a-isattyr.o)
 .debug_pubnames
                0x000004ef       0x1f c:/altera/12.1sp1/nios2eds/bin/gnu/h-i686-mingw32/bin/../lib/gcc/nios2-elf/4.1.2/../../../../nios2-elf/lib\libc.a(lib_a-lseekr.o)
 .debug_pubnames
                0x0000050e       0x1e c:/altera/12.1sp1/nios2eds/bin/gnu/h-i686-mingw32/bin/../lib/gcc/nios2-elf/4.1.2/../../../../nios2-elf/lib\libc.a(lib_a-readr.o)
 .debug_pubnames
                0x0000052c       0x1c ../ex2_bsp/\libhal_bsp.a(alt_close.o)
 .debug_pubnames
                0x00000548       0x63 ../ex2_bsp/\libhal_bsp.a(alt_dev.o)
 .debug_pubnames
                0x000005ab       0x20 ../ex2_bsp/\libhal_bsp.a(alt_errno.o)
 .debug_pubnames
                0x000005cb       0x1c ../ex2_bsp/\libhal_bsp.a(alt_fstat.o)
 .debug_pubnames
                0x000005e7       0x1d ../ex2_bsp/\libhal_bsp.a(alt_isatty.o)
 .debug_pubnames
                0x00000604       0x1f ../ex2_bsp/\libhal_bsp.a(alt_load.o)
 .debug_pubnames
                0x00000623       0x1c ../ex2_bsp/\libhal_bsp.a(alt_lseek.o)
 .debug_pubnames
                0x0000063f       0x46 ../ex2_bsp/\libhal_bsp.a(alt_main.o)
 .debug_pubnames
                0x00000685       0x38 ../ex2_bsp/\libhal_bsp.a(alt_malloc_lock.o)
 .debug_pubnames
                0x000006bd       0x1b ../ex2_bsp/\libhal_bsp.a(alt_read.o)
 .debug_pubnames
                0x000006d8       0x25 ../ex2_bsp/\libhal_bsp.a(alt_release_fd.o)
 .debug_pubnames
                0x000006fd       0x1b ../ex2_bsp/\libhal_bsp.a(alt_sbrk.o)
 .debug_pubnames
                0x00000718       0x1c ../ex2_bsp/\libhal_bsp.a(alt_write.o)
 .debug_pubnames
                0x00000734       0x34 ../ex2_bsp/\libhal_bsp.a(alt_sys_init.o)
 .debug_pubnames
                0x00000768       0xa5 ../ex2_bsp/\libhal_bsp.a(altera_avalon_jtag_uart_fd.o)
 .debug_pubnames
                0x0000080d       0x55 ../ex2_bsp/\libhal_bsp.a(altera_avalon_jtag_uart_init.o)
 .debug_pubnames
                0x00000862       0x34 ../ex2_bsp/\libhal_bsp.a(altera_avalon_jtag_uart_ioctl.o)
 .debug_pubnames
                0x00000896       0x33 ../ex2_bsp/\libhal_bsp.a(altera_avalon_jtag_uart_read.o)
 .debug_pubnames
                0x000008c9       0x34 ../ex2_bsp/\libhal_bsp.a(altera_avalon_jtag_uart_write.o)
 .debug_pubnames
                0x000008fd       0x2f ../ex2_bsp/\libhal_bsp.a(altera_avalon_timer_sc.o)
 .debug_pubnames
                0x0000092c       0x26 ../ex2_bsp/\libhal_bsp.a(alt_alarm_start.o)
 .debug_pubnames
                0x00000952       0x2b ../ex2_bsp/\libhal_bsp.a(alt_dcache_flush_all.o)
 .debug_pubnames
                0x0000097d       0x2b ../ex2_bsp/\libhal_bsp.a(alt_dev_llist_insert.o)
 .debug_pubnames
                0x000009a8       0x20 ../ex2_bsp/\libhal_bsp.a(alt_do_ctors.o)
 .debug_pubnames
                0x000009c8       0x20 ../ex2_bsp/\libhal_bsp.a(alt_do_dtors.o)
 .debug_pubnames
                0x000009e8       0x2b ../ex2_bsp/\libhal_bsp.a(alt_icache_flush_all.o)
 .debug_pubnames
                0x00000a13       0x6e ../ex2_bsp/\libhal_bsp.a(alt_iic.o)
 .debug_pubnames
                0x00000a81       0x2b ../ex2_bsp/\libhal_bsp.a(alt_iic_isr_register.o)
 .debug_pubnames
                0x00000aac       0x26 ../ex2_bsp/\libhal_bsp.a(alt_io_redirect.o)
 .debug_pubnames
                0x00000ad2       0x32 ../ex2_bsp/\libhal_bsp.a(alt_irq_handler.o)
 .debug_pubnames
                0x00000b04       0x3b ../ex2_bsp/\libhal_bsp.a(alt_irq_vars.o)
 .debug_pubnames
                0x00000b3f       0x1b ../ex2_bsp/\libhal_bsp.a(alt_open.o)
 .debug_pubnames
                0x00000b5a       0x68 ../ex2_bsp/\libhal_bsp.a(alt_tick.o)
 .debug_pubnames
                0x00000bc2       0x31 ../ex2_bsp/\libhal_bsp.a(altera_nios2_qsys_irq.o)
 .debug_pubnames
                0x00000bf3       0x23 ../ex2_bsp/\libhal_bsp.a(alt_find_dev.o)
 .debug_pubnames
                0x00000c16       0x24 ../ex2_bsp/\libhal_bsp.a(alt_find_file.o)
 .debug_pubnames
                0x00000c3a       0x21 ../ex2_bsp/\libhal_bsp.a(alt_get_fd.o)
 .debug_pubnames
                0x00000c5b       0x27 ../ex2_bsp/\libhal_bsp.a(alt_icache_flush.o)
 .debug_pubnames
                0x00000c82       0x2a c:/altera/12.1sp1/nios2eds/bin/gnu/h-i686-mingw32/bin/../lib/gcc/nios2-elf/4.1.2/../../../../nios2-elf/lib\libc.a(lib_a-atexit.o)
 .debug_pubnames
                0x00000cac       0x1b c:/altera/12.1sp1/nios2eds/bin/gnu/h-i686-mingw32/bin/../lib/gcc/nios2-elf/4.1.2/../../../../nios2-elf/lib\libc.a(lib_a-exit.o)
 .debug_pubnames
                0x00000cc7       0x1d c:/altera/12.1sp1/nios2eds/bin/gnu/h-i686-mingw32/bin/../lib/gcc/nios2-elf/4.1.2/../../../../nios2-elf/lib\libc.a(lib_a-memcmp.o)
 .debug_pubnames
                0x00000ce4       0x2a c:/altera/12.1sp1/nios2eds/bin/gnu/h-i686-mingw32/bin/../lib/gcc/nios2-elf/4.1.2/../../../../nios2-elf/lib\libc.a(lib_a-__atexit.o)
 .debug_pubnames
                0x00000d0e       0x27 c:/altera/12.1sp1/nios2eds/bin/gnu/h-i686-mingw32/bin/../lib/gcc/nios2-elf/4.1.2/../../../../nios2-elf/lib\libc.a(lib_a-__call_atexit.o)
 .debug_pubnames
                0x00000d35       0x1c ../ex2_bsp/\libhal_bsp.a(alt_exit.o)

.debug_info     0x00000000    0x196cb
 *(.debug_info .gnu.linkonce.wi.*)
 .debug_info    0x00000000       0x6e ../ex2_bsp//obj/HAL/src/crt0.o
 .debug_info    0x0000006e      0x143 obj/default/ex2.o
 .debug_info    0x000001b1      0xa25 c:/altera/12.1sp1/nios2eds/bin/gnu/h-i686-mingw32/bin/../lib/gcc/nios2-elf/4.1.2/../../../../nios2-elf/lib\libc.a(lib_a-puts.o)
 .debug_info    0x00000bd6       0xdb c:/altera/12.1sp1/nios2eds/bin/gnu/h-i686-mingw32/bin/../lib/gcc/nios2-elf/4.1.2/../../../../nios2-elf/lib\libc.a(lib_a-strlen.o)
 .debug_info    0x00000cb1      0xa88 c:/altera/12.1sp1/nios2eds/bin/gnu/h-i686-mingw32/bin/../lib/gcc/nios2-elf/4.1.2/../../../../nios2-elf/lib\libc.a(lib_a-fvwrite.o)
 .debug_info    0x00001739      0x93d c:/altera/12.1sp1/nios2eds/bin/gnu/h-i686-mingw32/bin/../lib/gcc/nios2-elf/4.1.2/../../../../nios2-elf/lib\libc.a(lib_a-impure.o)
 .debug_info    0x00002076      0xcd0 c:/altera/12.1sp1/nios2eds/bin/gnu/h-i686-mingw32/bin/../lib/gcc/nios2-elf/4.1.2/../../../../nios2-elf/lib\libc.a(lib_a-mallocr.o)
 .debug_info    0x00002d46      0x138 c:/altera/12.1sp1/nios2eds/bin/gnu/h-i686-mingw32/bin/../lib/gcc/nios2-elf/4.1.2/../../../../nios2-elf/lib\libc.a(lib_a-memchr.o)
 .debug_info    0x00002e7e      0x106 c:/altera/12.1sp1/nios2eds/bin/gnu/h-i686-mingw32/bin/../lib/gcc/nios2-elf/4.1.2/../../../../nios2-elf/lib\libc.a(lib_a-memcpy.o)
 .debug_info    0x00002f84      0x13e c:/altera/12.1sp1/nios2eds/bin/gnu/h-i686-mingw32/bin/../lib/gcc/nios2-elf/4.1.2/../../../../nios2-elf/lib\libc.a(lib_a-memmove.o)
 .debug_info    0x000030c2      0xbd7 c:/altera/12.1sp1/nios2eds/bin/gnu/h-i686-mingw32/bin/../lib/gcc/nios2-elf/4.1.2/../../../../nios2-elf/lib\libc.a(lib_a-reallocr.o)
 .debug_info    0x00003c99      0x962 c:/altera/12.1sp1/nios2eds/bin/gnu/h-i686-mingw32/bin/../lib/gcc/nios2-elf/4.1.2/../../../../nios2-elf/lib\libc.a(lib_a-sbrkr.o)
 .debug_info    0x000045fb      0x95d c:/altera/12.1sp1/nios2eds/bin/gnu/h-i686-mingw32/bin/../lib/gcc/nios2-elf/4.1.2/../../../../nios2-elf/lib\libc.a(lib_a-wsetup.o)
 .debug_info    0x00004f58      0x9fe c:/altera/12.1sp1/nios2eds/bin/gnu/h-i686-mingw32/bin/../lib/gcc/nios2-elf/4.1.2/../../../../nios2-elf/lib\libc.a(lib_a-fflush.o)
 .debug_info    0x00005956      0xb72 c:/altera/12.1sp1/nios2eds/bin/gnu/h-i686-mingw32/bin/../lib/gcc/nios2-elf/4.1.2/../../../../nios2-elf/lib\libc.a(lib_a-findfp.o)
 .debug_info    0x000064c8      0xbc9 c:/altera/12.1sp1/nios2eds/bin/gnu/h-i686-mingw32/bin/../lib/gcc/nios2-elf/4.1.2/../../../../nios2-elf/lib\libc.a(lib_a-freer.o)
 .debug_info    0x00007091      0xaed c:/altera/12.1sp1/nios2eds/bin/gnu/h-i686-mingw32/bin/../lib/gcc/nios2-elf/4.1.2/../../../../nios2-elf/lib\libc.a(lib_a-fwalk.o)
 .debug_info    0x00007b7e       0x8c c:/altera/12.1sp1/nios2eds/bin/gnu/h-i686-mingw32/bin/../lib/gcc/nios2-elf/4.1.2/../../../../nios2-elf/lib\libc.a(lib_a-int_errno.o)
 .debug_info    0x00007c0a      0xb1a c:/altera/12.1sp1/nios2eds/bin/gnu/h-i686-mingw32/bin/../lib/gcc/nios2-elf/4.1.2/../../../../nios2-elf/lib\libc.a(lib_a-makebuf.o)
 .debug_info    0x00008724      0x113 c:/altera/12.1sp1/nios2eds/bin/gnu/h-i686-mingw32/bin/../lib/gcc/nios2-elf/4.1.2/../../../../nios2-elf/lib\libc.a(lib_a-memset.o)
 .debug_info    0x00008837      0xaac c:/altera/12.1sp1/nios2eds/bin/gnu/h-i686-mingw32/bin/../lib/gcc/nios2-elf/4.1.2/../../../../nios2-elf/lib\libc.a(lib_a-stdio.o)
 .debug_info    0x000092e3      0x993 c:/altera/12.1sp1/nios2eds/bin/gnu/h-i686-mingw32/bin/../lib/gcc/nios2-elf/4.1.2/../../../../nios2-elf/lib\libc.a(lib_a-writer.o)
 .debug_info    0x00009c76      0x958 c:/altera/12.1sp1/nios2eds/bin/gnu/h-i686-mingw32/bin/../lib/gcc/nios2-elf/4.1.2/../../../../nios2-elf/lib\libc.a(lib_a-closer.o)
 .debug_info    0x0000a5ce      0x994 c:/altera/12.1sp1/nios2eds/bin/gnu/h-i686-mingw32/bin/../lib/gcc/nios2-elf/4.1.2/../../../../nios2-elf/lib\libc.a(lib_a-fclose.o)
 .debug_info    0x0000af62      0xafc c:/altera/12.1sp1/nios2eds/bin/gnu/h-i686-mingw32/bin/../lib/gcc/nios2-elf/4.1.2/../../../../nios2-elf/lib\libc.a(lib_a-fstatr.o)
 .debug_info    0x0000ba5e      0x958 c:/altera/12.1sp1/nios2eds/bin/gnu/h-i686-mingw32/bin/../lib/gcc/nios2-elf/4.1.2/../../../../nios2-elf/lib\libc.a(lib_a-isattyr.o)
 .debug_info    0x0000c3b6      0x981 c:/altera/12.1sp1/nios2eds/bin/gnu/h-i686-mingw32/bin/../lib/gcc/nios2-elf/4.1.2/../../../../nios2-elf/lib\libc.a(lib_a-lseekr.o)
 .debug_info    0x0000cd37      0x98c c:/altera/12.1sp1/nios2eds/bin/gnu/h-i686-mingw32/bin/../lib/gcc/nios2-elf/4.1.2/../../../../nios2-elf/lib\libc.a(lib_a-readr.o)
 .debug_info    0x0000d6c3      0x45a ../ex2_bsp/\libhal_bsp.a(alt_close.o)
 .debug_info    0x0000db1d      0x672 ../ex2_bsp/\libhal_bsp.a(alt_dev.o)
 .debug_info    0x0000e18f      0x157 ../ex2_bsp/\libhal_bsp.a(alt_errno.o)
 .debug_info    0x0000e2e6      0x653 ../ex2_bsp/\libhal_bsp.a(alt_fstat.o)
 .debug_info    0x0000e939      0x659 ../ex2_bsp/\libhal_bsp.a(alt_isatty.o)
 .debug_info    0x0000ef92      0x280 ../ex2_bsp/\libhal_bsp.a(alt_load.o)
 .debug_info    0x0000f212      0x48d ../ex2_bsp/\libhal_bsp.a(alt_lseek.o)
 .debug_info    0x0000f69f      0x218 ../ex2_bsp/\libhal_bsp.a(alt_main.o)
 .debug_info    0x0000f8b7      0xc0b ../ex2_bsp/\libhal_bsp.a(alt_malloc_lock.o)
 .debug_info    0x000104c2      0x67d ../ex2_bsp/\libhal_bsp.a(alt_read.o)
 .debug_info    0x00010b3f      0x3e5 ../ex2_bsp/\libhal_bsp.a(alt_release_fd.o)
 .debug_info    0x00010f24      0x2aa ../ex2_bsp/\libhal_bsp.a(alt_sbrk.o)
 .debug_info    0x000111ce      0x686 ../ex2_bsp/\libhal_bsp.a(alt_write.o)
 .debug_info    0x00011854      0x715 ../ex2_bsp/\libhal_bsp.a(alt_sys_init.o)
 .debug_info    0x00011f69      0x7cc ../ex2_bsp/\libhal_bsp.a(altera_avalon_jtag_uart_fd.o)
 .debug_info    0x00012735      0x5f4 ../ex2_bsp/\libhal_bsp.a(altera_avalon_jtag_uart_init.o)
 .debug_info    0x00012d29      0x436 ../ex2_bsp/\libhal_bsp.a(altera_avalon_jtag_uart_ioctl.o)
 .debug_info    0x0001315f      0x539 ../ex2_bsp/\libhal_bsp.a(altera_avalon_jtag_uart_read.o)
 .debug_info    0x00013698      0x531 ../ex2_bsp/\libhal_bsp.a(altera_avalon_jtag_uart_write.o)
 .debug_info    0x00013bc9      0x37e ../ex2_bsp/\libhal_bsp.a(altera_avalon_timer_sc.o)
 .debug_info    0x00013f47      0x435 ../ex2_bsp/\libhal_bsp.a(alt_alarm_start.o)
 .debug_info    0x0001437c      0x14f ../ex2_bsp/\libhal_bsp.a(alt_dcache_flush_all.o)
 .debug_info    0x000144cb      0x2aa ../ex2_bsp/\libhal_bsp.a(alt_dev_llist_insert.o)
 .debug_info    0x00014775      0x102 ../ex2_bsp/\libhal_bsp.a(alt_do_ctors.o)
 .debug_info    0x00014877      0x101 ../ex2_bsp/\libhal_bsp.a(alt_do_dtors.o)
 .debug_info    0x00014978      0x14f ../ex2_bsp/\libhal_bsp.a(alt_icache_flush_all.o)
 .debug_info    0x00014ac7      0x486 ../ex2_bsp/\libhal_bsp.a(alt_iic.o)
 .debug_info    0x00014f4d      0x307 ../ex2_bsp/\libhal_bsp.a(alt_iic_isr_register.o)
 .debug_info    0x00015254      0x688 ../ex2_bsp/\libhal_bsp.a(alt_io_redirect.o)
 .debug_info    0x000158dc       0x77 ../ex2_bsp/\libhal_bsp.a(alt_irq_entry.o)
 .debug_info    0x00015953      0x268 ../ex2_bsp/\libhal_bsp.a(alt_irq_handler.o)
 .debug_info    0x00015bbb      0x15a ../ex2_bsp/\libhal_bsp.a(alt_irq_vars.o)
 .debug_info    0x00015d15      0x518 ../ex2_bsp/\libhal_bsp.a(alt_open.o)
 .debug_info    0x0001622d      0x3f1 ../ex2_bsp/\libhal_bsp.a(alt_tick.o)
 .debug_info    0x0001661e      0x156 ../ex2_bsp/\libhal_bsp.a(altera_nios2_qsys_irq.o)
 .debug_info    0x00016774       0x7d ../ex2_bsp/\libhal_bsp.a(alt_exception_entry.o)
 .debug_info    0x000167f1      0x40b ../ex2_bsp/\libhal_bsp.a(alt_find_dev.o)
 .debug_info    0x00016bfc      0x412 ../ex2_bsp/\libhal_bsp.a(alt_find_file.o)
 .debug_info    0x0001700e      0x453 ../ex2_bsp/\libhal_bsp.a(alt_get_fd.o)
 .debug_info    0x00017461      0x197 ../ex2_bsp/\libhal_bsp.a(alt_icache_flush.o)
 .debug_info    0x000175f8      0x181 c:/altera/12.1sp1/nios2eds/bin/gnu/h-i686-mingw32/bin/../lib/gcc/nios2-elf/4.1.2/../../../../nios2-elf/lib\libc.a(lib_a-atexit.o)
 .debug_info    0x00017779      0x93f c:/altera/12.1sp1/nios2eds/bin/gnu/h-i686-mingw32/bin/../lib/gcc/nios2-elf/4.1.2/../../../../nios2-elf/lib\libc.a(lib_a-exit.o)
 .debug_info    0x000180b8      0x115 c:/altera/12.1sp1/nios2eds/bin/gnu/h-i686-mingw32/bin/../lib/gcc/nios2-elf/4.1.2/../../../../nios2-elf/lib\libc.a(lib_a-memcmp.o)
 .debug_info    0x000181cd      0x99c c:/altera/12.1sp1/nios2eds/bin/gnu/h-i686-mingw32/bin/../lib/gcc/nios2-elf/4.1.2/../../../../nios2-elf/lib\libc.a(lib_a-__atexit.o)
 .debug_info    0x00018b69      0x9e2 c:/altera/12.1sp1/nios2eds/bin/gnu/h-i686-mingw32/bin/../lib/gcc/nios2-elf/4.1.2/../../../../nios2-elf/lib\libc.a(lib_a-__call_atexit.o)
 .debug_info    0x0001954b      0x180 ../ex2_bsp/\libhal_bsp.a(alt_exit.o)

.debug_abbrev   0x00000000     0x4f11
 *(.debug_abbrev)
 .debug_abbrev  0x00000000       0x12 ../ex2_bsp//obj/HAL/src/crt0.o
 .debug_abbrev  0x00000012       0x4e obj/default/ex2.o
 .debug_abbrev  0x00000060      0x1ac c:/altera/12.1sp1/nios2eds/bin/gnu/h-i686-mingw32/bin/../lib/gcc/nios2-elf/4.1.2/../../../../nios2-elf/lib\libc.a(lib_a-puts.o)
 .debug_abbrev  0x0000020c       0x8b c:/altera/12.1sp1/nios2eds/bin/gnu/h-i686-mingw32/bin/../lib/gcc/nios2-elf/4.1.2/../../../../nios2-elf/lib\libc.a(lib_a-strlen.o)
 .debug_abbrev  0x00000297      0x1a3 c:/altera/12.1sp1/nios2eds/bin/gnu/h-i686-mingw32/bin/../lib/gcc/nios2-elf/4.1.2/../../../../nios2-elf/lib\libc.a(lib_a-fvwrite.o)
 .debug_abbrev  0x0000043a      0x157 c:/altera/12.1sp1/nios2eds/bin/gnu/h-i686-mingw32/bin/../lib/gcc/nios2-elf/4.1.2/../../../../nios2-elf/lib\libc.a(lib_a-impure.o)
 .debug_abbrev  0x00000591      0x216 c:/altera/12.1sp1/nios2eds/bin/gnu/h-i686-mingw32/bin/../lib/gcc/nios2-elf/4.1.2/../../../../nios2-elf/lib\libc.a(lib_a-mallocr.o)
 .debug_abbrev  0x000007a7       0xb5 c:/altera/12.1sp1/nios2eds/bin/gnu/h-i686-mingw32/bin/../lib/gcc/nios2-elf/4.1.2/../../../../nios2-elf/lib\libc.a(lib_a-memchr.o)
 .debug_abbrev  0x0000085c       0xb5 c:/altera/12.1sp1/nios2eds/bin/gnu/h-i686-mingw32/bin/../lib/gcc/nios2-elf/4.1.2/../../../../nios2-elf/lib\libc.a(lib_a-memcpy.o)
 .debug_abbrev  0x00000911       0xb5 c:/altera/12.1sp1/nios2eds/bin/gnu/h-i686-mingw32/bin/../lib/gcc/nios2-elf/4.1.2/../../../../nios2-elf/lib\libc.a(lib_a-memmove.o)
 .debug_abbrev  0x000009c6      0x1c3 c:/altera/12.1sp1/nios2eds/bin/gnu/h-i686-mingw32/bin/../lib/gcc/nios2-elf/4.1.2/../../../../nios2-elf/lib\libc.a(lib_a-reallocr.o)
 .debug_abbrev  0x00000b89      0x18c c:/altera/12.1sp1/nios2eds/bin/gnu/h-i686-mingw32/bin/../lib/gcc/nios2-elf/4.1.2/../../../../nios2-elf/lib\libc.a(lib_a-sbrkr.o)
 .debug_abbrev  0x00000d15      0x170 c:/altera/12.1sp1/nios2eds/bin/gnu/h-i686-mingw32/bin/../lib/gcc/nios2-elf/4.1.2/../../../../nios2-elf/lib\libc.a(lib_a-wsetup.o)
 .debug_abbrev  0x00000e85      0x1c6 c:/altera/12.1sp1/nios2eds/bin/gnu/h-i686-mingw32/bin/../lib/gcc/nios2-elf/4.1.2/../../../../nios2-elf/lib\libc.a(lib_a-fflush.o)
 .debug_abbrev  0x0000104b      0x24c c:/altera/12.1sp1/nios2eds/bin/gnu/h-i686-mingw32/bin/../lib/gcc/nios2-elf/4.1.2/../../../../nios2-elf/lib\libc.a(lib_a-findfp.o)
 .debug_abbrev  0x00001297      0x1d9 c:/altera/12.1sp1/nios2eds/bin/gnu/h-i686-mingw32/bin/../lib/gcc/nios2-elf/4.1.2/../../../../nios2-elf/lib\libc.a(lib_a-freer.o)
 .debug_abbrev  0x00001470      0x1e3 c:/altera/12.1sp1/nios2eds/bin/gnu/h-i686-mingw32/bin/../lib/gcc/nios2-elf/4.1.2/../../../../nios2-elf/lib\libc.a(lib_a-fwalk.o)
 .debug_abbrev  0x00001653       0x3b c:/altera/12.1sp1/nios2eds/bin/gnu/h-i686-mingw32/bin/../lib/gcc/nios2-elf/4.1.2/../../../../nios2-elf/lib\libc.a(lib_a-int_errno.o)
 .debug_abbrev  0x0000168e      0x197 c:/altera/12.1sp1/nios2eds/bin/gnu/h-i686-mingw32/bin/../lib/gcc/nios2-elf/4.1.2/../../../../nios2-elf/lib\libc.a(lib_a-makebuf.o)
 .debug_abbrev  0x00001825       0xb8 c:/altera/12.1sp1/nios2eds/bin/gnu/h-i686-mingw32/bin/../lib/gcc/nios2-elf/4.1.2/../../../../nios2-elf/lib\libc.a(lib_a-memset.o)
 .debug_abbrev  0x000018dd      0x1c9 c:/altera/12.1sp1/nios2eds/bin/gnu/h-i686-mingw32/bin/../lib/gcc/nios2-elf/4.1.2/../../../../nios2-elf/lib\libc.a(lib_a-stdio.o)
 .debug_abbrev  0x00001aa6      0x184 c:/altera/12.1sp1/nios2eds/bin/gnu/h-i686-mingw32/bin/../lib/gcc/nios2-elf/4.1.2/../../../../nios2-elf/lib\libc.a(lib_a-writer.o)
 .debug_abbrev  0x00001c2a      0x17f c:/altera/12.1sp1/nios2eds/bin/gnu/h-i686-mingw32/bin/../lib/gcc/nios2-elf/4.1.2/../../../../nios2-elf/lib\libc.a(lib_a-closer.o)
 .debug_abbrev  0x00001da9      0x1a7 c:/altera/12.1sp1/nios2eds/bin/gnu/h-i686-mingw32/bin/../lib/gcc/nios2-elf/4.1.2/../../../../nios2-elf/lib\libc.a(lib_a-fclose.o)
 .debug_abbrev  0x00001f50      0x18e c:/altera/12.1sp1/nios2eds/bin/gnu/h-i686-mingw32/bin/../lib/gcc/nios2-elf/4.1.2/../../../../nios2-elf/lib\libc.a(lib_a-fstatr.o)
 .debug_abbrev  0x000020de      0x17f c:/altera/12.1sp1/nios2eds/bin/gnu/h-i686-mingw32/bin/../lib/gcc/nios2-elf/4.1.2/../../../../nios2-elf/lib\libc.a(lib_a-isattyr.o)
 .debug_abbrev  0x0000225d      0x18e c:/altera/12.1sp1/nios2eds/bin/gnu/h-i686-mingw32/bin/../lib/gcc/nios2-elf/4.1.2/../../../../nios2-elf/lib\libc.a(lib_a-lseekr.o)
 .debug_abbrev  0x000023eb      0x17f c:/altera/12.1sp1/nios2eds/bin/gnu/h-i686-mingw32/bin/../lib/gcc/nios2-elf/4.1.2/../../../../nios2-elf/lib\libc.a(lib_a-readr.o)
 .debug_abbrev  0x0000256a       0xfb ../ex2_bsp/\libhal_bsp.a(alt_close.o)
 .debug_abbrev  0x00002665       0xc7 ../ex2_bsp/\libhal_bsp.a(alt_dev.o)
 .debug_abbrev  0x0000272c       0x5e ../ex2_bsp/\libhal_bsp.a(alt_errno.o)
 .debug_abbrev  0x0000278a       0xfb ../ex2_bsp/\libhal_bsp.a(alt_fstat.o)
 .debug_abbrev  0x00002885       0xfb ../ex2_bsp/\libhal_bsp.a(alt_isatty.o)
 .debug_abbrev  0x00002980       0x88 ../ex2_bsp/\libhal_bsp.a(alt_load.o)
 .debug_abbrev  0x00002a08       0xfb ../ex2_bsp/\libhal_bsp.a(alt_lseek.o)
 .debug_abbrev  0x00002b03       0xb7 ../ex2_bsp/\libhal_bsp.a(alt_main.o)
 .debug_abbrev  0x00002bba      0x181 ../ex2_bsp/\libhal_bsp.a(alt_malloc_lock.o)
 .debug_abbrev  0x00002d3b       0xfb ../ex2_bsp/\libhal_bsp.a(alt_read.o)
 .debug_abbrev  0x00002e36       0xc1 ../ex2_bsp/\libhal_bsp.a(alt_release_fd.o)
 .debug_abbrev  0x00002ef7      0x115 ../ex2_bsp/\libhal_bsp.a(alt_sbrk.o)
 .debug_abbrev  0x0000300c      0x100 ../ex2_bsp/\libhal_bsp.a(alt_write.o)
 .debug_abbrev  0x0000310c      0x142 ../ex2_bsp/\libhal_bsp.a(alt_sys_init.o)
 .debug_abbrev  0x0000324e       0xf7 ../ex2_bsp/\libhal_bsp.a(altera_avalon_jtag_uart_fd.o)
 .debug_abbrev  0x00003345      0x17c ../ex2_bsp/\libhal_bsp.a(altera_avalon_jtag_uart_init.o)
 .debug_abbrev  0x000034c1       0xf0 ../ex2_bsp/\libhal_bsp.a(altera_avalon_jtag_uart_ioctl.o)
 .debug_abbrev  0x000035b1      0x191 ../ex2_bsp/\libhal_bsp.a(altera_avalon_jtag_uart_read.o)
 .debug_abbrev  0x00003742      0x18d ../ex2_bsp/\libhal_bsp.a(altera_avalon_jtag_uart_write.o)
 .debug_abbrev  0x000038cf      0x137 ../ex2_bsp/\libhal_bsp.a(altera_avalon_timer_sc.o)
 .debug_abbrev  0x00003a06      0x172 ../ex2_bsp/\libhal_bsp.a(alt_alarm_start.o)
 .debug_abbrev  0x00003b78       0x3f ../ex2_bsp/\libhal_bsp.a(alt_dcache_flush_all.o)
 .debug_abbrev  0x00003bb7       0xf6 ../ex2_bsp/\libhal_bsp.a(alt_dev_llist_insert.o)
 .debug_abbrev  0x00003cad       0x76 ../ex2_bsp/\libhal_bsp.a(alt_do_ctors.o)
 .debug_abbrev  0x00003d23       0x76 ../ex2_bsp/\libhal_bsp.a(alt_do_dtors.o)
 .debug_abbrev  0x00003d99       0x3f ../ex2_bsp/\libhal_bsp.a(alt_icache_flush_all.o)
 .debug_abbrev  0x00003dd8      0x134 ../ex2_bsp/\libhal_bsp.a(alt_iic.o)
 .debug_abbrev  0x00003f0c      0x14e ../ex2_bsp/\libhal_bsp.a(alt_iic_isr_register.o)
 .debug_abbrev  0x0000405a       0xf0 ../ex2_bsp/\libhal_bsp.a(alt_io_redirect.o)
 .debug_abbrev  0x0000414a       0x12 ../ex2_bsp/\libhal_bsp.a(alt_irq_entry.o)
 .debug_abbrev  0x0000415c      0x10c ../ex2_bsp/\libhal_bsp.a(alt_irq_handler.o)
 .debug_abbrev  0x00004268       0x44 ../ex2_bsp/\libhal_bsp.a(alt_irq_vars.o)
 .debug_abbrev  0x000042ac      0x112 ../ex2_bsp/\libhal_bsp.a(alt_open.o)
 .debug_abbrev  0x000043be      0x150 ../ex2_bsp/\libhal_bsp.a(alt_tick.o)
 .debug_abbrev  0x0000450e       0x3f ../ex2_bsp/\libhal_bsp.a(altera_nios2_qsys_irq.o)
 .debug_abbrev  0x0000454d       0x12 ../ex2_bsp/\libhal_bsp.a(alt_exception_entry.o)
 .debug_abbrev  0x0000455f       0xcf ../ex2_bsp/\libhal_bsp.a(alt_find_dev.o)
 .debug_abbrev  0x0000462e       0xcf ../ex2_bsp/\libhal_bsp.a(alt_find_file.o)
 .debug_abbrev  0x000046fd       0xfb ../ex2_bsp/\libhal_bsp.a(alt_get_fd.o)
 .debug_abbrev  0x000047f8       0x7a ../ex2_bsp/\libhal_bsp.a(alt_icache_flush.o)
 .debug_abbrev  0x00004872       0xb7 c:/altera/12.1sp1/nios2eds/bin/gnu/h-i686-mingw32/bin/../lib/gcc/nios2-elf/4.1.2/../../../../nios2-elf/lib\libc.a(lib_a-atexit.o)
 .debug_abbrev  0x00004929      0x16e c:/altera/12.1sp1/nios2eds/bin/gnu/h-i686-mingw32/bin/../lib/gcc/nios2-elf/4.1.2/../../../../nios2-elf/lib\libc.a(lib_a-exit.o)
 .debug_abbrev  0x00004a97       0x7c c:/altera/12.1sp1/nios2eds/bin/gnu/h-i686-mingw32/bin/../lib/gcc/nios2-elf/4.1.2/../../../../nios2-elf/lib\libc.a(lib_a-memcmp.o)
 .debug_abbrev  0x00004b13      0x1ae c:/altera/12.1sp1/nios2eds/bin/gnu/h-i686-mingw32/bin/../lib/gcc/nios2-elf/4.1.2/../../../../nios2-elf/lib\libc.a(lib_a-__atexit.o)
 .debug_abbrev  0x00004cc1      0x1de c:/altera/12.1sp1/nios2eds/bin/gnu/h-i686-mingw32/bin/../lib/gcc/nios2-elf/4.1.2/../../../../nios2-elf/lib\libc.a(lib_a-__call_atexit.o)
 .debug_abbrev  0x00004e9f       0x72 ../ex2_bsp/\libhal_bsp.a(alt_exit.o)

.debug_line     0x00000000     0xc874
 *(.debug_line)
 .debug_line    0x00000000       0x6c ../ex2_bsp//obj/HAL/src/crt0.o
 .debug_line    0x0000006c      0x24d obj/default/ex2.o
 .debug_line    0x000002b9      0x2f7 c:/altera/12.1sp1/nios2eds/bin/gnu/h-i686-mingw32/bin/../lib/gcc/nios2-elf/4.1.2/../../../../nios2-elf/lib\libc.a(lib_a-puts.o)
 .debug_line    0x000005b0      0x26d c:/altera/12.1sp1/nios2eds/bin/gnu/h-i686-mingw32/bin/../lib/gcc/nios2-elf/4.1.2/../../../../nios2-elf/lib\libc.a(lib_a-strlen.o)
 .debug_line    0x0000081d      0x641 c:/altera/12.1sp1/nios2eds/bin/gnu/h-i686-mingw32/bin/../lib/gcc/nios2-elf/4.1.2/../../../../nios2-elf/lib\libc.a(lib_a-fvwrite.o)
 .debug_line    0x00000e5e      0x22d c:/altera/12.1sp1/nios2eds/bin/gnu/h-i686-mingw32/bin/../lib/gcc/nios2-elf/4.1.2/../../../../nios2-elf/lib\libc.a(lib_a-impure.o)
 .debug_line    0x0000108b      0x80a c:/altera/12.1sp1/nios2eds/bin/gnu/h-i686-mingw32/bin/../lib/gcc/nios2-elf/4.1.2/../../../../nios2-elf/lib\libc.a(lib_a-mallocr.o)
 .debug_line    0x00001895      0x303 c:/altera/12.1sp1/nios2eds/bin/gnu/h-i686-mingw32/bin/../lib/gcc/nios2-elf/4.1.2/../../../../nios2-elf/lib\libc.a(lib_a-memchr.o)
 .debug_line    0x00001b98      0x1ac c:/altera/12.1sp1/nios2eds/bin/gnu/h-i686-mingw32/bin/../lib/gcc/nios2-elf/4.1.2/../../../../nios2-elf/lib\libc.a(lib_a-memcpy.o)
 .debug_line    0x00001d44      0x30a c:/altera/12.1sp1/nios2eds/bin/gnu/h-i686-mingw32/bin/../lib/gcc/nios2-elf/4.1.2/../../../../nios2-elf/lib\libc.a(lib_a-memmove.o)
 .debug_line    0x0000204e      0x58a c:/altera/12.1sp1/nios2eds/bin/gnu/h-i686-mingw32/bin/../lib/gcc/nios2-elf/4.1.2/../../../../nios2-elf/lib\libc.a(lib_a-reallocr.o)
 .debug_line    0x000025d8      0x299 c:/altera/12.1sp1/nios2eds/bin/gnu/h-i686-mingw32/bin/../lib/gcc/nios2-elf/4.1.2/../../../../nios2-elf/lib\libc.a(lib_a-sbrkr.o)
 .debug_line    0x00002871      0x2f0 c:/altera/12.1sp1/nios2eds/bin/gnu/h-i686-mingw32/bin/../lib/gcc/nios2-elf/4.1.2/../../../../nios2-elf/lib\libc.a(lib_a-wsetup.o)
 .debug_line    0x00002b61      0x40d c:/altera/12.1sp1/nios2eds/bin/gnu/h-i686-mingw32/bin/../lib/gcc/nios2-elf/4.1.2/../../../../nios2-elf/lib\libc.a(lib_a-fflush.o)
 .debug_line    0x00002f6e      0x601 c:/altera/12.1sp1/nios2eds/bin/gnu/h-i686-mingw32/bin/../lib/gcc/nios2-elf/4.1.2/../../../../nios2-elf/lib\libc.a(lib_a-findfp.o)
 .debug_line    0x0000356f      0x5eb c:/altera/12.1sp1/nios2eds/bin/gnu/h-i686-mingw32/bin/../lib/gcc/nios2-elf/4.1.2/../../../../nios2-elf/lib\libc.a(lib_a-freer.o)
 .debug_line    0x00003b5a      0x34a c:/altera/12.1sp1/nios2eds/bin/gnu/h-i686-mingw32/bin/../lib/gcc/nios2-elf/4.1.2/../../../../nios2-elf/lib\libc.a(lib_a-fwalk.o)
 .debug_line    0x00003ea4      0x1df c:/altera/12.1sp1/nios2eds/bin/gnu/h-i686-mingw32/bin/../lib/gcc/nios2-elf/4.1.2/../../../../nios2-elf/lib\libc.a(lib_a-int_errno.o)
 .debug_line    0x00004083      0x3c3 c:/altera/12.1sp1/nios2eds/bin/gnu/h-i686-mingw32/bin/../lib/gcc/nios2-elf/4.1.2/../../../../nios2-elf/lib\libc.a(lib_a-makebuf.o)
 .debug_line    0x00004446      0x301 c:/altera/12.1sp1/nios2eds/bin/gnu/h-i686-mingw32/bin/../lib/gcc/nios2-elf/4.1.2/../../../../nios2-elf/lib\libc.a(lib_a-memset.o)
 .debug_line    0x00004747      0x38c c:/altera/12.1sp1/nios2eds/bin/gnu/h-i686-mingw32/bin/../lib/gcc/nios2-elf/4.1.2/../../../../nios2-elf/lib\libc.a(lib_a-stdio.o)